Archive member included to satisfy reference by file (symbol)

/Users/danh/Documents/LPCXpresso_8.2.2/workspace/lpc_board_nxp_lpcxpresso_1549/Debug/liblpc_board_nxp_lpcxpresso_1549.a(board.o)
                              ./src/lab5_1.o (Board_UARTPutChar)
/Users/danh/Documents/LPCXpresso_8.2.2/workspace/lpc_board_nxp_lpcxpresso_1549/Debug/liblpc_board_nxp_lpcxpresso_1549.a(board_sysinit.o)
                              ./src/sysinit.o (Board_SystemInit)
/Users/danh/Documents/LPCXpresso_8.2.2/workspace/lpc_chip_15xx/Debug/liblpc_chip_15xx.a(chip_15xx.o)
                              ./freertos/src/port.o (SystemCoreClock)
/Users/danh/Documents/LPCXpresso_8.2.2/workspace/lpc_chip_15xx/Debug/liblpc_chip_15xx.a(clock_15xx.o)
                              /Users/danh/Documents/LPCXpresso_8.2.2/workspace/lpc_board_nxp_lpcxpresso_1549/Debug/liblpc_board_nxp_lpcxpresso_1549.a(board.o) (Chip_Clock_GetMainClockRate)
/Users/danh/Documents/LPCXpresso_8.2.2/workspace/lpc_chip_15xx/Debug/liblpc_chip_15xx.a(gpio_15xx.o)
                              /Users/danh/Documents/LPCXpresso_8.2.2/workspace/lpc_board_nxp_lpcxpresso_1549/Debug/liblpc_board_nxp_lpcxpresso_1549.a(board.o) (Chip_GPIO_Init)
/Users/danh/Documents/LPCXpresso_8.2.2/workspace/lpc_chip_15xx/Debug/liblpc_chip_15xx.a(iocon_15xx.o)
                              /Users/danh/Documents/LPCXpresso_8.2.2/workspace/lpc_board_nxp_lpcxpresso_1549/Debug/liblpc_board_nxp_lpcxpresso_1549.a(board_sysinit.o) (Chip_IOCON_SetPinMuxing)
/Users/danh/Documents/LPCXpresso_8.2.2/workspace/lpc_chip_15xx/Debug/liblpc_chip_15xx.a(ritimer_15xx.o)
                              ./src/lab5_1.o (Chip_RIT_SetCTRL)
/Users/danh/Documents/LPCXpresso_8.2.2/workspace/lpc_chip_15xx/Debug/liblpc_chip_15xx.a(swm_15xx.o)
                              /Users/danh/Documents/LPCXpresso_8.2.2/workspace/lpc_board_nxp_lpcxpresso_1549/Debug/liblpc_board_nxp_lpcxpresso_1549.a(board.o) (Chip_SWM_MovablePinAssign)
/Users/danh/Documents/LPCXpresso_8.2.2/workspace/lpc_chip_15xx/Debug/liblpc_chip_15xx.a(sysctl_15xx.o)
                              /Users/danh/Documents/LPCXpresso_8.2.2/workspace/lpc_board_nxp_lpcxpresso_1549/Debug/liblpc_board_nxp_lpcxpresso_1549.a(board_sysinit.o) (Chip_SYSCTL_AssertPeriphReset)
/Users/danh/Documents/LPCXpresso_8.2.2/workspace/lpc_chip_15xx/Debug/liblpc_chip_15xx.a(sysinit_15xx.o)
                              /Users/danh/Documents/LPCXpresso_8.2.2/workspace/lpc_board_nxp_lpcxpresso_1549/Debug/liblpc_board_nxp_lpcxpresso_1549.a(board_sysinit.o) (Chip_SetupXtalClocking)
/Users/danh/Documents/LPCXpresso_8.2.2/workspace/lpc_chip_15xx/Debug/liblpc_chip_15xx.a(uart_15xx.o)
                              /Users/danh/Documents/LPCXpresso_8.2.2/workspace/lpc_board_nxp_lpcxpresso_1549/Debug/liblpc_board_nxp_lpcxpresso_1549.a(board.o) (Chip_UART_Init)
/Users/danh/Documents/LPCXpresso_8.2.2/workspace/lpc_chip_15xx/Debug/liblpc_chip_15xx.a(ring_buffer.o)
                              /Users/danh/Documents/LPCXpresso_8.2.2/workspace/lpc_chip_15xx/Debug/liblpc_chip_15xx.a(uart_15xx.o) (RingBuffer_Insert)
/Applications/lpcxpresso_8.2.2_650/lpcxpresso/tools/bin/../lib/gcc/arm-none-eabi/5.4.1/armv7-m/libgcc.a(_aeabi_uldivmod.o)
                              ./src/lab5_1.o (__aeabi_uldivmod)
/Applications/lpcxpresso_8.2.2_650/lpcxpresso/tools/bin/../lib/gcc/arm-none-eabi/5.4.1/armv7-m/libgcc.a(_udivmoddi4.o)
                              /Applications/lpcxpresso_8.2.2_650/lpcxpresso/tools/bin/../lib/gcc/arm-none-eabi/5.4.1/armv7-m/libgcc.a(_aeabi_uldivmod.o) (__udivmoddi4)
/Applications/lpcxpresso_8.2.2_650/lpcxpresso/tools/bin/../lib/gcc/arm-none-eabi/5.4.1/armv7-m/libgcc.a(_dvmd_tls.o)
                              /Applications/lpcxpresso_8.2.2_650/lpcxpresso/tools/bin/../lib/gcc/arm-none-eabi/5.4.1/armv7-m/libgcc.a(_aeabi_uldivmod.o) (__aeabi_ldiv0)
/Applications/lpcxpresso_8.2.2_650/lpcxpresso/tools/bin/../lib/gcc/arm-none-eabi/5.4.1/../../../../arm-none-eabi/lib/armv7-m/libc.a(lib_a-impure.o)
                              ./freertos/src/tasks.o (_impure_ptr)
/Applications/lpcxpresso_8.2.2_650/lpcxpresso/tools/bin/../lib/gcc/arm-none-eabi/5.4.1/../../../../arm-none-eabi/lib/armv7-m/libc.a(lib_a-init.o)
                              ./src/cr_startup_lpc15xx.o (__libc_init_array)
/Applications/lpcxpresso_8.2.2_650/lpcxpresso/tools/bin/../lib/gcc/arm-none-eabi/5.4.1/../../../../arm-none-eabi/lib/armv7-m/libc.a(lib_a-isdigit.o)
                              ./src/lab5_1.o (isdigit)
/Applications/lpcxpresso_8.2.2_650/lpcxpresso/tools/bin/../lib/gcc/arm-none-eabi/5.4.1/../../../../arm-none-eabi/lib/armv7-m/libc.a(lib_a-itoa.o)
                              ./src/lab5_1.o (itoa)
/Applications/lpcxpresso_8.2.2_650/lpcxpresso/tools/bin/../lib/gcc/arm-none-eabi/5.4.1/../../../../arm-none-eabi/lib/armv7-m/libc.a(lib_a-malloc.o)
                              ./src/cr_cpp_config.o (malloc)
[...]
Memory Configuration

Name             Origin             Length             Attributes
MFlash256        0x0000000000000000 0x0000000000040000 xr
Ram0_16          0x0000000002000000 0x0000000000004000 xrw
Ram1_16          0x0000000002004000 0x0000000000004000 xrw
Ram2_4           0x0000000002008000 0x0000000000001000 xrw
*default*        0x0000000000000000 0xffffffffffffffff

Linker script and memory map

LOAD ./src/DigitalIoPin.o
LOAD ./src/cr_cpp_config.o
LOAD ./src/cr_startup_lpc15xx.o
LOAD ./src/crp.o
LOAD ./src/lab5_1.o
LOAD ./src/sysinit.o
LOAD ./freertos/src/FreeRTOSCommonHooks.o
LOAD ./freertos/src/croutine.o
LOAD ./freertos/src/event_groups.o
LOAD ./freertos/src/heap_3.o
LOAD ./freertos/src/list.o
LOAD ./freertos/src/port.o
LOAD ./freertos/src/queue.o
LOAD ./freertos/src/tasks.o
LOAD ./freertos/src/timers.o
LOAD /Users/danh/Documents/LPCXpresso_8.2.2/workspace/lpc_board_nxp_lpcxpresso_1549/Debug/liblpc_board_nxp_lpcxpresso_1549.a
LOAD /Users/danh/Documents/LPCXpresso_8.2.2/workspace/lpc_chip_15xx/Debug/liblpc_chip_15xx.a
START GROUP
LOAD /Applications/lpcxpresso_8.2.2_650/lpcxpresso/tools/bin/../lib/gcc/arm-none-eabi/5.4.1/armv7-m/libgcc.a
LOAD /Applications/lpcxpresso_8.2.2_650/lpcxpresso/tools/bin/../lib/gcc/arm-none-eabi/5.4.1/../../../../arm-none-eabi/lib/armv7-m/libc.a
LOAD /Applications/lpcxpresso_8.2.2_650/lpcxpresso/tools/bin/../lib/gcc/arm-none-eabi/5.4.1/../../../../arm-none-eabi/lib/armv7-m/libstdc++.a
LOAD /Applications/lpcxpresso_8.2.2_650/lpcxpresso/tools/bin/../lib/gcc/arm-none-eabi/5.4.1/../../../../arm-none-eabi/lib/armv7-m/libm.a
LOAD /Applications/lpcxpresso_8.2.2_650/lpcxpresso/tools/bin/../lib/gcc/arm-none-eabi/5.4.1/../../../../arm-none-eabi/lib/armv7-m/libcr_newlib_nohost.a
LOAD /Applications/lpcxpresso_8.2.2_650/lpcxpresso/tools/bin/../lib/gcc/arm-none-eabi/5.4.1/armv7-m/crti.o
LOAD /Applications/lpcxpresso_8.2.2_650/lpcxpresso/tools/bin/../lib/gcc/arm-none-eabi/5.4.1/armv7-m/crtn.o
LOAD /Applications/lpcxpresso_8.2.2_650/lpcxpresso/tools/bin/../lib/gcc/arm-none-eabi/5.4.1/armv7-m/crtbegin.o
LOAD /Applications/lpcxpresso_8.2.2_650/lpcxpresso/tools/bin/../lib/gcc/arm-none-eabi/5.4.1/armv7-m/crtend.o
END GROUP
                0x0000000000000000                __base_MFlash256 = 0x0
                0x0000000000000000                __base_Flash = 0x0
                0x0000000000040000                __top_MFlash256 = 0x40000
                0x0000000000040000                __top_Flash = 0x40000
                0x0000000002000000                __base_Ram0_16 = 0x2000000
                0x0000000002000000                __base_RAM = 0x2000000
                0x0000000002004000                __top_Ram0_16 = 0x2004000
                0x0000000002004000                __top_RAM = 0x2004000
                0x0000000002004000                __base_Ram1_16 = 0x2004000
                0x0000000002004000                __base_RAM2 = 0x2004000
                0x0000000002008000                __top_Ram1_16 = 0x2008000
                0x0000000002008000                __top_RAM2 = 0x2008000
                0x0000000002008000                __base_Ram2_4 = 0x2008000
                0x0000000002008000                __base_RAM3 = 0x2008000
                0x0000000002009000                __top_Ram2_4 = 0x2009000
                0x0000000002009000                __top_RAM3 = 0x2009000

.text           0x0000000000000000     0x8f24
 FILL mask 0xff
                0x0000000000000000                __vectors_start__ = ABSOLUTE (.)
 *(.isr_vector)
 .isr_vector    0x0000000000000000       0xfc ./src/cr_startup_lpc15xx.o
                0x0000000000000000                g_pfnVectors
                0x00000000000000fc                . = ALIGN (0x4)
                0x00000000000000fc                __section_table_start = .
                0x00000000000000fc                __data_section_table = .
                0x00000000000000fc        0x4 LONG 0x8f2c LOADADDR (.data)
                0x0000000000000100        0x4 LONG 0x2000000 ADDR (.data)
                0x0000000000000104        0x4 LONG 0x884 SIZEOF (.data)
                0x0000000000000108        0x4 LONG 0x8f2c LOADADDR (.data_RAM2)
                0x000000000000010c        0x4 LONG 0x2004000 ADDR (.data_RAM2)
                0x0000000000000110        0x4 LONG 0x0 SIZEOF (.data_RAM2)
                0x0000000000000114        0x4 LONG 0x8f2c LOADADDR (.data_RAM3)
                0x0000000000000118        0x4 LONG 0x2008000 ADDR (.data_RAM3)
                0x000000000000011c        0x4 LONG 0x0 SIZEOF (.data_RAM3)
                0x0000000000000120                __data_section_table_end = .
                0x0000000000000120                __bss_section_table = .
                0x0000000000000120        0x4 LONG 0x2000884 ADDR (.bss)
                0x0000000000000124        0x4 LONG 0x27c SIZEOF (.bss)
                0x0000000000000128        0x4 LONG 0x2004000 ADDR (.bss_RAM2)
                0x000000000000012c        0x4 LONG 0x0 SIZEOF (.bss_RAM2)
                0x0000000000000130        0x4 LONG 0x2008000 ADDR (.bss_RAM3)
                0x0000000000000134        0x4 LONG 0x0 SIZEOF (.bss_RAM3)
                0x0000000000000138                __bss_section_table_end = .
                0x0000000000000138                __section_table_end = .
 *(.after_vectors*)
 .after_vectors
                0x0000000000000138      0x158 ./src/cr_startup_lpc15xx.o
                0x0000000000000138                data_init(unsigned int, unsigned int, unsigned int)
                0x000000000000017c                bss_init(unsigned int, unsigned int)
                0x00000000000001b4                ResetISR
                0x0000000000000240                NMI_Handler
                0x0000000000000248                HardFault_Handler
                0x0000000000000250                MemManage_Handler
                0x0000000000000258                BusFault_Handler
                0x0000000000000260                UsageFault_Handler
                0x0000000000000270                DebugMon_Handler
                0x0000000000000288                SPI1_IRQHandler
                0x0000000000000288                PIN_INT6_IRQHandler
                0x0000000000000288                IntDefaultHandler
                0x0000000000000288                PIN_INT4_IRQHandler
                0x0000000000000288                CAN_IRQHandler
                0x0000000000000288                RTC_ALARM_IRQHandler
                0x0000000000000288                ADC1B_IRQHandler
                0x0000000000000288                ADC1_OVR_IRQHandler
                0x0000000000000288                USBWakeup_IRQHandler
                0x0000000000000288                UART2_IRQHandler
                0x0000000000000288                PIN_INT5_IRQHandler
                0x0000000000000288                SCT1_IRQHandler
                0x0000000000000288                PIN_INT2_IRQHandler
                0x0000000000000288                USB_FIQHandler
                0x0000000000000288                SCT3_IRQHandler
                0x0000000000000288                PIN_INT7_IRQHandler
                0x0000000000000288                PIN_INT1_IRQHandler
                0x0000000000000288                USB_IRQHandler
                0x0000000000000288                BOD_IRQHandler
                0x0000000000000288                ADC0B_IRQHandler
                0x0000000000000288                ACMP0_IRQHandler
                0x0000000000000288                WDT_IRQHandler
                0x0000000000000288                PIN_INT0_IRQHandler
                0x0000000000000288                QEI_IRQHandler
                0x0000000000000288                ACMP3_IRQHandler
                0x0000000000000288                GINT0_IRQHandler
                0x0000000000000288                DAC_IRQHandler
                0x0000000000000288                SPI0_IRQHandler
                0x0000000000000288                EEPROM_IRQHandler
                0x0000000000000288                ACMP2_IRQHandler
                0x0000000000000288                ADC1A_IRQHandler
                0x0000000000000288                DMA_IRQHandler
                0x0000000000000288                PIN_INT3_IRQHandler
                0x0000000000000288                ACMP1_IRQHandler
                0x0000000000000288                ADC0A_IRQHandler
                0x0000000000000288                FMC_IRQHandler
                0x0000000000000288                GINT1_IRQHandler
                0x0000000000000288                SCT0_IRQHandler
                0x0000000000000288                ADC0_THCMP_IRQHandler
                0x0000000000000288                I2C0_IRQHandler
                0x0000000000000288                ADC0_OVR_IRQHandler
                0x0000000000000288                ADC1_THCMP_IRQHandler
                0x0000000000000288                SCT2_IRQHandler
                0x0000000000000288                MRT_IRQHandler
                0x0000000000000288                UART1_IRQHandler
                0x0000000000000288                RTC_WAKE_IRQHandler
                0x0000000000000288                UART0_IRQHandler
 *(.text*)
 .text.Chip_IOCON_PinMuxSet
                0x0000000000000290       0x2c ./src/DigitalIoPin.o
 .text.Chip_GPIO_SetPinState
                0x00000000000002bc       0x38 ./src/DigitalIoPin.o
 .text.Chip_GPIO_GetPinState
                0x00000000000002f4       0x34 ./src/DigitalIoPin.o
 .text.Chip_GPIO_SetPinDIROutput
                0x0000000000000328       0x3c ./src/DigitalIoPin.o
 .text.Chip_GPIO_SetPinDIRInput
                0x0000000000000364       0x40 ./src/DigitalIoPin.o
 .text._ZN12DigitalIoPinC2EiNS_7pinModeEb
                0x00000000000003a4       0xec ./src/DigitalIoPin.o
                0x00000000000003a4                DigitalIoPin::DigitalIoPin(int, DigitalIoPin::pinMode, bool)
                0x00000000000003a4                DigitalIoPin::DigitalIoPin(int, DigitalIoPin::pinMode, bool)
 .text._ZN12DigitalIoPinD2Ev
                0x0000000000000490       0x28 ./src/DigitalIoPin.o
                0x0000000000000490                DigitalIoPin::~DigitalIoPin()
                0x0000000000000490                DigitalIoPin::~DigitalIoPin()
 .text._ZN12DigitalIoPinD0Ev
                0x00000000000004b8       0x20 ./src/DigitalIoPin.o
                0x00000000000004b8                DigitalIoPin::~DigitalIoPin()
 .text._ZN12DigitalIoPin4readEv
                0x00000000000004d8       0x28 ./src/DigitalIoPin.o
                0x00000000000004d8                DigitalIoPin::read()
 .text._ZN12DigitalIoPin5writeEb
                0x0000000000000500       0x28 ./src/DigitalIoPin.o
                0x0000000000000500                DigitalIoPin::write(bool)
 .text._Znwj    0x0000000000000528       0x18 ./src/cr_cpp_config.o
                0x0000000000000528                operator new(unsigned int)
 .text._ZdlPv   0x0000000000000540       0x18 ./src/cr_cpp_config.o
                0x0000000000000540                operator delete(void*)
 .text.__aeabi_atexit
                0x0000000000000558       0x18 ./src/cr_cpp_config.o
                0x0000000000000558                __aeabi_atexit
 .text.NVIC_EnableIRQ
                0x0000000000000570       0x30 ./src/lab5_1.o
 .text.NVIC_DisableIRQ
                0x00000000000005a0       0x34 ./src/lab5_1.o
 .text.NVIC_SetPriority
                0x00000000000005d4       0x54 ./src/lab5_1.o
 .text.Chip_RIT_Enable
                0x0000000000000628       0x18 ./src/lab5_1.o
 .text.Chip_RIT_Disable
                0x0000000000000640       0x18 ./src/lab5_1.o
 .text.Chip_RIT_EnableCompClear
                0x0000000000000658       0x18 ./src/lab5_1.o
 .text.Chip_RIT_ClearIntStatus
                0x0000000000000670       0x18 ./src/lab5_1.o
 .text._ZN7StepperD2Ev
                0x0000000000000688       0x28 ./src/lab5_1.o
                0x0000000000000688                Stepper::~Stepper()
                0x0000000000000688                Stepper::~Stepper()
 .text._ZN7StepperD0Ev
                0x00000000000006b0       0x20 ./src/lab5_1.o
                0x00000000000006b0                Stepper::~Stepper()
 .text._ZN7Stepper14receiveCommandEPc
                0x00000000000006d0       0xb0 ./src/lab5_1.o
                0x00000000000006d0                Stepper::receiveCommand(char*)
 .text._ZN7Stepper7getStepEv
                0x0000000000000780       0x18 ./src/lab5_1.o
                0x0000000000000780                Stepper::getStep()
 .text._ZN7Stepper6getPpsEv
                0x0000000000000798       0x18 ./src/lab5_1.o
                0x0000000000000798                Stepper::getPps()
 .text._ZN7Stepper16getExecutionFlagEv
                0x00000000000007b0       0x18 ./src/lab5_1.o
                0x00000000000007b0                Stepper::getExecutionFlag()
 .text._ZN7Stepper14getReleaseFlagEv
                0x00000000000007c8       0x18 ./src/lab5_1.o
                0x00000000000007c8                Stepper::getReleaseFlag()
 .text._ZN7Stepper22extractDataFromCommandEPc12COMMAND_TYPE
                0x00000000000007e0      0x110 ./src/lab5_1.o
                0x00000000000007e0                Stepper::extractDataFromCommand(char*, COMMAND_TYPE)
 .text._ZN7StepperC2Ev
                0x00000000000008f0       0x40 ./src/lab5_1.o
                0x00000000000008f0                Stepper::Stepper()
                0x00000000000008f0                Stepper::Stepper()
 .text._ZN7Stepper3runEv
                0x0000000000000930      0x19c ./src/lab5_1.o
                0x0000000000000930                Stepper::run()
 .text._ZN6SyslogC2Ev
                0x0000000000000acc       0x30 ./src/lab5_1.o
                0x0000000000000acc                Syslog::Syslog()
                0x0000000000000acc                Syslog::Syslog()
 .text._ZN6SyslogD2Ev
                0x0000000000000afc       0x34 ./src/lab5_1.o
                0x0000000000000afc                Syslog::~Syslog()
                0x0000000000000afc                Syslog::~Syslog()
 .text._ZN6SyslogD0Ev
                0x0000000000000b30       0x20 ./src/lab5_1.o
                0x0000000000000b30                Syslog::~Syslog()
 .text._ZL16prvSetupHardwarev
                0x0000000000000b50       0x34 ./src/lab5_1.o
 .text.RIT_IRQHandler
                0x0000000000000b84       0x84 ./src/lab5_1.o
                0x0000000000000b84                RIT_IRQHandler
 .text._Z9RIT_startii
                0x0000000000000c08       0xb4 ./src/lab5_1.o
                0x0000000000000c08                RIT_start(int, int)
 .text._ZL8UARTTaskPv
                0x0000000000000cbc       0x9c ./src/lab5_1.o
 .text._Z20showCommandGuidelinev
                0x0000000000000d58       0x30 ./src/lab5_1.o
                0x0000000000000d58                showCommandGuideline()
 .text.main     0x0000000000000d88       0x48 ./src/lab5_1.o
                0x0000000000000d88                main
 .text._Z41__static_initialization_and_destruction_0ii
                0x0000000000000dd0       0x6c ./src/lab5_1.o
 .text._GLOBAL__sub_I__ZN7StepperC2Ev
                0x0000000000000e3c       0x10 ./src/lab5_1.o
 .text.SystemInit
                0x0000000000000e4c        0xc ./src/sysinit.o
                0x0000000000000e4c                SystemInit
 .text.vApplicationIdleHook
                0x0000000000000e58       0x10 ./freertos/src/FreeRTOSCommonHooks.o
                0x0000000000000e58                vApplicationIdleHook
 .text.pvPortMalloc
                0x0000000000000e68       0x24 ./freertos/src/heap_3.o
                0x0000000000000e68                pvPortMalloc
 .text.vPortFree
                0x0000000000000e8c       0x24 ./freertos/src/heap_3.o
                0x0000000000000e8c                vPortFree
 .text.vListInitialise
                0x0000000000000eb0       0x40 ./freertos/src/list.o
                0x0000000000000eb0                vListInitialise
 .text.vListInitialiseItem
                0x0000000000000ef0       0x18 ./freertos/src/list.o
                0x0000000000000ef0                vListInitialiseItem
 .text.vListInsertEnd
                0x0000000000000f08       0x48 ./freertos/src/list.o
                0x0000000000000f08                vListInsertEnd
 .text.vListInsert
                0x0000000000000f50       0x70 ./freertos/src/list.o
                0x0000000000000f50                vListInsert
 .text.uxListRemove
                0x0000000000000fc0       0x54 ./freertos/src/list.o
                0x0000000000000fc0                uxListRemove
 .text.pxPortInitialiseStack
                0x0000000000001014       0x54 ./freertos/src/port.o
                0x0000000000001014                pxPortInitialiseStack
 .text.prvTaskExitError
                0x0000000000001068        0xc ./freertos/src/port.o
 .text.SVC_Handler
                0x0000000000001074       0x28 ./freertos/src/port.o
                0x0000000000001074                SVC_Handler
 .text.prvPortStartFirstTask
                0x000000000000109c       0x20 ./freertos/src/port.o
 .text.xPortStartScheduler
                0x00000000000010bc       0x3c ./freertos/src/port.o
                0x00000000000010bc                xPortStartScheduler
 .text.vPortYield
                0x00000000000010f8       0x20 ./freertos/src/port.o
                0x00000000000010f8                vPortYield
 .text.vPortEnterCritical
                0x0000000000001118       0x24 ./freertos/src/port.o
                0x0000000000001118                vPortEnterCritical
 .text.vPortExitCritical
                0x000000000000113c       0x24 ./freertos/src/port.o
                0x000000000000113c                vPortExitCritical
 .text.ulPortSetInterruptMask
                0x0000000000001160       0x14 ./freertos/src/port.o
                0x0000000000001160                ulPortSetInterruptMask
 .text.vPortClearInterruptMask
                0x0000000000001174        0x8 ./freertos/src/port.o
                0x0000000000001174                vPortClearInterruptMask
 .text.PendSV_Handler
                0x000000000000117c       0x48 ./freertos/src/port.o
                0x000000000000117c                PendSV_Handler
 .text.SysTick_Handler
                0x00000000000011c4       0x28 ./freertos/src/port.o
                0x00000000000011c4                SysTick_Handler
 .text.vPortSuppressTicksAndSleep
                0x00000000000011ec      0x17c ./freertos/src/port.o
                0x00000000000011ec                vPortSuppressTicksAndSleep
 .text.vPortSetupTimerInterrupt
                0x0000000000001368       0x78 ./freertos/src/port.o
                0x0000000000001368                vPortSetupTimerInterrupt
 .text.xQueueGenericReset
                0x00000000000013e0       0xa4 ./freertos/src/queue.o
                0x00000000000013e0                xQueueGenericReset
 .text.xQueueGenericCreate
                0x0000000000001484       0x78 ./freertos/src/queue.o
                0x0000000000001484                xQueueGenericCreate
 .text.xQueueCreateMutex
                0x00000000000014fc       0x84 ./freertos/src/queue.o
                0x00000000000014fc                xQueueCreateMutex
 .text.xQueueGenericSend
                0x0000000000001580      0x110 ./freertos/src/queue.o
                0x0000000000001580                xQueueGenericSend
 .text.xQueueGenericSendFromISR
                0x0000000000001690       0x88 ./freertos/src/queue.o
                0x0000000000001690                xQueueGenericSendFromISR
 .text.xQueueGenericReceive
                0x0000000000001718      0x16c ./freertos/src/queue.o
                0x0000000000001718                xQueueGenericReceive
 .text.vQueueDelete
                0x0000000000001884       0x34 ./freertos/src/queue.o
                0x0000000000001884                vQueueDelete
 .text.prvCopyDataToQueue
                0x00000000000018b8       0xd0 ./freertos/src/queue.o
 .text.prvCopyDataFromQueue
                0x0000000000001988       0x4c ./freertos/src/queue.o
 .text.prvUnlockQueue
                0x00000000000019d4       0x98 ./freertos/src/queue.o
 .text.prvIsQueueEmpty
                0x0000000000001a6c       0x2c ./freertos/src/queue.o
 .text.prvIsQueueFull
                0x0000000000001a98       0x30 ./freertos/src/queue.o
 .text.vQueueUnregisterQueue
                0x0000000000001ac8       0x44 ./freertos/src/queue.o
                0x0000000000001ac8                vQueueUnregisterQueue
 .text.xTaskGenericCreate
                0x0000000000001b0c      0x140 ./freertos/src/tasks.o
                0x0000000000001b0c                xTaskGenericCreate
 .text.vTaskStartScheduler
                0x0000000000001c4c       0x68 ./freertos/src/tasks.o
                0x0000000000001c4c                vTaskStartScheduler
 .text.vTaskSuspendAll
                0x0000000000001cb4       0x1c ./freertos/src/tasks.o
                0x0000000000001cb4                vTaskSuspendAll
 .text.prvGetExpectedIdleTime
                0x0000000000001cd0       0x4c ./freertos/src/tasks.o
 .text.xTaskResumeAll
                0x0000000000001d1c       0xfc ./freertos/src/tasks.o
                0x0000000000001d1c                xTaskResumeAll
 .text.vTaskStepTick
                0x0000000000001e18       0x24 ./freertos/src/tasks.o
                0x0000000000001e18                vTaskStepTick
 .text.xTaskIncrementTick
                0x0000000000001e3c      0x15c ./freertos/src/tasks.o
                0x0000000000001e3c                xTaskIncrementTick
 .text.vTaskSwitchContext
                0x0000000000001f98       0xa8 ./freertos/src/tasks.o
                0x0000000000001f98                vTaskSwitchContext
 .text.vTaskPlaceOnEventList
                0x0000000000002040       0x60 ./freertos/src/tasks.o
                0x0000000000002040                vTaskPlaceOnEventList
 .text.xTaskRemoveFromEventList
                0x00000000000020a0       0xac ./freertos/src/tasks.o
                0x00000000000020a0                xTaskRemoveFromEventList
 .text.vTaskSetTimeOutState
                0x000000000000214c       0x2c ./freertos/src/tasks.o
                0x000000000000214c                vTaskSetTimeOutState
 .text.xTaskCheckForTimeOut
                0x0000000000002178       0x88 ./freertos/src/tasks.o
                0x0000000000002178                xTaskCheckForTimeOut
 .text.vTaskMissedYield
                0x0000000000002200       0x18 ./freertos/src/tasks.o
                0x0000000000002200                vTaskMissedYield
 .text.prvIdleTask
                0x0000000000002218       0x48 ./freertos/src/tasks.o
 .text.eTaskConfirmSleepModeStatus
                0x0000000000002260       0x5c ./freertos/src/tasks.o
                0x0000000000002260                eTaskConfirmSleepModeStatus
 .text.prvInitialiseTCBVariables
                0x00000000000022bc      0x124 ./freertos/src/tasks.o
 .text.prvInitialiseTaskLists
                0x00000000000023e0       0x80 ./freertos/src/tasks.o
 .text.prvCheckTasksWaitingTermination
                0x0000000000002460       0x78 ./freertos/src/tasks.o
 .text.prvAddCurrentTaskToDelayedList
                0x00000000000024d8       0x6c ./freertos/src/tasks.o
 .text.prvAllocateTCBAndStack
                0x0000000000002544       0x64 ./freertos/src/tasks.o
 .text.prvDeleteTCB
                0x00000000000025a8       0x2c ./freertos/src/tasks.o
 .text.prvResetNextTaskUnblockTime
                0x00000000000025d4       0x48 ./freertos/src/tasks.o
 .text.xTaskGetCurrentTaskHandle
                0x000000000000261c       0x1c ./freertos/src/tasks.o
                0x000000000000261c                xTaskGetCurrentTaskHandle
 .text.vTaskPriorityInherit
                0x0000000000002638       0xbc ./freertos/src/tasks.o
                0x0000000000002638                vTaskPriorityInherit
 .text.vTaskPriorityDisinherit
                0x00000000000026f4       0x84 ./freertos/src/tasks.o
                0x00000000000026f4                vTaskPriorityDisinherit
 .text.Chip_IOCON_PinMuxSet
                0x0000000000002778       0x2c /Users/danh/Documents/LPCXpresso_8.2.2/workspace/lpc_board_nxp_lpcxpresso_1549/Debug/liblpc_board_nxp_lpcxpresso_1549.a(board.o)
 .text.Chip_SWM_MovablePortPinAssign
                0x00000000000027a4       0x30 /Users/danh/Documents/LPCXpresso_8.2.2/workspace/lpc_board_nxp_lpcxpresso_1549/Debug/liblpc_board_nxp_lpcxpresso_1549.a(board.o)
 .text.Chip_GPIO_SetPinState
                0x00000000000027d4       0x38 /Users/danh/Documents/LPCXpresso_8.2.2/workspace/lpc_board_nxp_lpcxpresso_1549/Debug/liblpc_board_nxp_lpcxpresso_1549.a(board.o)
 .text.Chip_GPIO_SetPinDIROutput
                0x000000000000280c       0x3c /Users/danh/Documents/LPCXpresso_8.2.2/workspace/lpc_board_nxp_lpcxpresso_1549/Debug/liblpc_board_nxp_lpcxpresso_1549.a(board.o)
 .text.Chip_UART_Enable
                0x0000000000002848       0x20 /Users/danh/Documents/LPCXpresso_8.2.2/workspace/lpc_board_nxp_lpcxpresso_1549/Debug/liblpc_board_nxp_lpcxpresso_1549.a(board.o)
 .text.Chip_UART_TXEnable
                0x0000000000002868       0x20 /Users/danh/Documents/LPCXpresso_8.2.2/workspace/lpc_board_nxp_lpcxpresso_1549/Debug/liblpc_board_nxp_lpcxpresso_1549.a(board.o)
 .text.Chip_UART_ConfigData
                0x0000000000002888       0x28 /Users/danh/Documents/LPCXpresso_8.2.2/workspace/lpc_board_nxp_lpcxpresso_1549/Debug/liblpc_board_nxp_lpcxpresso_1549.a(board.o)
 .text.Board_UARTPutChar
                0x00000000000028b0       0x24 /Users/danh/Documents/LPCXpresso_8.2.2/workspace/lpc_board_nxp_lpcxpresso_1549/Debug/liblpc_board_nxp_lpcxpresso_1549.a(board.o)
                0x00000000000028b0                Board_UARTPutChar
 .text.Board_UARTGetChar
                0x00000000000028d4       0x2c /Users/danh/Documents/LPCXpresso_8.2.2/workspace/lpc_board_nxp_lpcxpresso_1549/Debug/liblpc_board_nxp_lpcxpresso_1549.a(board.o)
                0x00000000000028d4                Board_UARTGetChar
 .text.Board_UARTPutSTR
                0x0000000000002900       0x28 /Users/danh/Documents/LPCXpresso_8.2.2/workspace/lpc_board_nxp_lpcxpresso_1549/Debug/liblpc_board_nxp_lpcxpresso_1549.a(board.o)
                0x0000000000002900                Board_UARTPutSTR
 .text.Board_Debug_Init
                0x0000000000002928       0x70 /Users/danh/Documents/LPCXpresso_8.2.2/workspace/lpc_board_nxp_lpcxpresso_1549/Debug/liblpc_board_nxp_lpcxpresso_1549.a(board.o)
                0x0000000000002928                Board_Debug_Init
 .text.Board_LED_Init
                0x0000000000002998       0x5c /Users/danh/Documents/LPCXpresso_8.2.2/workspace/lpc_board_nxp_lpcxpresso_1549/Debug/liblpc_board_nxp_lpcxpresso_1549.a(board.o)
 .text.Board_LED_Set
                0x00000000000029f4       0x54 /Users/danh/Documents/LPCXpresso_8.2.2/workspace/lpc_board_nxp_lpcxpresso_1549/Debug/liblpc_board_nxp_lpcxpresso_1549.a(board.o)
                0x00000000000029f4                Board_LED_Set
 .text.Board_Init
                0x0000000000002a48       0x18 /Users/danh/Documents/LPCXpresso_8.2.2/workspace/lpc_board_nxp_lpcxpresso_1549/Debug/liblpc_board_nxp_lpcxpresso_1549.a(board.o)
                0x0000000000002a48                Board_Init
 .text.Chip_SYSCTL_PeriphReset
                0x0000000000002a60       0x24 /Users/danh/Documents/LPCXpresso_8.2.2/workspace/lpc_board_nxp_lpcxpresso_1549/Debug/liblpc_board_nxp_lpcxpresso_1549.a(board_sysinit.o)
 .text.Chip_Clock_SetUSBPLLSource
                0x0000000000002a84       0x20 /Users/danh/Documents/LPCXpresso_8.2.2/workspace/lpc_board_nxp_lpcxpresso_1549/Debug/liblpc_board_nxp_lpcxpresso_1549.a(board_sysinit.o)
 .text.Chip_Clock_SetupUSBPLL
                0x0000000000002aa4       0x34 /Users/danh/Documents/LPCXpresso_8.2.2/workspace/lpc_board_nxp_lpcxpresso_1549/Debug/liblpc_board_nxp_lpcxpresso_1549.a(board_sysinit.o)
 .text.Chip_Clock_IsUSBPLLLocked
                0x0000000000002ad8       0x24 /Users/danh/Documents/LPCXpresso_8.2.2/workspace/lpc_board_nxp_lpcxpresso_1549/Debug/liblpc_board_nxp_lpcxpresso_1549.a(board_sysinit.o)
 .text.Chip_Clock_SetSysTickClockDiv
                0x0000000000002afc       0x20 /Users/danh/Documents/LPCXpresso_8.2.2/workspace/lpc_board_nxp_lpcxpresso_1549/Debug/liblpc_board_nxp_lpcxpresso_1549.a(board_sysinit.o)
 .text.Chip_SWM_MovablePortPinAssign
                0x0000000000002b1c       0x30 /Users/danh/Documents/LPCXpresso_8.2.2/workspace/lpc_board_nxp_lpcxpresso_1549/Debug/liblpc_board_nxp_lpcxpresso_1549.a(board_sysinit.o)
 .text.Board_SetupMuxing
                0x0000000000002b4c       0x80 /Users/danh/Documents/LPCXpresso_8.2.2/workspace/lpc_board_nxp_lpcxpresso_1549/Debug/liblpc_board_nxp_lpcxpresso_1549.a(board_sysinit.o)
                0x0000000000002b4c                Board_SetupMuxing
 .text.Board_SetupClocking
                0x0000000000002bcc       0x3c /Users/danh/Documents/LPCXpresso_8.2.2/workspace/lpc_board_nxp_lpcxpresso_1549/Debug/liblpc_board_nxp_lpcxpresso_1549.a(board_sysinit.o)
                0x0000000000002bcc                Board_SetupClocking
 .text.Board_SystemInit
                0x0000000000002c08       0x1c /Users/danh/Documents/LPCXpresso_8.2.2/workspace/lpc_board_nxp_lpcxpresso_1549/Debug/liblpc_board_nxp_lpcxpresso_1549.a(board_sysinit.o)
                0x0000000000002c08                Board_SystemInit
 .text.SystemCoreClockUpdate
                0x0000000000002c24       0x18 /Users/danh/Documents/LPCXpresso_8.2.2/workspace/lpc_chip_15xx/Debug/liblpc_chip_15xx.a(chip_15xx.o)
                0x0000000000002c24                SystemCoreClockUpdate
 .text.Chip_Clock_SetMain_A_ClockSource
                0x0000000000002c3c       0x20 /Users/danh/Documents/LPCXpresso_8.2.2/workspace/lpc_chip_15xx/Debug/liblpc_chip_15xx.a(clock_15xx.o)
 .text.Chip_Clock_GetMain_A_ClockSource
                0x0000000000002c5c       0x18 /Users/danh/Documents/LPCXpresso_8.2.2/workspace/lpc_chip_15xx/Debug/liblpc_chip_15xx.a(clock_15xx.o)
 .text.Chip_Clock_SetMain_B_ClockSource
                0x0000000000002c74       0x20 /Users/danh/Documents/LPCXpresso_8.2.2/workspace/lpc_chip_15xx/Debug/liblpc_chip_15xx.a(clock_15xx.o)
 .text.Chip_Clock_GetMain_B_ClockSource
                0x0000000000002c94       0x18 /Users/danh/Documents/LPCXpresso_8.2.2/workspace/lpc_chip_15xx/Debug/liblpc_chip_15xx.a(clock_15xx.o)
 .text.Chip_Clock_SetUARTFRGDivider
                0x0000000000002cac       0x20 /Users/danh/Documents/LPCXpresso_8.2.2/workspace/lpc_chip_15xx/Debug/liblpc_chip_15xx.a(clock_15xx.o)
 .text.Chip_Clock_GetUARTFRGDivider
                0x0000000000002ccc       0x18 /Users/danh/Documents/LPCXpresso_8.2.2/workspace/lpc_chip_15xx/Debug/liblpc_chip_15xx.a(clock_15xx.o)
 .text.Chip_Clock_GetMainOscRate
                0x0000000000002ce4       0x14 /Users/danh/Documents/LPCXpresso_8.2.2/workspace/lpc_chip_15xx/Debug/liblpc_chip_15xx.a(clock_15xx.o)
 .text.Chip_Clock_GetIntOscRate
                0x0000000000002cf8       0x14 /Users/danh/Documents/LPCXpresso_8.2.2/workspace/lpc_chip_15xx/Debug/liblpc_chip_15xx.a(clock_15xx.o)
 .text.Chip_Clock_GetRTCOscRate
                0x0000000000002d0c       0x14 /Users/danh/Documents/LPCXpresso_8.2.2/workspace/lpc_chip_15xx/Debug/liblpc_chip_15xx.a(clock_15xx.o)
 .text.Chip_Clock_GetWDTOSCRate
                0x0000000000002d20       0x14 /Users/danh/Documents/LPCXpresso_8.2.2/workspace/lpc_chip_15xx/Debug/liblpc_chip_15xx.a(clock_15xx.o)
 .text.Chip_Clock_GetPLLFreq
                0x0000000000002d34       0x28 /Users/danh/Documents/LPCXpresso_8.2.2/workspace/lpc_chip_15xx/Debug/liblpc_chip_15xx.a(clock_15xx.o)
 .text.Chip_Clock_GetPLLInClockRate
                0x0000000000002d5c       0x38 /Users/danh/Documents/LPCXpresso_8.2.2/workspace/lpc_chip_15xx/Debug/liblpc_chip_15xx.a(clock_15xx.o)
 .text.Chip_Clock_GetSystemPLLInClockRate
                0x0000000000002d94       0x1c /Users/danh/Documents/LPCXpresso_8.2.2/workspace/lpc_chip_15xx/Debug/liblpc_chip_15xx.a(clock_15xx.o)
                0x0000000000002d94                Chip_Clock_GetSystemPLLInClockRate
 .text.Chip_Clock_GetSystemPLLOutClockRate
                0x0000000000002db0       0x24 /Users/danh/Documents/LPCXpresso_8.2.2/workspace/lpc_chip_15xx/Debug/liblpc_chip_15xx.a(clock_15xx.o)
                0x0000000000002db0                Chip_Clock_GetSystemPLLOutClockRate
 .text.Chip_Clock_GetMain_A_ClockRate
                0x0000000000002dd4       0x44 /Users/danh/Documents/LPCXpresso_8.2.2/workspace/lpc_chip_15xx/Debug/liblpc_chip_15xx.a(clock_15xx.o)
                0x0000000000002dd4                Chip_Clock_GetMain_A_ClockRate
 .text.Chip_Clock_GetMain_B_ClockRate
                0x0000000000002e18       0x58 /Users/danh/Documents/LPCXpresso_8.2.2/workspace/lpc_chip_15xx/Debug/liblpc_chip_15xx.a(clock_15xx.o)
                0x0000000000002e18                Chip_Clock_GetMain_B_ClockRate
 .text.Chip_Clock_SetMainClockSource
                0x0000000000002e70       0x3c /Users/danh/Documents/LPCXpresso_8.2.2/workspace/lpc_chip_15xx/Debug/liblpc_chip_15xx.a(clock_15xx.o)
                0x0000000000002e70                Chip_Clock_SetMainClockSource
 .text.Chip_Clock_GetMainClockRate
                0x0000000000002eac       0x28 /Users/danh/Documents/LPCXpresso_8.2.2/workspace/lpc_chip_15xx/Debug/liblpc_chip_15xx.a(clock_15xx.o)
                0x0000000000002eac                Chip_Clock_GetMainClockRate
 .text.Chip_Clock_EnablePeriphClock
                0x0000000000002ed4       0x54 /Users/danh/Documents/LPCXpresso_8.2.2/workspace/lpc_chip_15xx/Debug/liblpc_chip_15xx.a(clock_15xx.o)
                0x0000000000002ed4                Chip_Clock_EnablePeriphClock
 .text.Chip_Clock_GetUARTBaseClockRate
                0x0000000000002f28       0x88 /Users/danh/Documents/LPCXpresso_8.2.2/workspace/lpc_chip_15xx/Debug/liblpc_chip_15xx.a(clock_15xx.o)
                0x0000000000002f28                Chip_Clock_GetUARTBaseClockRate
 .text.Chip_Clock_SetUARTBaseClockRate
                0x0000000000002fb0       0xa0 /Users/danh/Documents/LPCXpresso_8.2.2/workspace/lpc_chip_15xx/Debug/liblpc_chip_15xx.a(clock_15xx.o)
                0x0000000000002fb0                Chip_Clock_SetUARTBaseClockRate
 .text.Chip_Clock_GetSystemClockRate
                0x0000000000003050       0x1c /Users/danh/Documents/LPCXpresso_8.2.2/workspace/lpc_chip_15xx/Debug/liblpc_chip_15xx.a(clock_15xx.o)
                0x0000000000003050                Chip_Clock_GetSystemClockRate
 .text.Chip_SYSCTL_PeriphReset
                0x000000000000306c       0x24 /Users/danh/Documents/LPCXpresso_8.2.2/workspace/lpc_chip_15xx/Debug/liblpc_chip_15xx.a(gpio_15xx.o)
 .text.Chip_GPIO_Init
                0x0000000000003090       0x30 /Users/danh/Documents/LPCXpresso_8.2.2/workspace/lpc_chip_15xx/Debug/liblpc_chip_15xx.a(gpio_15xx.o)
                0x0000000000003090                Chip_GPIO_Init
 .text.Chip_IOCON_PinMuxSet
                0x00000000000030c0       0x2c /Users/danh/Documents/LPCXpresso_8.2.2/workspace/lpc_chip_15xx/Debug/liblpc_chip_15xx.a(iocon_15xx.o)
 .text.Chip_IOCON_SetPinMuxing
                0x00000000000030ec       0x50 /Users/danh/Documents/LPCXpresso_8.2.2/workspace/lpc_chip_15xx/Debug/liblpc_chip_15xx.a(iocon_15xx.o)
                0x00000000000030ec                Chip_IOCON_SetPinMuxing
 .text.Chip_SYSCTL_PeriphReset
                0x000000000000313c       0x24 /Users/danh/Documents/LPCXpresso_8.2.2/workspace/lpc_chip_15xx/Debug/liblpc_chip_15xx.a(ritimer_15xx.o)
 .text.Chip_RIT_Init
                0x0000000000003160       0x24 /Users/danh/Documents/LPCXpresso_8.2.2/workspace/lpc_chip_15xx/Debug/liblpc_chip_15xx.a(ritimer_15xx.o)
                0x0000000000003160                Chip_RIT_Init
 .text.Chip_RIT_SetCTRL
                0x0000000000003184       0x28 /Users/danh/Documents/LPCXpresso_8.2.2/workspace/lpc_chip_15xx/Debug/liblpc_chip_15xx.a(ritimer_15xx.o)
                0x0000000000003184                Chip_RIT_SetCTRL
 .text.Chip_RIT_ClearCTRL
                0x00000000000031ac       0x2c /Users/danh/Documents/LPCXpresso_8.2.2/workspace/lpc_chip_15xx/Debug/liblpc_chip_15xx.a(ritimer_15xx.o)
                0x00000000000031ac                Chip_RIT_ClearCTRL
 .text.Chip_RIT_SetCompareValue
                0x00000000000031d8       0x2c /Users/danh/Documents/LPCXpresso_8.2.2/workspace/lpc_chip_15xx/Debug/liblpc_chip_15xx.a(ritimer_15xx.o)
                0x00000000000031d8                Chip_RIT_SetCompareValue
 .text.Chip_RIT_SetCounter
                0x0000000000003204       0x2c /Users/danh/Documents/LPCXpresso_8.2.2/workspace/lpc_chip_15xx/Debug/liblpc_chip_15xx.a(ritimer_15xx.o)
                0x0000000000003204                Chip_RIT_SetCounter
 .text.Chip_SWM_MovablePinAssign
                0x0000000000003230       0x5c /Users/danh/Documents/LPCXpresso_8.2.2/workspace/lpc_chip_15xx/Debug/liblpc_chip_15xx.a(swm_15xx.o)
                0x0000000000003230                Chip_SWM_MovablePinAssign
 .text.Chip_SYSCTL_AssertPeriphReset
                0x000000000000328c       0x48 /Users/danh/Documents/LPCXpresso_8.2.2/workspace/lpc_chip_15xx/Debug/liblpc_chip_15xx.a(sysctl_15xx.o)
                0x000000000000328c                Chip_SYSCTL_AssertPeriphReset
 .text.Chip_SYSCTL_DeassertPeriphReset
                0x00000000000032d4       0x4c /Users/danh/Documents/LPCXpresso_8.2.2/workspace/lpc_chip_15xx/Debug/liblpc_chip_15xx.a(sysctl_15xx.o)
                0x00000000000032d4                Chip_SYSCTL_DeassertPeriphReset
 .text.Chip_SYSCTL_PowerDown
                0x0000000000003320       0x40 /Users/danh/Documents/LPCXpresso_8.2.2/workspace/lpc_chip_15xx/Debug/liblpc_chip_15xx.a(sysctl_15xx.o)
                0x0000000000003320                Chip_SYSCTL_PowerDown
 .text.Chip_SYSCTL_PowerUp
                0x0000000000003360       0x40 /Users/danh/Documents/LPCXpresso_8.2.2/workspace/lpc_chip_15xx/Debug/liblpc_chip_15xx.a(sysctl_15xx.o)
                0x0000000000003360                Chip_SYSCTL_PowerUp
 .text.Chip_FMC_SetFLASHAccess
                0x00000000000033a0       0x38 /Users/danh/Documents/LPCXpresso_8.2.2/workspace/lpc_chip_15xx/Debug/liblpc_chip_15xx.a(sysinit_15xx.o)
 .text.Chip_Clock_SetSystemPLLSource
                0x00000000000033d8       0x20 /Users/danh/Documents/LPCXpresso_8.2.2/workspace/lpc_chip_15xx/Debug/liblpc_chip_15xx.a(sysinit_15xx.o)
 .text.Chip_Clock_SetupSystemPLL
                0x00000000000033f8       0x34 /Users/danh/Documents/LPCXpresso_8.2.2/workspace/lpc_chip_15xx/Debug/liblpc_chip_15xx.a(sysinit_15xx.o)
 .text.Chip_Clock_IsSystemPLLLocked
                0x000000000000342c       0x24 /Users/danh/Documents/LPCXpresso_8.2.2/workspace/lpc_chip_15xx/Debug/liblpc_chip_15xx.a(sysinit_15xx.o)
 .text.Chip_Clock_SetSysClockDiv
                0x0000000000003450       0x20 /Users/danh/Documents/LPCXpresso_8.2.2/workspace/lpc_chip_15xx/Debug/liblpc_chip_15xx.a(sysinit_15xx.o)
 .text.Chip_SetupXtalClocking
                0x0000000000003470       0x6c /Users/danh/Documents/LPCXpresso_8.2.2/workspace/lpc_chip_15xx/Debug/liblpc_chip_15xx.a(sysinit_15xx.o)
                0x0000000000003470                Chip_SetupXtalClocking
 .text.Chip_SYSCTL_PeriphReset
                0x00000000000034dc       0x24 /Users/danh/Documents/LPCXpresso_8.2.2/workspace/lpc_chip_15xx/Debug/liblpc_chip_15xx.a(uart_15xx.o)
 .text.Chip_UART_SendByte
                0x0000000000003500       0x1c /Users/danh/Documents/LPCXpresso_8.2.2/workspace/lpc_chip_15xx/Debug/liblpc_chip_15xx.a(uart_15xx.o)
 .text.Chip_UART_ReadByte
                0x000000000000351c       0x1c /Users/danh/Documents/LPCXpresso_8.2.2/workspace/lpc_chip_15xx/Debug/liblpc_chip_15xx.a(uart_15xx.o)
 .text.Chip_UART_GetStatus
                0x0000000000003538       0x18 /Users/danh/Documents/LPCXpresso_8.2.2/workspace/lpc_chip_15xx/Debug/liblpc_chip_15xx.a(uart_15xx.o)
 .text.getUARTClockID
                0x0000000000003550       0x34 /Users/danh/Documents/LPCXpresso_8.2.2/workspace/lpc_chip_15xx/Debug/liblpc_chip_15xx.a(uart_15xx.o)
 .text.Chip_UART_Init
                0x0000000000003584       0x4c /Users/danh/Documents/LPCXpresso_8.2.2/workspace/lpc_chip_15xx/Debug/liblpc_chip_15xx.a(uart_15xx.o)
                0x0000000000003584                Chip_UART_Init
 .text.Chip_UART_Send
                0x00000000000035d0       0x50 /Users/danh/Documents/LPCXpresso_8.2.2/workspace/lpc_chip_15xx/Debug/liblpc_chip_15xx.a(uart_15xx.o)
                0x00000000000035d0                Chip_UART_Send
 .text.Chip_UART_SendBlocking
                0x0000000000003620       0x4c /Users/danh/Documents/LPCXpresso_8.2.2/workspace/lpc_chip_15xx/Debug/liblpc_chip_15xx.a(uart_15xx.o)
                0x0000000000003620                Chip_UART_SendBlocking
 .text.Chip_UART_Read
                0x000000000000366c       0x54 /Users/danh/Documents/LPCXpresso_8.2.2/workspace/lpc_chip_15xx/Debug/liblpc_chip_15xx.a(uart_15xx.o)
                0x000000000000366c                Chip_UART_Read
 .text.Chip_UART_SetBaud
                0x00000000000036c0       0x2c /Users/danh/Documents/LPCXpresso_8.2.2/workspace/lpc_chip_15xx/Debug/liblpc_chip_15xx.a(uart_15xx.o)
                0x00000000000036c0                Chip_UART_SetBaud
 .text          0x00000000000036ec       0x30 /Applications/lpcxpresso_8.2.2_650/lpcxpresso/tools/bin/../lib/gcc/arm-none-eabi/5.4.1/armv7-m/libgcc.a(_aeabi_uldivmod.o)
                0x00000000000036ec                __aeabi_uldivmod
 .text          0x000000000000371c      0x2ec /Applications/lpcxpresso_8.2.2_650/lpcxpresso/tools/bin/../lib/gcc/arm-none-eabi/5.4.1/armv7-m/libgcc.a(_udivmoddi4.o)
                0x000000000000371c                __udivmoddi4
 .text          0x0000000000003a08        0x4 /Applications/lpcxpresso_8.2.2_650/lpcxpresso/tools/bin/../lib/gcc/arm-none-eabi/5.4.1/armv7-m/libgcc.a(_dvmd_tls.o)
                0x0000000000003a08                __aeabi_ldiv0
                0x0000000000003a08                __aeabi_idiv0
 .text.__libc_init_array
                0x0000000000003a0c       0x50 /Applications/lpcxpresso_8.2.2_650/lpcxpresso/tools/bin/../lib/gcc/arm-none-eabi/5.4.1/../../../../arm-none-eabi/lib/armv7-m/libc.a(lib_a-init.o)
                0x0000000000003a0c                __libc_init_array
 .text.isdigit  0x0000000000003a5c       0x14 /Applications/lpcxpresso_8.2.2_650/lpcxpresso/tools/bin/../lib/gcc/arm-none-eabi/5.4.1/../../../../arm-none-eabi/lib/armv7-m/libc.a(lib_a-isdigit.o)
                0x0000000000003a5c                isdigit
 .text.malloc   0x0000000000003a70       0x10 /Applications/lpcxpresso_8.2.2_650/lpcxpresso/tools/bin/../lib/gcc/arm-none-eabi/5.4.1/../../../../arm-none-eabi/lib/armv7-m/libc.a(lib_a-malloc.o)
                0x0000000000003a70                malloc
 .text.free     0x0000000000003a80       0x10 /Applications/lpcxpresso_8.2.2_650/lpcxpresso/tools/bin/../lib/gcc/arm-none-eabi/5.4.1/../../../../arm-none-eabi/lib/armv7-m/libc.a(lib_a-malloc.o)
                0x0000000000003a80                free
 .text._malloc_r
                0x0000000000003a90      0x558 /Applications/lpcxpresso_8.2.2_650/lpcxpresso/tools/bin/../lib/gcc/arm-none-eabi/5.4.1/../../../../arm-none-eabi/lib/armv7-m/libc.a(lib_a-mallocr.o)
                0x0000000000003a90                _malloc_r
 .text          0x0000000000003fe8       0xec /Applications/lpcxpresso_8.2.2_650/lpcxpresso/tools/bin/../lib/gcc/arm-none-eabi/5.4.1/../../../../arm-none-eabi/lib/armv7-m/libc.a(lib_a-memcpy.o)
                0x0000000000003fe8                memcpy
 .text.memset   0x00000000000040d4       0x9c /Applications/lpcxpresso_8.2.2_650/lpcxpresso/tools/bin/../lib/gcc/arm-none-eabi/5.4.1/../../../../arm-none-eabi/lib/armv7-m/libc.a(lib_a-memset.o)
                0x00000000000040d4                memset
 .text.__malloc_lock
                0x0000000000004170        0x4 /Applications/lpcxpresso_8.2.2_650/lpcxpresso/tools/bin/../lib/gcc/arm-none-eabi/5.4.1/../../../../arm-none-eabi/lib/armv7-m/libc.a(lib_a-mlock.o)
                0x0000000000004170                __malloc_lock
 .text.__malloc_unlock
                0x0000000000004174        0x4 /Applications/lpcxpresso_8.2.2_650/lpcxpresso/tools/bin/../lib/gcc/arm-none-eabi/5.4.1/../../../../arm-none-eabi/lib/armv7-m/libc.a(lib_a-mlock.o)
                0x0000000000004174                __malloc_unlock
 .text.cleanup_glue
                0x0000000000004178       0x1c /Applications/lpcxpresso_8.2.2_650/lpcxpresso/tools/bin/../lib/gcc/arm-none-eabi/5.4.1/../../../../arm-none-eabi/lib/armv7-m/libc.a(lib_a-reent.o)
                0x0000000000004178                cleanup_glue
 .text._reclaim_reent
                0x0000000000004194       0x88 /Applications/lpcxpresso_8.2.2_650/lpcxpresso/tools/bin/../lib/gcc/arm-none-eabi/5.4.1/../../../../arm-none-eabi/lib/armv7-m/libc.a(lib_a-reent.o)
                0x0000000000004194                _reclaim_reent
 .text._sbrk_r  0x000000000000421c       0x24 /Applications/lpcxpresso_8.2.2_650/lpcxpresso/tools/bin/../lib/gcc/arm-none-eabi/5.4.1/../../../../arm-none-eabi/lib/armv7-m/libc.a(lib_a-sbrkr.o)
                0x000000000000421c                _sbrk_r
 .text.sprintf  0x0000000000004240       0x4c /Applications/lpcxpresso_8.2.2_650/lpcxpresso/tools/bin/../lib/gcc/arm-none-eabi/5.4.1/../../../../arm-none-eabi/lib/armv7-m/libc.a(lib_a-sprintf.o)
                0x0000000000004240                sprintf
 .text.critical_factorization
                0x000000000000428c       0xb8 /Applications/lpcxpresso_8.2.2_650/lpcxpresso/tools/bin/../lib/gcc/arm-none-eabi/5.4.1/../../../../arm-none-eabi/lib/armv7-m/libc.a(lib_a-strstr.o)
 .text.two_way_long_needle
                0x0000000000004344      0x200 /Applications/lpcxpresso_8.2.2_650/lpcxpresso/tools/bin/../lib/gcc/arm-none-eabi/5.4.1/../../../../arm-none-eabi/lib/armv7-m/libc.a(lib_a-strstr.o)
 .text.strstr   0x0000000000004544      0x220 /Applications/lpcxpresso_8.2.2_650/lpcxpresso/tools/bin/../lib/gcc/arm-none-eabi/5.4.1/../../../../arm-none-eabi/lib/armv7-m/libc.a(lib_a-strstr.o)
                0x0000000000004544                strstr
 .text._strtol_r
                0x0000000000004764      0x128 /Applications/lpcxpresso_8.2.2_650/lpcxpresso/tools/bin/../lib/gcc/arm-none-eabi/5.4.1/../../../../arm-none-eabi/lib/armv7-m/libc.a(lib_a-strtol.o)
                0x0000000000004764                _strtol_r
 .text.strtol   0x000000000000488c       0x18 /Applications/lpcxpresso_8.2.2_650/lpcxpresso/tools/bin/../lib/gcc/arm-none-eabi/5.4.1/../../../../arm-none-eabi/lib/armv7-m/libc.a(lib_a-strtol.o)
                0x000000000000488c                strtol
 .text._svfprintf_r
                0x00000000000048a4     0x175c /Applications/lpcxpresso_8.2.2_650/lpcxpresso/tools/bin/../lib/gcc/arm-none-eabi/5.4.1/../../../../arm-none-eabi/lib/armv7-m/libc.a(lib_a-svfprintf.o)
                0x00000000000048a4                _svfprintf_r
 .text.quorem   0x0000000000006000      0x12c /Applications/lpcxpresso_8.2.2_650/lpcxpresso/tools/bin/../lib/gcc/arm-none-eabi/5.4.1/../../../../arm-none-eabi/lib/armv7-m/libc.a(lib_a-dtoa.o)
 *fill*         0x000000000000612c        0x4 ff
 .text._dtoa_r  0x0000000000006130      0xe4c /Applications/lpcxpresso_8.2.2_650/lpcxpresso/tools/bin/../lib/gcc/arm-none-eabi/5.4.1/../../../../arm-none-eabi/lib/armv7-m/libc.a(lib_a-dtoa.o)
                0x0000000000006130                _dtoa_r
 .text._malloc_trim_r
                0x0000000000006f7c       0x9c /Applications/lpcxpresso_8.2.2_650/lpcxpresso/tools/bin/../lib/gcc/arm-none-eabi/5.4.1/../../../../arm-none-eabi/lib/armv7-m/libc.a(lib_a-freer.o)
                0x0000000000006f7c                _malloc_trim_r
 .text._free_r  0x0000000000007018      0x1d0 /Applications/lpcxpresso_8.2.2_650/lpcxpresso/tools/bin/../lib/gcc/arm-none-eabi/5.4.1/../../../../arm-none-eabi/lib/armv7-m/libc.a(lib_a-freer.o)
                0x0000000000007018                _free_r
 .text._localeconv_r
                0x00000000000071e8        0x8 /Applications/lpcxpresso_8.2.2_650/lpcxpresso/tools/bin/../lib/gcc/arm-none-eabi/5.4.1/../../../../arm-none-eabi/lib/armv7-m/libc.a(lib_a-locale.o)
                0x00000000000071e8                _localeconv_r
 .text.memchr   0x00000000000071f0       0x8c /Applications/lpcxpresso_8.2.2_650/lpcxpresso/tools/bin/../lib/gcc/arm-none-eabi/5.4.1/../../../../arm-none-eabi/lib/armv7-m/libc.a(lib_a-memchr-stub.o)
                0x00000000000071f0                memchr
 .text.memcmp   0x000000000000727c       0x64 /Applications/lpcxpresso_8.2.2_650/lpcxpresso/tools/bin/../lib/gcc/arm-none-eabi/5.4.1/../../../../arm-none-eabi/lib/armv7-m/libc.a(lib_a-memcmp.o)
                0x000000000000727c                memcmp
 .text._Balloc  0x00000000000072e0       0x50 /Applications/lpcxpresso_8.2.2_650/lpcxpresso/tools/bin/../lib/gcc/arm-none-eabi/5.4.1/../../../../arm-none-eabi/lib/armv7-m/libc.a(lib_a-mprec.o)
                0x00000000000072e0                _Balloc
 .text._Bfree   0x0000000000007330       0x14 /Applications/lpcxpresso_8.2.2_650/lpcxpresso/tools/bin/../lib/gcc/arm-none-eabi/5.4.1/../../../../arm-none-eabi/lib/armv7-m/libc.a(lib_a-mprec.o)
                0x0000000000007330                _Bfree
 .text.__multadd
                0x0000000000007344       0x80 /Applications/lpcxpresso_8.2.2_650/lpcxpresso/tools/bin/../lib/gcc/arm-none-eabi/5.4.1/../../../../arm-none-eabi/lib/armv7-m/libc.a(lib_a-mprec.o)
                0x0000000000007344                __multadd
 .text.__hi0bits
                0x00000000000073c4       0x40 /Applications/lpcxpresso_8.2.2_650/lpcxpresso/tools/bin/../lib/gcc/arm-none-eabi/5.4.1/../../../../arm-none-eabi/lib/armv7-m/libc.a(lib_a-mprec.o)
                0x00000000000073c4                __hi0bits
 .text.__lo0bits
                0x0000000000007404       0x5c /Applications/lpcxpresso_8.2.2_650/lpcxpresso/tools/bin/../lib/gcc/arm-none-eabi/5.4.1/../../../../arm-none-eabi/lib/armv7-m/libc.a(lib_a-mprec.o)
                0x0000000000007404                __lo0bits
 .text.__i2b    0x0000000000007460       0x14 /Applications/lpcxpresso_8.2.2_650/lpcxpresso/tools/bin/../lib/gcc/arm-none-eabi/5.4.1/../../../../arm-none-eabi/lib/armv7-m/libc.a(lib_a-mprec.o)
                0x0000000000007460                __i2b
 .text.__multiply
                0x0000000000007474      0x13c /Applications/lpcxpresso_8.2.2_650/lpcxpresso/tools/bin/../lib/gcc/arm-none-eabi/5.4.1/../../../../arm-none-eabi/lib/armv7-m/libc.a(lib_a-mprec.o)
                0x0000000000007474                __multiply
 .text.__pow5mult
                0x00000000000075b0       0xa0 /Applications/lpcxpresso_8.2.2_650/lpcxpresso/tools/bin/../lib/gcc/arm-none-eabi/5.4.1/../../../../arm-none-eabi/lib/armv7-m/libc.a(lib_a-mprec.o)
                0x00000000000075b0                __pow5mult
 .text.__lshift
                0x0000000000007650       0xac /Applications/lpcxpresso_8.2.2_650/lpcxpresso/tools/bin/../lib/gcc/arm-none-eabi/5.4.1/../../../../arm-none-eabi/lib/armv7-m/libc.a(lib_a-mprec.o)
                0x0000000000007650                __lshift
 .text.__mcmp   0x00000000000076fc       0x40 /Applications/lpcxpresso_8.2.2_650/lpcxpresso/tools/bin/../lib/gcc/arm-none-eabi/5.4.1/../../../../arm-none-eabi/lib/armv7-m/libc.a(lib_a-mprec.o)
                0x00000000000076fc                __mcmp
 .text.__mdiff  0x000000000000773c      0x128 /Applications/lpcxpresso_8.2.2_650/lpcxpresso/tools/bin/../lib/gcc/arm-none-eabi/5.4.1/../../../../arm-none-eabi/lib/armv7-m/libc.a(lib_a-mprec.o)
                0x000000000000773c                __mdiff
 .text.__d2b    0x0000000000007864       0xa8 /Applications/lpcxpresso_8.2.2_650/lpcxpresso/tools/bin/../lib/gcc/arm-none-eabi/5.4.1/../../../../arm-none-eabi/lib/armv7-m/libc.a(lib_a-mprec.o)
                0x0000000000007864                __d2b
 .text.strchr   0x000000000000790c       0xd0 /Applications/lpcxpresso_8.2.2_650/lpcxpresso/tools/bin/../lib/gcc/arm-none-eabi/5.4.1/../../../../arm-none-eabi/lib/armv7-m/libc.a(lib_a-strchr.o)
                0x000000000000790c                strchr
 .text.strlen   0x00000000000079dc       0x5c /Applications/lpcxpresso_8.2.2_650/lpcxpresso/tools/bin/../lib/gcc/arm-none-eabi/5.4.1/../../../../arm-none-eabi/lib/armv7-m/libc.a(lib_a-strlen-stub.o)
                0x00000000000079dc                strlen
 .text.__ssprint_r
                0x0000000000007a38      0x100 /Applications/lpcxpresso_8.2.2_650/lpcxpresso/tools/bin/../lib/gcc/arm-none-eabi/5.4.1/../../../../arm-none-eabi/lib/armv7-m/libc.a(lib_a-svfiprintf.o)
                0x0000000000007a38                __ssprint_r
 .text._calloc_r
                0x0000000000007b38       0x60 /Applications/lpcxpresso_8.2.2_650/lpcxpresso/tools/bin/../lib/gcc/arm-none-eabi/5.4.1/../../../../arm-none-eabi/lib/armv7-m/libc.a(lib_a-callocr.o)
                0x0000000000007b38                _calloc_r
 .text.memmove  0x0000000000007b98       0xc8 /Applications/lpcxpresso_8.2.2_650/lpcxpresso/tools/bin/../lib/gcc/arm-none-eabi/5.4.1/../../../../arm-none-eabi/lib/armv7-m/libc.a(lib_a-memmove.o)
                0x0000000000007b98                memmove
 .text._realloc_r
                0x0000000000007c60      0x3d4 /Applications/lpcxpresso_8.2.2_650/lpcxpresso/tools/bin/../lib/gcc/arm-none-eabi/5.4.1/../../../../arm-none-eabi/lib/armv7-m/libc.a(lib_a-reallocr.o)
                0x0000000000007c60                _realloc_r
 .text._sbrk    0x0000000000008034       0x3c /Applications/lpcxpresso_8.2.2_650/lpcxpresso/tools/bin/../lib/gcc/arm-none-eabi/5.4.1/../../../../arm-none-eabi/lib/armv7-m/libcr_newlib_nohost.a(_cr_sbrk.o)
                0x0000000000008034                _sbrk
 .text.__check_heap_overflow
                0x0000000000008070       0x18 /Applications/lpcxpresso_8.2.2_650/lpcxpresso/tools/bin/../lib/gcc/arm-none-eabi/5.4.1/../../../../arm-none-eabi/lib/armv7-m/libcr_newlib_nohost.a(_cr_check_heap.o)
                0x0000000000008070                __check_heap_overflow
 .text          0x0000000000008088       0x5c /Applications/lpcxpresso_8.2.2_650/lpcxpresso/tools/bin/../lib/gcc/arm-none-eabi/5.4.1/armv7-m/crtbegin.o
 .text          0x00000000000080e4      0x370 /Applications/lpcxpresso_8.2.2_650/lpcxpresso/tools/bin/../lib/gcc/arm-none-eabi/5.4.1/armv7-m/libgcc.a(_arm_addsubdf3.o)
                0x00000000000080e4                __aeabi_drsub
                0x00000000000080ec                __subdf3
                0x00000000000080ec                __aeabi_dsub
                0x00000000000080f0                __aeabi_dadd
                0x00000000000080f0                __adddf3
                0x0000000000008368                __aeabi_ui2d
                0x0000000000008368                __floatunsidf
                0x0000000000008388                __floatsidf
                0x0000000000008388                __aeabi_i2d
                0x00000000000083ac                __extendsfdf2
                0x00000000000083ac                __aeabi_f2d
                0x00000000000083e8                __aeabi_ul2d
                0x00000000000083e8                __floatundidf
                0x00000000000083f8                __aeabi_l2d
                0x00000000000083f8                __floatdidf
 .text          0x0000000000008454      0x424 /Applications/lpcxpresso_8.2.2_650/lpcxpresso/tools/bin/../lib/gcc/arm-none-eabi/5.4.1/armv7-m/libgcc.a(_arm_muldivdf3.o)
                0x0000000000008454                __aeabi_dmul
                0x0000000000008454                __muldf3
                0x00000000000086a8                __aeabi_ddiv
                0x00000000000086a8                __divdf3
 .text          0x0000000000008878      0x110 /Applications/lpcxpresso_8.2.2_650/lpcxpresso/tools/bin/../lib/gcc/arm-none-eabi/5.4.1/armv7-m/libgcc.a(_arm_cmpdf2.o)
                0x0000000000008878                __gtdf2
                0x0000000000008878                __gedf2
                0x0000000000008880                __ltdf2
                0x0000000000008880                __ledf2
                0x0000000000008888                __eqdf2
                0x0000000000008888                __nedf2
                0x0000000000008888                __cmpdf2
                0x0000000000008904                __aeabi_cdrcmple
                0x0000000000008914                __aeabi_cdcmple
                0x0000000000008914                __aeabi_cdcmpeq
                0x0000000000008924                __aeabi_dcmpeq
                0x0000000000008938                __aeabi_dcmplt
                0x000000000000894c                __aeabi_dcmple
                0x0000000000008960                __aeabi_dcmpge
                0x0000000000008974                __aeabi_dcmpgt
 .text          0x0000000000008988       0x2c /Applications/lpcxpresso_8.2.2_650/lpcxpresso/tools/bin/../lib/gcc/arm-none-eabi/5.4.1/armv7-m/libgcc.a(_arm_unorddf2.o)
                0x0000000000008988                __aeabi_dcmpun
                0x0000000000008988                __unorddf2
 .text          0x00000000000089b4       0x50 /Applications/lpcxpresso_8.2.2_650/lpcxpresso/tools/bin/../lib/gcc/arm-none-eabi/5.4.1/armv7-m/libgcc.a(_arm_fixdfsi.o)
                0x00000000000089b4                __fixdfsi
                0x00000000000089b4                __aeabi_d2iz
 .text.__errno  0x0000000000008a04        0xc /Applications/lpcxpresso_8.2.2_650/lpcxpresso/tools/bin/../lib/gcc/arm-none-eabi/5.4.1/../../../../arm-none-eabi/lib/armv7-m/libc.a(lib_a-errno.o)
                0x0000000000008a04                __errno
 *(.rodata .rodata.* .constdata .constdata.*)
 .rodata._ZN12DigitalIoPin5dPortE
                0x0000000000008a10       0x1c ./src/DigitalIoPin.o
                0x0000000000008a10                DigitalIoPin::dPort
 .rodata._ZN12DigitalIoPin4dPinE
                0x0000000000008a2c       0x1c ./src/DigitalIoPin.o
                0x0000000000008a2c                DigitalIoPin::dPin
 .rodata._ZTV12DigitalIoPin
                0x0000000000008a48       0x14 ./src/DigitalIoPin.o
                0x0000000000008a48                vtable for DigitalIoPin
 .rodata        0x0000000000008a5c      0x165 ./src/lab5_1.o
 *fill*         0x0000000000008bc1        0x3 ff
 .rodata._ZTV6Syslog
                0x0000000000008bc4       0x10 ./src/lab5_1.o
                0x0000000000008bc4                vtable for Syslog
 .rodata._ZTV7Stepper
                0x0000000000008bd4       0x10 ./src/lab5_1.o
                0x0000000000008bd4                vtable for Stepper
 .rodata        0x0000000000008be4        0xa ./freertos/src/tasks.o
 *fill*         0x0000000000008bee        0x2 ff
 .rodata.OscRateIn
                0x0000000000008bf0        0x4 /Users/danh/Documents/LPCXpresso_8.2.2/workspace/lpc_board_nxp_lpcxpresso_1549/Debug/liblpc_board_nxp_lpcxpresso_1549.a(board.o)
                0x0000000000008bf0                OscRateIn
 .rodata.RTCOscRateIn
                0x0000000000008bf4        0x4 /Users/danh/Documents/LPCXpresso_8.2.2/workspace/lpc_board_nxp_lpcxpresso_1549/Debug/liblpc_board_nxp_lpcxpresso_1549.a(board.o)
                0x0000000000008bf4                RTCOscRateIn
 .rodata.ledpins
                0x0000000000008bf8        0x3 /Users/danh/Documents/LPCXpresso_8.2.2/workspace/lpc_board_nxp_lpcxpresso_1549/Debug/liblpc_board_nxp_lpcxpresso_1549.a(board.o)
 *fill*         0x0000000000008bfb        0x1 ff
 .rodata.ledports
                0x0000000000008bfc        0x3 /Users/danh/Documents/LPCXpresso_8.2.2/workspace/lpc_board_nxp_lpcxpresso_1549/Debug/liblpc_board_nxp_lpcxpresso_1549.a(board.o)
 *fill*         0x0000000000008bff        0x1 ff
 .rodata.ioconSetup
                0x0000000000008c00       0x74 /Users/danh/Documents/LPCXpresso_8.2.2/workspace/lpc_board_nxp_lpcxpresso_1549/Debug/liblpc_board_nxp_lpcxpresso_1549.a(board_sysinit.o)
 .rodata.swmSetup
                0x0000000000008c74        0x6 /Users/danh/Documents/LPCXpresso_8.2.2/workspace/lpc_board_nxp_lpcxpresso_1549/Debug/liblpc_board_nxp_lpcxpresso_1549.a(board_sysinit.o)
 *fill*         0x0000000000008c7a        0x2 ff
 .rodata.str1.4
                0x0000000000008c7c        0x2 /Applications/lpcxpresso_8.2.2_650/lpcxpresso/tools/bin/../lib/gcc/arm-none-eabi/5.4.1/../../../../arm-none-eabi/lib/armv7-m/libc.a(lib_a-impure.o)
 *fill*         0x0000000000008c7e        0x2 ff
 .rodata.blanks.7055
                0x0000000000008c80       0x10 /Applications/lpcxpresso_8.2.2_650/lpcxpresso/tools/bin/../lib/gcc/arm-none-eabi/5.4.1/../../../../arm-none-eabi/lib/armv7-m/libc.a(lib_a-svfprintf.o)
 .rodata.str1.4
                0x0000000000008c90       0x42 /Applications/lpcxpresso_8.2.2_650/lpcxpresso/tools/bin/../lib/gcc/arm-none-eabi/5.4.1/../../../../arm-none-eabi/lib/armv7-m/libc.a(lib_a-svfprintf.o)
 *fill*         0x0000000000008cd2        0x2 ff
 .rodata.zeroes.7056
                0x0000000000008cd4       0x10 /Applications/lpcxpresso_8.2.2_650/lpcxpresso/tools/bin/../lib/gcc/arm-none-eabi/5.4.1/../../../../arm-none-eabi/lib/armv7-m/libc.a(lib_a-svfprintf.o)
 .rodata._ctype_
                0x0000000000008ce4      0x101 /Applications/lpcxpresso_8.2.2_650/lpcxpresso/tools/bin/../lib/gcc/arm-none-eabi/5.4.1/../../../../arm-none-eabi/lib/armv7-m/libc.a(lib_a-ctype_.o)
                0x0000000000008ce4                _ctype_
 *fill*         0x0000000000008de5        0x3 ff
 .rodata.str1.4
                0x0000000000008de8       0x10 /Applications/lpcxpresso_8.2.2_650/lpcxpresso/tools/bin/../lib/gcc/arm-none-eabi/5.4.1/../../../../arm-none-eabi/lib/armv7-m/libc.a(lib_a-dtoa.o)
                                         0x12 (size before relaxing)
 .rodata.str1.4
                0x0000000000008df8        0xc /Applications/lpcxpresso_8.2.2_650/lpcxpresso/tools/bin/../lib/gcc/arm-none-eabi/5.4.1/../../../../arm-none-eabi/lib/armv7-m/libc.a(lib_a-locale.o)
                                         0x12 (size before relaxing)
 *fill*         0x0000000000008e04        0x4 ff
 .rodata.__mprec_tens
                0x0000000000008e08       0xc8 /Applications/lpcxpresso_8.2.2_650/lpcxpresso/tools/bin/../lib/gcc/arm-none-eabi/5.4.1/../../../../arm-none-eabi/lib/armv7-m/libc.a(lib_a-mprec.o)
                0x0000000000008e08                __mprec_tens
 .rodata.__mprec_bigtens
                0x0000000000008ed0       0x28 /Applications/lpcxpresso_8.2.2_650/lpcxpresso/tools/bin/../lib/gcc/arm-none-eabi/5.4.1/../../../../arm-none-eabi/lib/armv7-m/libc.a(lib_a-mprec.o)
                0x0000000000008ed0                __mprec_bigtens
 .rodata.p05.5396
                0x0000000000008ef8        0xc /Applications/lpcxpresso_8.2.2_650/lpcxpresso/tools/bin/../lib/gcc/arm-none-eabi/5.4.1/../../../../arm-none-eabi/lib/armv7-m/libc.a(lib_a-mprec.o)
                0x0000000000008f04                . = ALIGN (0x4)
                0x0000000000008f04                . = ALIGN (0x4)
 *(.init)
 .init          0x0000000000008f04        0x4 /Applications/lpcxpresso_8.2.2_650/lpcxpresso/tools/bin/../lib/gcc/arm-none-eabi/5.4.1/armv7-m/crti.o
                0x0000000000008f04                _init
 .init          0x0000000000008f08        0x8 /Applications/lpcxpresso_8.2.2_650/lpcxpresso/tools/bin/../lib/gcc/arm-none-eabi/5.4.1/armv7-m/crtn.o
                0x0000000000008f10                . = ALIGN (0x4)
                0x0000000000008f10                __preinit_array_start = .
 *(.preinit_array)
                0x0000000000008f10                __preinit_array_end = .
                0x0000000000008f10                . = ALIGN (0x4)
                0x0000000000008f10                __init_array_start = .
 *(SORT(.init_array.*))
 *(.init_array)
 .init_array    0x0000000000008f10        0x4 ./src/lab5_1.o
 .init_array    0x0000000000008f14        0x4 /Applications/lpcxpresso_8.2.2_650/lpcxpresso/tools/bin/../lib/gcc/arm-none-eabi/5.4.1/armv7-m/crtbegin.o
                0x0000000000008f18                __init_array_end = .
 *(.fini)
 .fini          0x0000000000008f18        0x4 /Applications/lpcxpresso_8.2.2_650/lpcxpresso/tools/bin/../lib/gcc/arm-none-eabi/5.4.1/armv7-m/crti.o
                0x0000000000008f18                _fini
 .fini          0x0000000000008f1c        0x8 /Applications/lpcxpresso_8.2.2_650/lpcxpresso/tools/bin/../lib/gcc/arm-none-eabi/5.4.1/armv7-m/crtn.o
                0x0000000000008f24                . = ALIGN (0x4)
 *crtbegin.o(.ctors)
 *(EXCLUDE_FILE(*crtend.o) .ctors)
 *(SORT(.ctors.*))
 *crtend.o(.ctors)
                0x0000000000008f24                . = ALIGN (0x4)
 *crtbegin.o(.dtors)
 *(EXCLUDE_FILE(*crtend.o) .dtors)
 *(SORT(.dtors.*))
 *crtend.o(.dtors)
                0x0000000000008f24                . = ALIGN (0x4)

.glue_7         0x0000000000008f24        0x0
 .glue_7        0x0000000000008f24        0x0 linker stubs

.glue_7t        0x0000000000008f24        0x0
 .glue_7t       0x0000000000008f24        0x0 linker stubs

.vfp11_veneer   0x0000000000008f24        0x0
 .vfp11_veneer  0x0000000000008f24        0x0 linker stubs

.v4_bx          0x0000000000008f24        0x0
 .v4_bx         0x0000000000008f24        0x0 linker stubs

.iplt           0x0000000000008f24        0x0
 .iplt          0x0000000000008f24        0x0 ./src/DigitalIoPin.o

.ARM.extab
 *(.ARM.extab* .gnu.linkonce.armextab.*)
                0x0000000000008f24                __exidx_start = .

.ARM.exidx      0x0000000000008f24        0x8
 *(.ARM.exidx* .gnu.linkonce.armexidx.*)
 .ARM.exidx     0x0000000000008f24        0x8 /Applications/lpcxpresso_8.2.2_650/lpcxpresso/tools/bin/../lib/gcc/arm-none-eabi/5.4.1/armv7-m/libgcc.a(_udivmoddi4.o)
                0x0000000000008f2c                __exidx_end = .
                0x0000000000008f2c                _etext = .

.rel.dyn        0x0000000000008f2c        0x0
 .rel.iplt      0x0000000000008f2c        0x0 ./src/DigitalIoPin.o

.eh_frame       0x0000000000008f2c        0x0
 .eh_frame      0x0000000000008f2c        0x0 /Applications/lpcxpresso_8.2.2_650/lpcxpresso/tools/bin/../lib/gcc/arm-none-eabi/5.4.1/armv7-m/crtbegin.o

.data_RAM2      0x0000000002004000        0x0 load address 0x0000000000008f2c
 FILL mask 0xff
                [!provide]                        PROVIDE (__start_data_RAM2, .)
 *(.ramfunc.$RAM2)
 *(.ramfunc.$Ram1_16)
 *(.data.$RAM2*)
 *(.data.$Ram1_16*)
                0x0000000002004000                . = ALIGN (0x4)
                [!provide]                        PROVIDE (__end_data_RAM2, .)

.data_RAM3      0x0000000002008000        0x0 load address 0x0000000000008f2c
 FILL mask 0xff
                [!provide]                        PROVIDE (__start_data_RAM3, .)
 *(.ramfunc.$RAM3)
 *(.ramfunc.$Ram2_4)
 *(.data.$RAM3*)
 *(.data.$Ram2_4*)
                0x0000000002008000                . = ALIGN (0x4)
                [!provide]                        PROVIDE (__end_data_RAM3, .)

.uninit_RESERVED
                0x0000000002000000        0x0
 *(.bss.$RESERVED*)
                0x0000000002000000                . = ALIGN (0x4)
                0x0000000002000000                _end_uninit_RESERVED = .

.data           0x0000000002000000      0x884 load address 0x0000000000008f2c
 FILL mask 0xff
                0x0000000002000000                _data = .
 *(vtable)
 *(.ramfunc*)
 *(.data*)
 .data.uxCriticalNesting
                0x0000000002000000        0x4 ./freertos/src/port.o
 .data.xNextTaskUnblockTime
                0x0000000002000004        0x4 ./freertos/src/tasks.o
 .data.impure_data
                0x0000000002000008      0x428 /Applications/lpcxpresso_8.2.2_650/lpcxpresso/tools/bin/../lib/gcc/arm-none-eabi/5.4.1/../../../../arm-none-eabi/lib/armv7-m/libc.a(lib_a-impure.o)
 .data._impure_ptr
                0x0000000002000430        0x4 /Applications/lpcxpresso_8.2.2_650/lpcxpresso/tools/bin/../lib/gcc/arm-none-eabi/5.4.1/../../../../arm-none-eabi/lib/armv7-m/libc.a(lib_a-impure.o)
                0x0000000002000430                _impure_ptr
 .data.__malloc_av_
                0x0000000002000434      0x408 /Applications/lpcxpresso_8.2.2_650/lpcxpresso/tools/bin/../lib/gcc/arm-none-eabi/5.4.1/../../../../arm-none-eabi/lib/armv7-m/libc.a(lib_a-mallocr.o)
                0x0000000002000434                __malloc_av_
 .data.__malloc_trim_threshold
                0x000000000200083c        0x4 /Applications/lpcxpresso_8.2.2_650/lpcxpresso/tools/bin/../lib/gcc/arm-none-eabi/5.4.1/../../../../arm-none-eabi/lib/armv7-m/libc.a(lib_a-mallocr.o)
                0x000000000200083c                __malloc_trim_threshold
 .data.__malloc_sbrk_base
                0x0000000002000840        0x4 /Applications/lpcxpresso_8.2.2_650/lpcxpresso/tools/bin/../lib/gcc/arm-none-eabi/5.4.1/../../../../arm-none-eabi/lib/armv7-m/libc.a(lib_a-mallocr.o)
                0x0000000002000840                __malloc_sbrk_base
 .data.__ctype_ptr__
                0x0000000002000844        0x4 /Applications/lpcxpresso_8.2.2_650/lpcxpresso/tools/bin/../lib/gcc/arm-none-eabi/5.4.1/../../../../arm-none-eabi/lib/armv7-m/libc.a(lib_a-ctype_.o)
                0x0000000002000844                __ctype_ptr__
 .data.lconv    0x0000000002000848       0x38 /Applications/lpcxpresso_8.2.2_650/lpcxpresso/tools/bin/../lib/gcc/arm-none-eabi/5.4.1/../../../../arm-none-eabi/lib/armv7-m/libc.a(lib_a-locale.o)
 .data          0x0000000002000880        0x4 /Applications/lpcxpresso_8.2.2_650/lpcxpresso/tools/bin/../lib/gcc/arm-none-eabi/5.4.1/armv7-m/crtbegin.o
                0x0000000002000880                __dso_handle
                0x0000000002000884                . = ALIGN (0x4)
                0x0000000002000884                _edata = .

.igot.plt       0x0000000002000884        0x0 load address 0x00000000000097b0
 .igot.plt      0x0000000002000884        0x0 ./src/DigitalIoPin.o

.jcr            0x0000000002000884        0x0 load address 0x00000000000097b0
 .jcr           0x0000000002000884        0x0 /Applications/lpcxpresso_8.2.2_650/lpcxpresso/tools/bin/../lib/gcc/arm-none-eabi/5.4.1/armv7-m/crtbegin.o

.bss_RAM2       0x0000000002004000        0x0
                [!provide]                        PROVIDE (__start_bss_RAM2, .)
 *(.bss.$RAM2*)
 *(.bss.$Ram1_16*)
                0x0000000002004000                . = ALIGN ((. != 0x0)?0x4:0x1)
                [!provide]                        PROVIDE (__end_bss_RAM2, .)

.bss_RAM3       0x0000000002008000        0x0
                [!provide]                        PROVIDE (__start_bss_RAM3, .)
 *(.bss.$RAM3*)
 *(.bss.$Ram2_4*)
                0x0000000002008000                . = ALIGN ((. != 0x0)?0x4:0x1)
                [!provide]                        PROVIDE (__end_bss_RAM3, .)

.bss            0x0000000002000884      0x27c
                0x0000000002000884                _bss = .
 *(.bss*)
 .bss.syslog    0x0000000002000884        0x4 ./src/lab5_1.o
                0x0000000002000884                syslog
 .bss.stepper   0x0000000002000888       0x18 ./src/lab5_1.o
                0x0000000002000888                stepper
 .bss.RIT_count
                0x00000000020008a0        0x4 ./src/lab5_1.o
                0x00000000020008a0                RIT_count
 .bss.sbRIT     0x00000000020008a4        0x4 ./src/lab5_1.o
                0x00000000020008a4                sbRIT
 .bss.word_count
                0x00000000020008a8        0x4 ./src/lab5_1.o
                0x00000000020008a8                word_count
 .bss.command   0x00000000020008ac       0x64 ./src/lab5_1.o
                0x00000000020008ac                command
 .bss.ulTimerCountsForOneTick
                0x0000000002000910        0x4 ./freertos/src/port.o
 .bss.xMaximumPossibleSuppressedTicks
                0x0000000002000914        0x4 ./freertos/src/port.o
 .bss.ulStoppedTimerCompensation
                0x0000000002000918        0x4 ./freertos/src/port.o
 .bss.xQueueRegistry
                0x000000000200091c       0x50 ./freertos/src/queue.o
                0x000000000200091c                xQueueRegistry
 .bss.pxCurrentTCB
                0x000000000200096c        0x4 ./freertos/src/tasks.o
                0x000000000200096c                pxCurrentTCB
 .bss.pxReadyTasksLists
                0x0000000002000970       0xa0 ./freertos/src/tasks.o
 .bss.xDelayedTaskList1
                0x0000000002000a10       0x14 ./freertos/src/tasks.o
 .bss.xDelayedTaskList2
                0x0000000002000a24       0x14 ./freertos/src/tasks.o
 .bss.pxDelayedTaskList
                0x0000000002000a38        0x4 ./freertos/src/tasks.o
 .bss.pxOverflowDelayedTaskList
                0x0000000002000a3c        0x4 ./freertos/src/tasks.o
 .bss.xPendingReadyList
                0x0000000002000a40       0x14 ./freertos/src/tasks.o
 .bss.xTasksWaitingTermination
                0x0000000002000a54       0x14 ./freertos/src/tasks.o
 .bss.uxTasksDeleted
                0x0000000002000a68        0x4 ./freertos/src/tasks.o
 .bss.xSuspendedTaskList
                0x0000000002000a6c       0x14 ./freertos/src/tasks.o
 .bss.uxCurrentNumberOfTasks
                0x0000000002000a80        0x4 ./freertos/src/tasks.o
 .bss.xTickCount
                0x0000000002000a84        0x4 ./freertos/src/tasks.o
 .bss.uxTopReadyPriority
                0x0000000002000a88        0x4 ./freertos/src/tasks.o
 .bss.xSchedulerRunning
                0x0000000002000a8c        0x4 ./freertos/src/tasks.o
 .bss.uxPendedTicks
                0x0000000002000a90        0x4 ./freertos/src/tasks.o
 .bss.xYieldPending
                0x0000000002000a94        0x4 ./freertos/src/tasks.o
 .bss.xNumOfOverflows
                0x0000000002000a98        0x4 ./freertos/src/tasks.o
 .bss.uxTaskNumber
                0x0000000002000a9c        0x4 ./freertos/src/tasks.o
 .bss.uxSchedulerSuspended
                0x0000000002000aa0        0x4 ./freertos/src/tasks.o
 .bss.__malloc_max_total_mem
                0x0000000002000aa4        0x4 /Applications/lpcxpresso_8.2.2_650/lpcxpresso/tools/bin/../lib/gcc/arm-none-eabi/5.4.1/../../../../arm-none-eabi/lib/armv7-m/libc.a(lib_a-mallocr.o)
                0x0000000002000aa4                __malloc_max_total_mem
 .bss.__malloc_max_sbrked_mem
                0x0000000002000aa8        0x4 /Applications/lpcxpresso_8.2.2_650/lpcxpresso/tools/bin/../lib/gcc/arm-none-eabi/5.4.1/../../../../arm-none-eabi/lib/armv7-m/libc.a(lib_a-mallocr.o)
                0x0000000002000aa8                __malloc_max_sbrked_mem
 .bss.__malloc_top_pad
                0x0000000002000aac        0x4 /Applications/lpcxpresso_8.2.2_650/lpcxpresso/tools/bin/../lib/gcc/arm-none-eabi/5.4.1/../../../../arm-none-eabi/lib/armv7-m/libc.a(lib_a-mallocr.o)
                0x0000000002000aac                __malloc_top_pad
 .bss.__malloc_current_mallinfo
                0x0000000002000ab0       0x28 /Applications/lpcxpresso_8.2.2_650/lpcxpresso/tools/bin/../lib/gcc/arm-none-eabi/5.4.1/../../../../arm-none-eabi/lib/armv7-m/libc.a(lib_a-mallocr.o)
                0x0000000002000ab0                __malloc_current_mallinfo
 .bss.__end_of_heap
                0x0000000002000ad8        0x4 /Applications/lpcxpresso_8.2.2_650/lpcxpresso/tools/bin/../lib/gcc/arm-none-eabi/5.4.1/../../../../arm-none-eabi/lib/armv7-m/libcr_newlib_nohost.a(_cr_sbrk.o)
                0x0000000002000ad8                __end_of_heap
 .bss           0x0000000002000adc       0x1c /Applications/lpcxpresso_8.2.2_650/lpcxpresso/tools/bin/../lib/gcc/arm-none-eabi/5.4.1/armv7-m/crtbegin.o
 *(COMMON)
 COMMON         0x0000000002000af8        0x4 /Users/danh/Documents/LPCXpresso_8.2.2/workspace/lpc_chip_15xx/Debug/liblpc_chip_15xx.a(chip_15xx.o)
                0x0000000002000af8                SystemCoreClock
 COMMON         0x0000000002000afc        0x4 /Applications/lpcxpresso_8.2.2_650/lpcxpresso/tools/bin/../lib/gcc/arm-none-eabi/5.4.1/../../../../arm-none-eabi/lib/armv7-m/libc.a(lib_a-reent.o)
                0x0000000002000afc                errno
                0x0000000002000b00                . = ALIGN (0x4)
                0x0000000002000b00                _ebss = .
                [!provide]                        PROVIDE (end, .)

.noinit_RAM2    0x0000000002004000        0x0
 *(.noinit.$RAM2*)
 *(.noinit.$Ram1_16*)
                0x0000000002004000                . = ALIGN (0x4)

.noinit_RAM3    0x0000000002008000        0x0
 *(.noinit.$RAM3*)
 *(.noinit.$Ram2_4*)
                0x0000000002008000                . = ALIGN (0x4)

.noinit         0x0000000002000b00        0x0
                0x0000000002000b00                _noinit = .
 *(.noinit*)
                0x0000000002000b00                . = ALIGN (0x4)
                0x0000000002000b00                _end_noinit = .
                0x0000000002000b00                PROVIDE (_pvHeapStart, DEFINED (__user_heap_base)?__user_heap_base:.)
                0x0000000002004000                PROVIDE (_vStackTop, DEFINED (__user_stack_top)?__user_stack_top:(__top_Ram0_16 - 0x0))
                0xfffffffffdffb2b6                PROVIDE (__valid_user_code_checksum, (0x0 - ((((((_vStackTop + (ResetISR + 0x1)) + (NMI_Handler + 0x1)) + (HardFault_Handler + 0x1)) + (DEFINED (MemManage_Handler)?MemManage_Handler:0x0 + 0x1)) + (DEFINED (BusFault_Handler)?BusFault_Handler:0x0 + 0x1)) + (DEFINED (UsageFault_Handler)?UsageFault_Handler:0x0 + 0x1))))
OUTPUT(Lab 5.1.axf elf32-littlearm)

.debug_info     0x0000000000000000     0xce9b
 .debug_info    0x0000000000000000     0x1342 ./src/DigitalIoPin.o
 .debug_info    0x0000000000001342      0x1aa ./src/cr_cpp_config.o
 .debug_info    0x00000000000014ec      0x281 ./src/cr_startup_lpc15xx.o
 .debug_info    0x000000000000176d     0x2725 ./src/lab5_1.o
 .debug_info    0x0000000000003e92       0xee ./src/sysinit.o
 .debug_info    0x0000000000003f80      0x1ae ./freertos/src/FreeRTOSCommonHooks.o
 .debug_info    0x000000000000412e      0x143 ./freertos/src/heap_3.o
 .debug_info    0x0000000000004271      0x2ee ./freertos/src/list.o
 .debug_info    0x000000000000455f      0x46a ./freertos/src/port.o
 .debug_info    0x00000000000049c9      0xcb2 ./freertos/src/queue.o
 .debug_info    0x000000000000567b     0x1bcb ./freertos/src/tasks.o
 .debug_info    0x0000000000007246      0xb0d /Users/danh/Documents/LPCXpresso_8.2.2/workspace/lpc_board_nxp_lpcxpresso_1549/Debug/liblpc_board_nxp_lpcxpresso_1549.a(board.o)
 .debug_info    0x0000000000007d53      0xcbc /Users/danh/Documents/LPCXpresso_8.2.2/workspace/lpc_board_nxp_lpcxpresso_1549/Debug/liblpc_board_nxp_lpcxpresso_1549.a(board_sysinit.o)
 .debug_info    0x0000000000008a0f      0x9ae /Users/danh/Documents/LPCXpresso_8.2.2/workspace/lpc_chip_15xx/Debug/liblpc_chip_15xx.a(chip_15xx.o)
 .debug_info    0x00000000000093bd      0xd6a /Users/danh/Documents/LPCXpresso_8.2.2/workspace/lpc_chip_15xx/Debug/liblpc_chip_15xx.a(clock_15xx.o)
 .debug_info    0x000000000000a127      0x645 /Users/danh/Documents/LPCXpresso_8.2.2/workspace/lpc_chip_15xx/Debug/liblpc_chip_15xx.a(gpio_15xx.o)
 .debug_info    0x000000000000a76c      0x21a /Users/danh/Documents/LPCXpresso_8.2.2/workspace/lpc_chip_15xx/Debug/liblpc_chip_15xx.a(iocon_15xx.o)
 .debug_info    0x000000000000a986      0x5c2 /Users/danh/Documents/LPCXpresso_8.2.2/workspace/lpc_chip_15xx/Debug/liblpc_chip_15xx.a(ritimer_15xx.o)
 .debug_info    0x000000000000af48      0x60b /Users/danh/Documents/LPCXpresso_8.2.2/workspace/lpc_chip_15xx/Debug/liblpc_chip_15xx.a(swm_15xx.o)
 .debug_info    0x000000000000b553      0x76d /Users/danh/Documents/LPCXpresso_8.2.2/workspace/lpc_chip_15xx/Debug/liblpc_chip_15xx.a(sysctl_15xx.o)
 .debug_info    0x000000000000bcc0      0x759 /Users/danh/Documents/LPCXpresso_8.2.2/workspace/lpc_chip_15xx/Debug/liblpc_chip_15xx.a(sysinit_15xx.o)
 .debug_info    0x000000000000c419      0x8f4 /Users/danh/Documents/LPCXpresso_8.2.2/workspace/lpc_chip_15xx/Debug/liblpc_chip_15xx.a(uart_15xx.o)
 .debug_info    0x000000000000cd0d      0x124 /Applications/lpcxpresso_8.2.2_650/lpcxpresso/tools/bin/../lib/gcc/arm-none-eabi/5.4.1/../../../../arm-none-eabi/lib/armv7-m/libcr_newlib_nohost.a(_cr_sbrk.o)
 .debug_info    0x000000000000ce31       0x6a /Applications/lpcxpresso_8.2.2_650/lpcxpresso/tools/bin/../lib/gcc/arm-none-eabi/5.4.1/../../../../arm-none-eabi/lib/armv7-m/libcr_newlib_nohost.a(_cr_check_heap.o)

.debug_abbrev   0x0000000000000000     0x2876
 .debug_abbrev  0x0000000000000000      0x314 ./src/DigitalIoPin.o
 .debug_abbrev  0x0000000000000314       0xf4 ./src/cr_cpp_config.o
 .debug_abbrev  0x0000000000000408       0xe7 ./src/cr_startup_lpc15xx.o
 .debug_abbrev  0x00000000000004ef      0x577 ./src/lab5_1.o
 .debug_abbrev  0x0000000000000a66       0x82 ./src/sysinit.o
 .debug_abbrev  0x0000000000000ae8      0x129 ./freertos/src/FreeRTOSCommonHooks.o
 .debug_abbrev  0x0000000000000c11       0xd4 ./freertos/src/heap_3.o
 .debug_abbrev  0x0000000000000ce5       0xec ./freertos/src/list.o
 .debug_abbrev  0x0000000000000dd1      0x1df ./freertos/src/port.o
 .debug_abbrev  0x0000000000000fb0      0x1f7 ./freertos/src/queue.o
 .debug_abbrev  0x00000000000011a7      0x334 ./freertos/src/tasks.o
 .debug_abbrev  0x00000000000014db      0x240 /Users/danh/Documents/LPCXpresso_8.2.2/workspace/lpc_board_nxp_lpcxpresso_1549/Debug/liblpc_board_nxp_lpcxpresso_1549.a(board.o)
 .debug_abbrev  0x000000000000171b      0x208 /Users/danh/Documents/LPCXpresso_8.2.2/workspace/lpc_board_nxp_lpcxpresso_1549/Debug/liblpc_board_nxp_lpcxpresso_1549.a(board_sysinit.o)
 .debug_abbrev  0x0000000000001923      0x1b3 /Users/danh/Documents/LPCXpresso_8.2.2/workspace/lpc_chip_15xx/Debug/liblpc_chip_15xx.a(chip_15xx.o)
 .debug_abbrev  0x0000000000001ad6      0x285 /Users/danh/Documents/LPCXpresso_8.2.2/workspace/lpc_chip_15xx/Debug/liblpc_chip_15xx.a(clock_15xx.o)
 .debug_abbrev  0x0000000000001d5b      0x16a /Users/danh/Documents/LPCXpresso_8.2.2/workspace/lpc_chip_15xx/Debug/liblpc_chip_15xx.a(gpio_15xx.o)
 .debug_abbrev  0x0000000000001ec5      0x137 /Users/danh/Documents/LPCXpresso_8.2.2/workspace/lpc_chip_15xx/Debug/liblpc_chip_15xx.a(iocon_15xx.o)
 .debug_abbrev  0x0000000000001ffc      0x16e /Users/danh/Documents/LPCXpresso_8.2.2/workspace/lpc_chip_15xx/Debug/liblpc_chip_15xx.a(ritimer_15xx.o)
 .debug_abbrev  0x000000000000216a      0x13e /Users/danh/Documents/LPCXpresso_8.2.2/workspace/lpc_chip_15xx/Debug/liblpc_chip_15xx.a(swm_15xx.o)
 .debug_abbrev  0x00000000000022a8      0x12b /Users/danh/Documents/LPCXpresso_8.2.2/workspace/lpc_chip_15xx/Debug/liblpc_chip_15xx.a(sysctl_15xx.o)
 .debug_abbrev  0x00000000000023d3      0x18c /Users/danh/Documents/LPCXpresso_8.2.2/workspace/lpc_chip_15xx/Debug/liblpc_chip_15xx.a(sysinit_15xx.o)
 .debug_abbrev  0x000000000000255f      0x1e6 /Users/danh/Documents/LPCXpresso_8.2.2/workspace/lpc_chip_15xx/Debug/liblpc_chip_15xx.a(uart_15xx.o)
 .debug_abbrev  0x0000000000002745       0xcf /Applications/lpcxpresso_8.2.2_650/lpcxpresso/tools/bin/../lib/gcc/arm-none-eabi/5.4.1/../../../../arm-none-eabi/lib/armv7-m/libcr_newlib_nohost.a(_cr_sbrk.o)
 .debug_abbrev  0x0000000000002814       0x62 /Applications/lpcxpresso_8.2.2_650/lpcxpresso/tools/bin/../lib/gcc/arm-none-eabi/5.4.1/../../../../arm-none-eabi/lib/armv7-m/libcr_newlib_nohost.a(_cr_check_heap.o)

.debug_aranges  0x0000000000000000      0xbd8
 .debug_aranges
                0x0000000000000000       0x68 ./src/DigitalIoPin.o
 .debug_aranges
                0x0000000000000068       0x48 ./src/cr_cpp_config.o
 .debug_aranges
                0x00000000000000b0       0x80 ./src/cr_startup_lpc15xx.o
 .debug_aranges
                0x0000000000000130      0x120 ./src/lab5_1.o
 .debug_aranges
                0x0000000000000250       0x20 ./src/sysinit.o
 .debug_aranges
                0x0000000000000270       0x40 ./freertos/src/FreeRTOSCommonHooks.o
 .debug_aranges
                0x00000000000002b0       0x28 ./freertos/src/heap_3.o
 .debug_aranges
                0x00000000000002d8       0x40 ./freertos/src/list.o
 .debug_aranges
                0x0000000000000318       0x90 ./freertos/src/port.o
 .debug_aranges
                0x00000000000003a8       0xf0 ./freertos/src/queue.o
 .debug_aranges
                0x0000000000000498      0x190 ./freertos/src/tasks.o
 .debug_aranges
                0x0000000000000628       0xd0 /Users/danh/Documents/LPCXpresso_8.2.2/workspace/lpc_board_nxp_lpcxpresso_1549/Debug/liblpc_board_nxp_lpcxpresso_1549.a(board.o)
 .debug_aranges
                0x00000000000006f8       0x60 /Users/danh/Documents/LPCXpresso_8.2.2/workspace/lpc_board_nxp_lpcxpresso_1549/Debug/liblpc_board_nxp_lpcxpresso_1549.a(board_sysinit.o)
 .debug_aranges
                0x0000000000000758       0x50 /Users/danh/Documents/LPCXpresso_8.2.2/workspace/lpc_chip_15xx/Debug/liblpc_chip_15xx.a(chip_15xx.o)
 .debug_aranges
                0x00000000000007a8      0x128 /Users/danh/Documents/LPCXpresso_8.2.2/workspace/lpc_chip_15xx/Debug/liblpc_chip_15xx.a(clock_15xx.o)
 .debug_aranges
                0x00000000000008d0       0x70 /Users/danh/Documents/LPCXpresso_8.2.2/workspace/lpc_chip_15xx/Debug/liblpc_chip_15xx.a(gpio_15xx.o)
 .debug_aranges
                0x0000000000000940       0x28 /Users/danh/Documents/LPCXpresso_8.2.2/workspace/lpc_chip_15xx/Debug/liblpc_chip_15xx.a(iocon_15xx.o)
 .debug_aranges
                0x0000000000000968       0x80 /Users/danh/Documents/LPCXpresso_8.2.2/workspace/lpc_chip_15xx/Debug/liblpc_chip_15xx.a(ritimer_15xx.o)
 .debug_aranges
                0x00000000000009e8       0x40 /Users/danh/Documents/LPCXpresso_8.2.2/workspace/lpc_chip_15xx/Debug/liblpc_chip_15xx.a(swm_15xx.o)
 .debug_aranges
                0x0000000000000a28       0x50 /Users/danh/Documents/LPCXpresso_8.2.2/workspace/lpc_chip_15xx/Debug/liblpc_chip_15xx.a(sysctl_15xx.o)
 .debug_aranges
                0x0000000000000a78       0x58 /Users/danh/Documents/LPCXpresso_8.2.2/workspace/lpc_chip_15xx/Debug/liblpc_chip_15xx.a(sysinit_15xx.o)
 .debug_aranges
                0x0000000000000ad0       0xc8 /Users/danh/Documents/LPCXpresso_8.2.2/workspace/lpc_chip_15xx/Debug/liblpc_chip_15xx.a(uart_15xx.o)
 .debug_aranges
                0x0000000000000b98       0x20 /Applications/lpcxpresso_8.2.2_650/lpcxpresso/tools/bin/../lib/gcc/arm-none-eabi/5.4.1/../../../../arm-none-eabi/lib/armv7-m/libcr_newlib_nohost.a(_cr_sbrk.o)
 .debug_aranges
                0x0000000000000bb8       0x20 /Applications/lpcxpresso_8.2.2_650/lpcxpresso/tools/bin/../lib/gcc/arm-none-eabi/5.4.1/../../../../arm-none-eabi/lib/armv7-m/libcr_newlib_nohost.a(_cr_check_heap.o)

.debug_ranges   0x0000000000000000      0xa70
 .debug_ranges  0x0000000000000000       0x58 ./src/DigitalIoPin.o
 .debug_ranges  0x0000000000000058       0x38 ./src/cr_cpp_config.o
 .debug_ranges  0x0000000000000090       0x70 ./src/cr_startup_lpc15xx.o
 .debug_ranges  0x0000000000000100      0x110 ./src/lab5_1.o
 .debug_ranges  0x0000000000000210       0x10 ./src/sysinit.o
 .debug_ranges  0x0000000000000220       0x30 ./freertos/src/FreeRTOSCommonHooks.o
 .debug_ranges  0x0000000000000250       0x18 ./freertos/src/heap_3.o
 .debug_ranges  0x0000000000000268       0x30 ./freertos/src/list.o
 .debug_ranges  0x0000000000000298       0x80 ./freertos/src/port.o
 .debug_ranges  0x0000000000000318       0xe0 ./freertos/src/queue.o
 .debug_ranges  0x00000000000003f8      0x180 ./freertos/src/tasks.o
 .debug_ranges  0x0000000000000578       0xd8 /Users/danh/Documents/LPCXpresso_8.2.2/workspace/lpc_board_nxp_lpcxpresso_1549/Debug/liblpc_board_nxp_lpcxpresso_1549.a(board.o)
 .debug_ranges  0x0000000000000650       0x50 /Users/danh/Documents/LPCXpresso_8.2.2/workspace/lpc_board_nxp_lpcxpresso_1549/Debug/liblpc_board_nxp_lpcxpresso_1549.a(board_sysinit.o)
 .debug_ranges  0x00000000000006a0       0x40 /Users/danh/Documents/LPCXpresso_8.2.2/workspace/lpc_chip_15xx/Debug/liblpc_chip_15xx.a(chip_15xx.o)
 .debug_ranges  0x00000000000006e0      0x118 /Users/danh/Documents/LPCXpresso_8.2.2/workspace/lpc_chip_15xx/Debug/liblpc_chip_15xx.a(clock_15xx.o)
 .debug_ranges  0x00000000000007f8       0x60 /Users/danh/Documents/LPCXpresso_8.2.2/workspace/lpc_chip_15xx/Debug/liblpc_chip_15xx.a(gpio_15xx.o)
 .debug_ranges  0x0000000000000858       0x18 /Users/danh/Documents/LPCXpresso_8.2.2/workspace/lpc_chip_15xx/Debug/liblpc_chip_15xx.a(iocon_15xx.o)
 .debug_ranges  0x0000000000000870       0x70 /Users/danh/Documents/LPCXpresso_8.2.2/workspace/lpc_chip_15xx/Debug/liblpc_chip_15xx.a(ritimer_15xx.o)
 .debug_ranges  0x00000000000008e0       0x30 /Users/danh/Documents/LPCXpresso_8.2.2/workspace/lpc_chip_15xx/Debug/liblpc_chip_15xx.a(swm_15xx.o)
 .debug_ranges  0x0000000000000910       0x40 /Users/danh/Documents/LPCXpresso_8.2.2/workspace/lpc_chip_15xx/Debug/liblpc_chip_15xx.a(sysctl_15xx.o)
 .debug_ranges  0x0000000000000950       0x48 /Users/danh/Documents/LPCXpresso_8.2.2/workspace/lpc_chip_15xx/Debug/liblpc_chip_15xx.a(sysinit_15xx.o)
 .debug_ranges  0x0000000000000998       0xb8 /Users/danh/Documents/LPCXpresso_8.2.2/workspace/lpc_chip_15xx/Debug/liblpc_chip_15xx.a(uart_15xx.o)
 .debug_ranges  0x0000000000000a50       0x10 /Applications/lpcxpresso_8.2.2_650/lpcxpresso/tools/bin/../lib/gcc/arm-none-eabi/5.4.1/../../../../arm-none-eabi/lib/armv7-m/libcr_newlib_nohost.a(_cr_sbrk.o)
 .debug_ranges  0x0000000000000a60       0x10 /Applications/lpcxpresso_8.2.2_650/lpcxpresso/tools/bin/../lib/gcc/arm-none-eabi/5.4.1/../../../../arm-none-eabi/lib/armv7-m/libcr_newlib_nohost.a(_cr_check_heap.o)

.debug_macro    0x0000000000000000     0xb48b
 .debug_macro   0x0000000000000000      0x270 ./src/DigitalIoPin.o
 .debug_macro   0x0000000000000270      0x8aa ./src/DigitalIoPin.o
 .debug_macro   0x0000000000000b1a       0x22 ./src/DigitalIoPin.o
 .debug_macro   0x0000000000000b3c       0x87 ./src/DigitalIoPin.o
 .debug_macro   0x0000000000000bc3       0x44 ./src/DigitalIoPin.o
 .debug_macro   0x0000000000000c07       0xfd ./src/DigitalIoPin.o
 .debug_macro   0x0000000000000d04       0x5e ./src/DigitalIoPin.o
 .debug_macro   0x0000000000000d62      0x1df ./src/DigitalIoPin.o
 .debug_macro   0x0000000000000f41       0x28 ./src/DigitalIoPin.o
 .debug_macro   0x0000000000000f69       0x7b ./src/DigitalIoPin.o
 .debug_macro   0x0000000000000fe4       0x10 ./src/DigitalIoPin.o
 .debug_macro   0x0000000000000ff4       0x2d ./src/DigitalIoPin.o
 .debug_macro   0x0000000000001021       0x3a ./src/DigitalIoPin.o
 .debug_macro   0x000000000000105b       0x2d ./src/DigitalIoPin.o
 .debug_macro   0x0000000000001088      0xa7d ./src/DigitalIoPin.o
 .debug_macro   0x0000000000001b05      0x1b4 ./src/DigitalIoPin.o
 .debug_macro   0x0000000000001cb9       0xca ./src/DigitalIoPin.o
 .debug_macro   0x0000000000001d83       0x18 ./src/DigitalIoPin.o
 .debug_macro   0x0000000000001d9b       0xb2 ./src/DigitalIoPin.o
 .debug_macro   0x0000000000001e4d       0x70 ./src/DigitalIoPin.o
 .debug_macro   0x0000000000001ebd       0x46 ./src/DigitalIoPin.o
 .debug_macro   0x0000000000001f03       0xd0 ./src/DigitalIoPin.o
 .debug_macro   0x0000000000001fd3       0x40 ./src/DigitalIoPin.o
 .debug_macro   0x0000000000002013      0x233 ./src/DigitalIoPin.o
 .debug_macro   0x0000000000002246       0x16 ./src/DigitalIoPin.o
 .debug_macro   0x000000000000225c       0x88 ./src/DigitalIoPin.o
 .debug_macro   0x00000000000022e4       0x34 ./src/DigitalIoPin.o
 .debug_macro   0x0000000000002318       0x6a ./src/DigitalIoPin.o
 .debug_macro   0x0000000000002382       0x40 ./src/DigitalIoPin.o
 .debug_macro   0x00000000000023c2       0x1c ./src/DigitalIoPin.o
 .debug_macro   0x00000000000023de       0x16 ./src/DigitalIoPin.o
 .debug_macro   0x00000000000023f4      0x10c ./src/DigitalIoPin.o
 .debug_macro   0x0000000000002500      0x2a9 ./src/DigitalIoPin.o
 .debug_macro   0x00000000000027a9       0x76 ./src/DigitalIoPin.o
 .debug_macro   0x000000000000281f       0x22 ./src/DigitalIoPin.o
 .debug_macro   0x0000000000002841      0x152 ./src/DigitalIoPin.o
 .debug_macro   0x0000000000002993       0x82 ./src/DigitalIoPin.o
 .debug_macro   0x0000000000002a15       0xe6 ./src/DigitalIoPin.o
 .debug_macro   0x0000000000002afb       0x3a ./src/DigitalIoPin.o
 .debug_macro   0x0000000000002b35       0x34 ./src/DigitalIoPin.o
 .debug_macro   0x0000000000002b69       0x10 ./src/DigitalIoPin.o
 .debug_macro   0x0000000000002b79       0x76 ./src/DigitalIoPin.o
 .debug_macro   0x0000000000002bef       0x58 ./src/DigitalIoPin.o
 .debug_macro   0x0000000000002c47      0x2ca ./src/DigitalIoPin.o
 .debug_macro   0x0000000000002f11      0x22b ./src/DigitalIoPin.o
 .debug_macro   0x000000000000313c       0x2e ./src/DigitalIoPin.o
 .debug_macro   0x000000000000316a       0xf7 ./src/cr_cpp_config.o
 .debug_macro   0x0000000000003261       0x4c ./src/cr_cpp_config.o
 .debug_macro   0x00000000000032ad       0x8d ./src/cr_cpp_config.o
 .debug_macro   0x000000000000333a       0x35 ./src/cr_cpp_config.o
 .debug_macro   0x000000000000336f       0x9c ./src/cr_cpp_config.o
 .debug_macro   0x000000000000340b       0x16 ./src/cr_cpp_config.o
 .debug_macro   0x0000000000003421      0x10e ./src/cr_cpp_config.o
 .debug_macro   0x000000000000352f       0x86 ./src/cr_cpp_config.o
 .debug_macro   0x00000000000035b5       0x4a ./src/cr_cpp_config.o
 .debug_macro   0x00000000000035ff       0x52 ./src/cr_cpp_config.o
 .debug_macro   0x0000000000003651       0x1f ./src/cr_cpp_config.o
 .debug_macro   0x0000000000003670       0x43 ./src/cr_cpp_config.o
 .debug_macro   0x00000000000036b3       0x20 ./src/cr_cpp_config.o
 .debug_macro   0x00000000000036d3      0x187 ./src/cr_cpp_config.o
 .debug_macro   0x000000000000385a      0x330 ./src/cr_cpp_config.o
 .debug_macro   0x0000000000003b8a       0x16 ./src/cr_cpp_config.o
 .debug_macro   0x0000000000003ba0       0x29 ./src/cr_cpp_config.o
 .debug_macro   0x0000000000003bc9       0x23 ./src/cr_startup_lpc15xx.o
 .debug_macro   0x0000000000003bec      0x813 ./src/lab5_1.o
 .debug_macro   0x00000000000043ff       0x34 ./src/lab5_1.o
 .debug_macro   0x0000000000004433       0x52 ./src/lab5_1.o
 .debug_macro   0x0000000000004485       0x16 ./src/lab5_1.o
 .debug_macro   0x000000000000449b       0x97 ./src/lab5_1.o
 .debug_macro   0x0000000000004532       0xf6 ./src/lab5_1.o
 .debug_macro   0x0000000000004628       0x10 ./src/lab5_1.o
 .debug_macro   0x0000000000004638       0x10 ./src/lab5_1.o
 .debug_macro   0x0000000000004648       0x1c ./src/lab5_1.o
 .debug_macro   0x0000000000004664       0x52 ./src/lab5_1.o
 .debug_macro   0x00000000000046b6       0x40 ./src/lab5_1.o
 .debug_macro   0x00000000000046f6       0x10 ./src/lab5_1.o
 .debug_macro   0x0000000000004706       0x40 ./src/lab5_1.o
 .debug_macro   0x0000000000004746       0xd7 ./src/lab5_1.o
 .debug_macro   0x000000000000481d       0x16 ./src/lab5_1.o
 .debug_macro   0x0000000000004833      0x189 ./src/lab5_1.o
 .debug_macro   0x00000000000049bc       0x20 ./src/lab5_1.o