Archive member included to satisfy reference by file (symbol)

/Users/danh/Documents/LPCXpresso_8.2.0/workspace/lpc_board_nxp_lpcxpresso_1549/Debug/liblpc_board_nxp_lpcxpresso_1549.a(board.o)
                              ./src/lab2.o (Board_UARTPutChar)
/Users/danh/Documents/LPCXpresso_8.2.0/workspace/lpc_board_nxp_lpcxpresso_1549/Debug/liblpc_board_nxp_lpcxpresso_1549.a(board_sysinit.o)
                              ./src/sysinit.o (Board_SystemInit)
/Users/danh/Documents/LPCXpresso_8.2.0/workspace/lpc_chip_15xx/Debug/liblpc_chip_15xx.a(chip_15xx.o)
                              ./freertos/src/port.o (SystemCoreClock)
/Users/danh/Documents/LPCXpresso_8.2.0/workspace/lpc_chip_15xx/Debug/liblpc_chip_15xx.a(clock_15xx.o)
                              /Users/danh/Documents/LPCXpresso_8.2.0/workspace/lpc_board_nxp_lpcxpresso_1549/Debug/liblpc_board_nxp_lpcxpresso_1549.a(board.o) (Chip_Clock_GetMainClockRate)
/Users/danh/Documents/LPCXpresso_8.2.0/workspace/lpc_chip_15xx/Debug/liblpc_chip_15xx.a(gpio_15xx.o)
                              /Users/danh/Documents/LPCXpresso_8.2.0/workspace/lpc_board_nxp_lpcxpresso_1549/Debug/liblpc_board_nxp_lpcxpresso_1549.a(board.o) (Chip_GPIO_Init)
/Users/danh/Documents/LPCXpresso_8.2.0/workspace/lpc_chip_15xx/Debug/liblpc_chip_15xx.a(iocon_15xx.o)
                              /Users/danh/Documents/LPCXpresso_8.2.0/workspace/lpc_board_nxp_lpcxpresso_1549/Debug/liblpc_board_nxp_lpcxpresso_1549.a(board_sysinit.o) (Chip_IOCON_SetPinMuxing)
/Users/danh/Documents/LPCXpresso_8.2.0/workspace/lpc_chip_15xx/Debug/liblpc_chip_15xx.a(swm_15xx.o)
                              /Users/danh/Documents/LPCXpresso_8.2.0/workspace/lpc_board_nxp_lpcxpresso_1549/Debug/liblpc_board_nxp_lpcxpresso_1549.a(board.o) (Chip_SWM_MovablePinAssign)
/Users/danh/Documents/LPCXpresso_8.2.0/workspace/lpc_chip_15xx/Debug/liblpc_chip_15xx.a(sysctl_15xx.o)
                              /Users/danh/Documents/LPCXpresso_8.2.0/workspace/lpc_board_nxp_lpcxpresso_1549/Debug/liblpc_board_nxp_lpcxpresso_1549.a(board_sysinit.o) (Chip_SYSCTL_AssertPeriphReset)
/Users/danh/Documents/LPCXpresso_8.2.0/workspace/lpc_chip_15xx/Debug/liblpc_chip_15xx.a(sysinit_15xx.o)
                              /Users/danh/Documents/LPCXpresso_8.2.0/workspace/lpc_board_nxp_lpcxpresso_1549/Debug/liblpc_board_nxp_lpcxpresso_1549.a(board_sysinit.o) (Chip_SetupXtalClocking)
/Users/danh/Documents/LPCXpresso_8.2.0/workspace/lpc_chip_15xx/Debug/liblpc_chip_15xx.a(uart_15xx.o)
                              /Users/danh/Documents/LPCXpresso_8.2.0/workspace/lpc_board_nxp_lpcxpresso_1549/Debug/liblpc_board_nxp_lpcxpresso_1549.a(board.o) (Chip_UART_Init)
/Users/danh/Documents/LPCXpresso_8.2.0/workspace/lpc_chip_15xx/Debug/liblpc_chip_15xx.a(ring_buffer.o)
                              /Users/danh/Documents/LPCXpresso_8.2.0/workspace/lpc_chip_15xx/Debug/liblpc_chip_15xx.a(uart_15xx.o) (RingBuffer_Insert)
/Applications/lpcxpresso_8.2.0_647/lpcxpresso/tools/bin/../lib/gcc/arm-none-eabi/5.3.1/armv7-m/libgcc.a(_aeabi_uldivmod.o)
                              /Users/danh/Documents/LPCXpresso_8.2.0/workspace/lpc_chip_15xx/Debug/liblpc_chip_15xx.a(clock_15xx.o) (__aeabi_uldivmod)
/Applications/lpcxpresso_8.2.0_647/lpcxpresso/tools/bin/../lib/gcc/arm-none-eabi/5.3.1/armv7-m/libgcc.a(_udivmoddi4.o)
                              /Applications/lpcxpresso_8.2.0_647/lpcxpresso/tools/bin/../lib/gcc/arm-none-eabi/5.3.1/armv7-m/libgcc.a(_aeabi_uldivmod.o) (__udivmoddi4)
/Applications/lpcxpresso_8.2.0_647/lpcxpresso/tools/bin/../lib/gcc/arm-none-eabi/5.3.1/armv7-m/libgcc.a(_dvmd_tls.o)
                              /Applications/lpcxpresso_8.2.0_647/lpcxpresso/tools/bin/../lib/gcc/arm-none-eabi/5.3.1/armv7-m/libgcc.a(_aeabi_uldivmod.o) (__aeabi_ldiv0)
/Applications/lpcxpresso_8.2.0_647/lpcxpresso/tools/bin/../lib/gcc/arm-none-eabi/5.3.1/../../../../arm-none-eabi/lib/armv7-m/libc.a(lib_a-impure.o)
                              ./freertos/src/tasks.o (_impure_ptr)
/Applications/lpcxpresso_8.2.0_647/lpcxpresso/tools/bin/../lib/gcc/arm-none-eabi/5.3.1/../../../../arm-none-eabi/lib/armv7-m/libc.a(lib_a-init.o)
                              ./src/cr_startup_lpc15xx.o (__libc_init_array)
/Applications/lpcxpresso_8.2.0_647/lpcxpresso/tools/bin/../lib/gcc/arm-none-eabi/5.3.1/../../../../arm-none-eabi/lib/armv7-m/libc.a(lib_a-malloc.o)
                              ./src/cr_cpp_config.o (malloc)
/Applications/lpcxpresso_8.2.0_647/lpcxpresso/tools/bin/../lib/gcc/arm-none-eabi/5.3.1/../../../../arm-none-eabi/lib/armv7-m/libc.a(lib_a-mallocr.o)
                              /Applications/lpcxpresso_8.2.0_647/lpcxpresso/tools/bin/../lib/gcc/arm-none-eabi/5.3.1/../../../../arm-none-eabi/lib/armv7-m/libc.a(lib_a-malloc.o) (_malloc_r)
/Applications/lpcxpresso_8.2.0_647/lpcxpresso/tools/bin/../lib/gcc/arm-none-eabi/5.3.1/../../../../arm-none-eabi/lib/armv7-m/libc.a(lib_a-memcpy.o)
                              ./freertos/src/queue.o (memcpy)
[...]
Memory Configuration

Name             Origin             Length             Attributes
MFlash256        0x0000000000000000 0x0000000000040000 xr
Ram0_16          0x0000000002000000 0x0000000000004000 xrw
Ram1_16          0x0000000002004000 0x0000000000004000 xrw
Ram2_4           0x0000000002008000 0x0000000000001000 xrw
*default*        0x0000000000000000 0xffffffffffffffff

Linker script and memory map

LOAD ./src/DigitalIoPin.o
LOAD ./src/cr_cpp_config.o
LOAD ./src/cr_startup_lpc15xx.o
LOAD ./src/crp.o
LOAD ./src/lab2.o
LOAD ./src/sysinit.o
LOAD ./freertos/src/FreeRTOSCommonHooks.o
LOAD ./freertos/src/croutine.o
LOAD ./freertos/src/event_groups.o
LOAD ./freertos/src/heap_3.o
LOAD ./freertos/src/list.o
LOAD ./freertos/src/port.o
LOAD ./freertos/src/queue.o
LOAD ./freertos/src/tasks.o
LOAD ./freertos/src/timers.o
LOAD /Users/danh/Documents/LPCXpresso_8.2.0/workspace/lpc_board_nxp_lpcxpresso_1549/Debug/liblpc_board_nxp_lpcxpresso_1549.a
LOAD /Users/danh/Documents/LPCXpresso_8.2.0/workspace/lpc_chip_15xx/Debug/liblpc_chip_15xx.a
START GROUP
LOAD /Applications/lpcxpresso_8.2.0_647/lpcxpresso/tools/bin/../lib/gcc/arm-none-eabi/5.3.1/armv7-m/libgcc.a
LOAD /Applications/lpcxpresso_8.2.0_647/lpcxpresso/tools/bin/../lib/gcc/arm-none-eabi/5.3.1/../../../../arm-none-eabi/lib/armv7-m/libc.a
LOAD /Applications/lpcxpresso_8.2.0_647/lpcxpresso/tools/bin/../lib/gcc/arm-none-eabi/5.3.1/../../../../arm-none-eabi/lib/armv7-m/libstdc++.a
LOAD /Applications/lpcxpresso_8.2.0_647/lpcxpresso/tools/bin/../lib/gcc/arm-none-eabi/5.3.1/../../../../arm-none-eabi/lib/armv7-m/libm.a
LOAD /Applications/lpcxpresso_8.2.0_647/lpcxpresso/tools/bin/../lib/gcc/arm-none-eabi/5.3.1/../../../../arm-none-eabi/lib/armv7-m/libcr_newlib_nohost.a
LOAD /Applications/lpcxpresso_8.2.0_647/lpcxpresso/tools/bin/../lib/gcc/arm-none-eabi/5.3.1/armv7-m/crti.o
LOAD /Applications/lpcxpresso_8.2.0_647/lpcxpresso/tools/bin/../lib/gcc/arm-none-eabi/5.3.1/armv7-m/crtn.o
LOAD /Applications/lpcxpresso_8.2.0_647/lpcxpresso/tools/bin/../lib/gcc/arm-none-eabi/5.3.1/armv7-m/crtbegin.o
LOAD /Applications/lpcxpresso_8.2.0_647/lpcxpresso/tools/bin/../lib/gcc/arm-none-eabi/5.3.1/armv7-m/crtend.o
END GROUP
                0x0000000000000000                __base_MFlash256 = 0x0
                0x0000000000000000                __base_Flash = 0x0
                0x0000000000040000                __top_MFlash256 = 0x40000
                0x0000000000040000                __top_Flash = 0x40000
                0x0000000002000000                __base_Ram0_16 = 0x2000000
                0x0000000002000000                __base_RAM = 0x2000000
                0x0000000002004000                __top_Ram0_16 = 0x2004000
                0x0000000002004000                __top_RAM = 0x2004000
                0x0000000002004000                __base_Ram1_16 = 0x2004000
                0x0000000002004000                __base_RAM2 = 0x2004000
                0x0000000002008000                __top_Ram1_16 = 0x2008000
                0x0000000002008000                __top_RAM2 = 0x2008000
                0x0000000002008000                __base_Ram2_4 = 0x2008000
                0x0000000002008000                __base_RAM3 = 0x2008000
                0x0000000002009000                __top_Ram2_4 = 0x2009000
                0x0000000002009000                __top_RAM3 = 0x2009000

.text           0x0000000000000000     0x38b8
 FILL mask 0xff
                0x0000000000000000                __vectors_start__ = ABSOLUTE (.)
 *(.isr_vector)
 .isr_vector    0x0000000000000000       0xfc ./src/cr_startup_lpc15xx.o
                0x0000000000000000                g_pfnVectors
                0x00000000000000fc                . = ALIGN (0x4)
                0x00000000000000fc                __section_table_start = .
                0x00000000000000fc                __data_section_table = .
                0x00000000000000fc        0x4 LONG 0x38c0 LOADADDR (.data)
                0x0000000000000100        0x4 LONG 0x2000000 ADDR (.data)
                0x0000000000000104        0x4 LONG 0x844 SIZEOF (.data)
                0x0000000000000108        0x4 LONG 0x38c0 LOADADDR (.data_RAM2)
                0x000000000000010c        0x4 LONG 0x2004000 ADDR (.data_RAM2)
                0x0000000000000110        0x4 LONG 0x0 SIZEOF (.data_RAM2)
                0x0000000000000114        0x4 LONG 0x38c0 LOADADDR (.data_RAM3)
                0x0000000000000118        0x4 LONG 0x2008000 ADDR (.data_RAM3)
                0x000000000000011c        0x4 LONG 0x0 SIZEOF (.data_RAM3)
                0x0000000000000120                __data_section_table_end = .
                0x0000000000000120                __bss_section_table = .
                0x0000000000000120        0x4 LONG 0x2000844 ADDR (.bss)
                0x0000000000000124        0x4 LONG 0x1a0 SIZEOF (.bss)
                0x0000000000000128        0x4 LONG 0x2004000 ADDR (.bss_RAM2)
                0x000000000000012c        0x4 LONG 0x0 SIZEOF (.bss_RAM2)
                0x0000000000000130        0x4 LONG 0x2008000 ADDR (.bss_RAM3)
                0x0000000000000134        0x4 LONG 0x0 SIZEOF (.bss_RAM3)
                0x0000000000000138                __bss_section_table_end = .
                0x0000000000000138                __section_table_end = .
 *(.after_vectors*)
 .after_vectors
                0x0000000000000138      0x158 ./src/cr_startup_lpc15xx.o
                0x0000000000000138                data_init(unsigned int, unsigned int, unsigned int)
                0x000000000000017c                bss_init(unsigned int, unsigned int)
                0x00000000000001b4                ResetISR
                0x0000000000000240                NMI_Handler
                0x0000000000000248                HardFault_Handler
                0x0000000000000250                MemManage_Handler
                0x0000000000000258                BusFault_Handler
                0x0000000000000260                UsageFault_Handler
                0x0000000000000270                DebugMon_Handler
                0x0000000000000288                UART0_IRQHandler
                0x0000000000000288                SPI1_IRQHandler
                0x0000000000000288                PIN_INT6_IRQHandler
                0x0000000000000288                IntDefaultHandler
                0x0000000000000288                PIN_INT4_IRQHandler
                0x0000000000000288                CAN_IRQHandler
                0x0000000000000288                RTC_ALARM_IRQHandler
                0x0000000000000288                ADC1B_IRQHandler
                0x0000000000000288                ADC1_OVR_IRQHandler
                0x0000000000000288                USBWakeup_IRQHandler
                0x0000000000000288                UART2_IRQHandler
                0x0000000000000288                PIN_INT5_IRQHandler
                0x0000000000000288                SCT1_IRQHandler
                0x0000000000000288                PIN_INT2_IRQHandler
                0x0000000000000288                USB_FIQHandler
                0x0000000000000288                SCT3_IRQHandler
                0x0000000000000288                PIN_INT7_IRQHandler
                0x0000000000000288                PIN_INT1_IRQHandler
                0x0000000000000288                USB_IRQHandler
                0x0000000000000288                BOD_IRQHandler
                0x0000000000000288                ADC0B_IRQHandler
                0x0000000000000288                ACMP0_IRQHandler
                0x0000000000000288                WDT_IRQHandler
                0x0000000000000288                PIN_INT0_IRQHandler
                0x0000000000000288                QEI_IRQHandler
                0x0000000000000288                ACMP3_IRQHandler
                0x0000000000000288                GINT0_IRQHandler
                0x0000000000000288                DAC_IRQHandler
                0x0000000000000288                SPI0_IRQHandler
                0x0000000000000288                EEPROM_IRQHandler
                0x0000000000000288                ACMP2_IRQHandler
                0x0000000000000288                ADC1A_IRQHandler
                0x0000000000000288                DMA_IRQHandler
                0x0000000000000288                PIN_INT3_IRQHandler
                0x0000000000000288                ACMP1_IRQHandler
                0x0000000000000288                ADC0A_IRQHandler
                0x0000000000000288                FMC_IRQHandler
                0x0000000000000288                GINT1_IRQHandler
                0x0000000000000288                SCT0_IRQHandler
                0x0000000000000288                ADC0_THCMP_IRQHandler
                0x0000000000000288                RIT_IRQHandler
                0x0000000000000288                I2C0_IRQHandler
                0x0000000000000288                ADC0_OVR_IRQHandler
                0x0000000000000288                ADC1_THCMP_IRQHandler
                0x0000000000000288                SCT2_IRQHandler
                0x0000000000000288                MRT_IRQHandler
                0x0000000000000288                UART1_IRQHandler
                0x0000000000000288                RTC_WAKE_IRQHandler
 *(.text*)
 .text._ZL16prvSetupHardwarev
                0x0000000000000290       0x18 ./src/lab2.o
 .text._ZL12vButtonTask1Pv
                0x00000000000002a8       0x54 ./src/lab2.o
 .text._ZL12vButtonTask2Pv
                0x00000000000002fc       0x58 ./src/lab2.o
 .text.main     0x0000000000000354       0x68 ./src/lab2.o
                0x0000000000000354                main
 .text.SystemInit
                0x00000000000003bc        0xc ./src/sysinit.o
                0x00000000000003bc                SystemInit
 .text.vApplicationIdleHook
                0x00000000000003c8       0x10 ./freertos/src/FreeRTOSCommonHooks.o
                0x00000000000003c8                vApplicationIdleHook
 .text.pvPortMalloc
                0x00000000000003d8       0x24 ./freertos/src/heap_3.o
                0x00000000000003d8                pvPortMalloc
 .text.vPortFree
                0x00000000000003fc       0x24 ./freertos/src/heap_3.o
                0x00000000000003fc                vPortFree
 .text.vListInitialise
                0x0000000000000420       0x40 ./freertos/src/list.o
                0x0000000000000420                vListInitialise
 .text.vListInitialiseItem
                0x0000000000000460       0x18 ./freertos/src/list.o
                0x0000000000000460                vListInitialiseItem
 .text.vListInsertEnd
                0x0000000000000478       0x48 ./freertos/src/list.o
                0x0000000000000478                vListInsertEnd
 .text.vListInsert
                0x00000000000004c0       0x70 ./freertos/src/list.o
                0x00000000000004c0                vListInsert
 .text.uxListRemove
                0x0000000000000530       0x54 ./freertos/src/list.o
                0x0000000000000530                uxListRemove
 .text.pxPortInitialiseStack
                0x0000000000000584       0x54 ./freertos/src/port.o
                0x0000000000000584                pxPortInitialiseStack
 .text.prvTaskExitError
                0x00000000000005d8        0xc ./freertos/src/port.o
 .text.SVC_Handler
                0x00000000000005e4       0x28 ./freertos/src/port.o
                0x00000000000005e4                SVC_Handler
 .text.prvPortStartFirstTask
                0x000000000000060c       0x20 ./freertos/src/port.o
 .text.xPortStartScheduler
                0x000000000000062c       0x3c ./freertos/src/port.o
                0x000000000000062c                xPortStartScheduler
 .text.vPortYield
                0x0000000000000668       0x20 ./freertos/src/port.o
                0x0000000000000668                vPortYield
 .text.vPortEnterCritical
                0x0000000000000688       0x24 ./freertos/src/port.o
                0x0000000000000688                vPortEnterCritical
 .text.vPortExitCritical
                0x00000000000006ac       0x24 ./freertos/src/port.o
                0x00000000000006ac                vPortExitCritical
 .text.ulPortSetInterruptMask
                0x00000000000006d0       0x14 ./freertos/src/port.o
                0x00000000000006d0                ulPortSetInterruptMask
 .text.vPortClearInterruptMask
                0x00000000000006e4        0x8 ./freertos/src/port.o
                0x00000000000006e4                vPortClearInterruptMask
 .text.PendSV_Handler
                0x00000000000006ec       0x48 ./freertos/src/port.o
                0x00000000000006ec                PendSV_Handler
 .text.SysTick_Handler
                0x0000000000000734       0x28 ./freertos/src/port.o
                0x0000000000000734                SysTick_Handler
 .text.vPortSuppressTicksAndSleep
                0x000000000000075c      0x17c ./freertos/src/port.o
                0x000000000000075c                vPortSuppressTicksAndSleep
 .text.vPortSetupTimerInterrupt
                0x00000000000008d8       0x78 ./freertos/src/port.o
                0x00000000000008d8                vPortSetupTimerInterrupt
 .text.xQueueCreateMutex
                0x0000000000000950       0x84 ./freertos/src/queue.o
                0x0000000000000950                xQueueCreateMutex
 .text.xQueueGenericSend
                0x00000000000009d4      0x110 ./freertos/src/queue.o
                0x00000000000009d4                xQueueGenericSend
 .text.xQueueGenericReceive
                0x0000000000000ae4      0x16c ./freertos/src/queue.o
                0x0000000000000ae4                xQueueGenericReceive
 .text.prvCopyDataToQueue
                0x0000000000000c50       0xd0 ./freertos/src/queue.o
 .text.prvCopyDataFromQueue
                0x0000000000000d20       0x4c ./freertos/src/queue.o
 .text.prvUnlockQueue
                0x0000000000000d6c       0x98 ./freertos/src/queue.o
 .text.prvIsQueueEmpty
                0x0000000000000e04       0x2c ./freertos/src/queue.o
 .text.prvIsQueueFull
                0x0000000000000e30       0x30 ./freertos/src/queue.o
 .text.xTaskGenericCreate
                0x0000000000000e60      0x140 ./freertos/src/tasks.o
                0x0000000000000e60                xTaskGenericCreate
 .text.vTaskDelay
                0x0000000000000fa0       0x54 ./freertos/src/tasks.o
                0x0000000000000fa0                vTaskDelay
 .text.vTaskStartScheduler
                0x0000000000000ff4       0x68 ./freertos/src/tasks.o
                0x0000000000000ff4                vTaskStartScheduler
 .text.vTaskSuspendAll
                0x000000000000105c       0x1c ./freertos/src/tasks.o
                0x000000000000105c                vTaskSuspendAll
 .text.prvGetExpectedIdleTime
                0x0000000000001078       0x4c ./freertos/src/tasks.o
 .text.xTaskResumeAll
                0x00000000000010c4       0xfc ./freertos/src/tasks.o
                0x00000000000010c4                xTaskResumeAll
 .text.vTaskStepTick
                0x00000000000011c0       0x24 ./freertos/src/tasks.o
                0x00000000000011c0                vTaskStepTick
 .text.xTaskIncrementTick
                0x00000000000011e4      0x15c ./freertos/src/tasks.o
                0x00000000000011e4                xTaskIncrementTick
 .text.vTaskSwitchContext
                0x0000000000001340       0xa8 ./freertos/src/tasks.o
                0x0000000000001340                vTaskSwitchContext
 .text.vTaskPlaceOnEventList
                0x00000000000013e8       0x60 ./freertos/src/tasks.o
                0x00000000000013e8                vTaskPlaceOnEventList
 .text.xTaskRemoveFromEventList
                0x0000000000001448       0xac ./freertos/src/tasks.o
                0x0000000000001448                xTaskRemoveFromEventList
 .text.vTaskSetTimeOutState
                0x00000000000014f4       0x2c ./freertos/src/tasks.o
                0x00000000000014f4                vTaskSetTimeOutState
 .text.xTaskCheckForTimeOut
                0x0000000000001520       0x88 ./freertos/src/tasks.o
                0x0000000000001520                xTaskCheckForTimeOut
 .text.vTaskMissedYield
                0x00000000000015a8       0x18 ./freertos/src/tasks.o
                0x00000000000015a8                vTaskMissedYield
 .text.prvIdleTask
                0x00000000000015c0       0x48 ./freertos/src/tasks.o
 .text.eTaskConfirmSleepModeStatus
                0x0000000000001608       0x5c ./freertos/src/tasks.o
                0x0000000000001608                eTaskConfirmSleepModeStatus
 .text.prvInitialiseTCBVariables
                0x0000000000001664      0x124 ./freertos/src/tasks.o
 .text.prvInitialiseTaskLists
                0x0000000000001788       0x80 ./freertos/src/tasks.o
 .text.prvCheckTasksWaitingTermination
                0x0000000000001808       0x78 ./freertos/src/tasks.o
 .text.prvAddCurrentTaskToDelayedList
                0x0000000000001880       0x6c ./freertos/src/tasks.o
 .text.prvAllocateTCBAndStack
                0x00000000000018ec       0x64 ./freertos/src/tasks.o
 .text.prvDeleteTCB
                0x0000000000001950       0x2c ./freertos/src/tasks.o
 .text.prvResetNextTaskUnblockTime
                0x000000000000197c       0x48 ./freertos/src/tasks.o
 .text.xTaskGetCurrentTaskHandle
                0x00000000000019c4       0x1c ./freertos/src/tasks.o
                0x00000000000019c4                xTaskGetCurrentTaskHandle
 .text.vTaskPriorityInherit
                0x00000000000019e0       0xbc ./freertos/src/tasks.o
                0x00000000000019e0                vTaskPriorityInherit
 .text.vTaskPriorityDisinherit
                0x0000000000001a9c       0x84 ./freertos/src/tasks.o
                0x0000000000001a9c                vTaskPriorityDisinherit
 .text.Chip_IOCON_PinMuxSet
                0x0000000000001b20       0x2c /Users/danh/Documents/LPCXpresso_8.2.0/workspace/lpc_board_nxp_lpcxpresso_1549/Debug/liblpc_board_nxp_lpcxpresso_1549.a(board.o)
 .text.Chip_SWM_MovablePortPinAssign
                0x0000000000001b4c       0x30 /Users/danh/Documents/LPCXpresso_8.2.0/workspace/lpc_board_nxp_lpcxpresso_1549/Debug/liblpc_board_nxp_lpcxpresso_1549.a(board.o)
 .text.Chip_GPIO_SetPinState
                0x0000000000001b7c       0x38 /Users/danh/Documents/LPCXpresso_8.2.0/workspace/lpc_board_nxp_lpcxpresso_1549/Debug/liblpc_board_nxp_lpcxpresso_1549.a(board.o)
 .text.Chip_GPIO_SetPinDIROutput
                0x0000000000001bb4       0x3c /Users/danh/Documents/LPCXpresso_8.2.0/workspace/lpc_board_nxp_lpcxpresso_1549/Debug/liblpc_board_nxp_lpcxpresso_1549.a(board.o)
 .text.Chip_UART_Enable
                0x0000000000001bf0       0x20 /Users/danh/Documents/LPCXpresso_8.2.0/workspace/lpc_board_nxp_lpcxpresso_1549/Debug/liblpc_board_nxp_lpcxpresso_1549.a(board.o)
 .text.Chip_UART_TXEnable
                0x0000000000001c10       0x20 /Users/danh/Documents/LPCXpresso_8.2.0/workspace/lpc_board_nxp_lpcxpresso_1549/Debug/liblpc_board_nxp_lpcxpresso_1549.a(board.o)
 .text.Chip_UART_ConfigData
                0x0000000000001c30       0x28 /Users/danh/Documents/LPCXpresso_8.2.0/workspace/lpc_board_nxp_lpcxpresso_1549/Debug/liblpc_board_nxp_lpcxpresso_1549.a(board.o)
 .text.Board_UARTPutChar
                0x0000000000001c58       0x24 /Users/danh/Documents/LPCXpresso_8.2.0/workspace/lpc_board_nxp_lpcxpresso_1549/Debug/liblpc_board_nxp_lpcxpresso_1549.a(board.o)
                0x0000000000001c58                Board_UARTPutChar
 .text.Board_UARTGetChar
                0x0000000000001c7c       0x2c /Users/danh/Documents/LPCXpresso_8.2.0/workspace/lpc_board_nxp_lpcxpresso_1549/Debug/liblpc_board_nxp_lpcxpresso_1549.a(board.o)
                0x0000000000001c7c                Board_UARTGetChar
 .text.Board_Debug_Init
                0x0000000000001ca8       0x70 /Users/danh/Documents/LPCXpresso_8.2.0/workspace/lpc_board_nxp_lpcxpresso_1549/Debug/liblpc_board_nxp_lpcxpresso_1549.a(board.o)
                0x0000000000001ca8                Board_Debug_Init
 .text.Board_LED_Init
                0x0000000000001d18       0x5c /Users/danh/Documents/LPCXpresso_8.2.0/workspace/lpc_board_nxp_lpcxpresso_1549/Debug/liblpc_board_nxp_lpcxpresso_1549.a(board.o)
 .text.Board_LED_Set
                0x0000000000001d74       0x54 /Users/danh/Documents/LPCXpresso_8.2.0/workspace/lpc_board_nxp_lpcxpresso_1549/Debug/liblpc_board_nxp_lpcxpresso_1549.a(board.o)
                0x0000000000001d74                Board_LED_Set
 .text.Board_Init
                0x0000000000001dc8       0x18 /Users/danh/Documents/LPCXpresso_8.2.0/workspace/lpc_board_nxp_lpcxpresso_1549/Debug/liblpc_board_nxp_lpcxpresso_1549.a(board.o)
                0x0000000000001dc8                Board_Init
 .text.Chip_SYSCTL_PeriphReset
                0x0000000000001de0       0x24 /Users/danh/Documents/LPCXpresso_8.2.0/workspace/lpc_board_nxp_lpcxpresso_1549/Debug/liblpc_board_nxp_lpcxpresso_1549.a(board_sysinit.o)
 .text.Chip_Clock_SetUSBPLLSource
                0x0000000000001e04       0x20 /Users/danh/Documents/LPCXpresso_8.2.0/workspace/lpc_board_nxp_lpcxpresso_1549/Debug/liblpc_board_nxp_lpcxpresso_1549.a(board_sysinit.o)
 .text.Chip_Clock_SetupUSBPLL
                0x0000000000001e24       0x34 /Users/danh/Documents/LPCXpresso_8.2.0/workspace/lpc_board_nxp_lpcxpresso_1549/Debug/liblpc_board_nxp_lpcxpresso_1549.a(board_sysinit.o)
 .text.Chip_Clock_IsUSBPLLLocked
                0x0000000000001e58       0x24 /Users/danh/Documents/LPCXpresso_8.2.0/workspace/lpc_board_nxp_lpcxpresso_1549/Debug/liblpc_board_nxp_lpcxpresso_1549.a(board_sysinit.o)
 .text.Chip_Clock_SetSysTickClockDiv
                0x0000000000001e7c       0x20 /Users/danh/Documents/LPCXpresso_8.2.0/workspace/lpc_board_nxp_lpcxpresso_1549/Debug/liblpc_board_nxp_lpcxpresso_1549.a(board_sysinit.o)
 .text.Chip_SWM_MovablePortPinAssign
                0x0000000000001e9c       0x30 /Users/danh/Documents/LPCXpresso_8.2.0/workspace/lpc_board_nxp_lpcxpresso_1549/Debug/liblpc_board_nxp_lpcxpresso_1549.a(board_sysinit.o)
 .text.Board_SetupMuxing
                0x0000000000001ecc       0x80 /Users/danh/Documents/LPCXpresso_8.2.0/workspace/lpc_board_nxp_lpcxpresso_1549/Debug/liblpc_board_nxp_lpcxpresso_1549.a(board_sysinit.o)
                0x0000000000001ecc                Board_SetupMuxing
 .text.Board_SetupClocking
                0x0000000000001f4c       0x3c /Users/danh/Documents/LPCXpresso_8.2.0/workspace/lpc_board_nxp_lpcxpresso_1549/Debug/liblpc_board_nxp_lpcxpresso_1549.a(board_sysinit.o)
                0x0000000000001f4c                Board_SetupClocking
 .text.Board_SystemInit
                0x0000000000001f88       0x1c /Users/danh/Documents/LPCXpresso_8.2.0/workspace/lpc_board_nxp_lpcxpresso_1549/Debug/liblpc_board_nxp_lpcxpresso_1549.a(board_sysinit.o)
                0x0000000000001f88                Board_SystemInit
 .text.SystemCoreClockUpdate
                0x0000000000001fa4       0x18 /Users/danh/Documents/LPCXpresso_8.2.0/workspace/lpc_chip_15xx/Debug/liblpc_chip_15xx.a(chip_15xx.o)
                0x0000000000001fa4                SystemCoreClockUpdate
 .text.Chip_Clock_SetMain_A_ClockSource
                0x0000000000001fbc       0x20 /Users/danh/Documents/LPCXpresso_8.2.0/workspace/lpc_chip_15xx/Debug/liblpc_chip_15xx.a(clock_15xx.o)
 .text.Chip_Clock_GetMain_A_ClockSource
                0x0000000000001fdc       0x18 /Users/danh/Documents/LPCXpresso_8.2.0/workspace/lpc_chip_15xx/Debug/liblpc_chip_15xx.a(clock_15xx.o)
 .text.Chip_Clock_SetMain_B_ClockSource
                0x0000000000001ff4       0x20 /Users/danh/Documents/LPCXpresso_8.2.0/workspace/lpc_chip_15xx/Debug/liblpc_chip_15xx.a(clock_15xx.o)
 .text.Chip_Clock_GetMain_B_ClockSource
                0x0000000000002014       0x18 /Users/danh/Documents/LPCXpresso_8.2.0/workspace/lpc_chip_15xx/Debug/liblpc_chip_15xx.a(clock_15xx.o)
 .text.Chip_Clock_SetUARTFRGDivider
                0x000000000000202c       0x20 /Users/danh/Documents/LPCXpresso_8.2.0/workspace/lpc_chip_15xx/Debug/liblpc_chip_15xx.a(clock_15xx.o)
 .text.Chip_Clock_GetUARTFRGDivider
                0x000000000000204c       0x18 /Users/danh/Documents/LPCXpresso_8.2.0/workspace/lpc_chip_15xx/Debug/liblpc_chip_15xx.a(clock_15xx.o)
 .text.Chip_Clock_GetMainOscRate
                0x0000000000002064       0x14 /Users/danh/Documents/LPCXpresso_8.2.0/workspace/lpc_chip_15xx/Debug/liblpc_chip_15xx.a(clock_15xx.o)
 .text.Chip_Clock_GetIntOscRate
                0x0000000000002078       0x14 /Users/danh/Documents/LPCXpresso_8.2.0/workspace/lpc_chip_15xx/Debug/liblpc_chip_15xx.a(clock_15xx.o)
 .text.Chip_Clock_GetRTCOscRate
                0x000000000000208c       0x14 /Users/danh/Documents/LPCXpresso_8.2.0/workspace/lpc_chip_15xx/Debug/liblpc_chip_15xx.a(clock_15xx.o)
 .text.Chip_Clock_GetWDTOSCRate
                0x00000000000020a0       0x14 /Users/danh/Documents/LPCXpresso_8.2.0/workspace/lpc_chip_15xx/Debug/liblpc_chip_15xx.a(clock_15xx.o)
 .text.Chip_Clock_GetPLLFreq
                0x00000000000020b4       0x28 /Users/danh/Documents/LPCXpresso_8.2.0/workspace/lpc_chip_15xx/Debug/liblpc_chip_15xx.a(clock_15xx.o)
 .text.Chip_Clock_GetPLLInClockRate
                0x00000000000020dc       0x38 /Users/danh/Documents/LPCXpresso_8.2.0/workspace/lpc_chip_15xx/Debug/liblpc_chip_15xx.a(clock_15xx.o)
 .text.Chip_Clock_GetSystemPLLInClockRate
                0x0000000000002114       0x1c /Users/danh/Documents/LPCXpresso_8.2.0/workspace/lpc_chip_15xx/Debug/liblpc_chip_15xx.a(clock_15xx.o)
                0x0000000000002114                Chip_Clock_GetSystemPLLInClockRate
 .text.Chip_Clock_GetSystemPLLOutClockRate
                0x0000000000002130       0x24 /Users/danh/Documents/LPCXpresso_8.2.0/workspace/lpc_chip_15xx/Debug/liblpc_chip_15xx.a(clock_15xx.o)
                0x0000000000002130                Chip_Clock_GetSystemPLLOutClockRate
 .text.Chip_Clock_GetMain_A_ClockRate
                0x0000000000002154       0x44 /Users/danh/Documents/LPCXpresso_8.2.0/workspace/lpc_chip_15xx/Debug/liblpc_chip_15xx.a(clock_15xx.o)
                0x0000000000002154                Chip_Clock_GetMain_A_ClockRate
 .text.Chip_Clock_GetMain_B_ClockRate
                0x0000000000002198       0x58 /Users/danh/Documents/LPCXpresso_8.2.0/workspace/lpc_chip_15xx/Debug/liblpc_chip_15xx.a(clock_15xx.o)
                0x0000000000002198                Chip_Clock_GetMain_B_ClockRate
 .text.Chip_Clock_SetMainClockSource
                0x00000000000021f0       0x3c /Users/danh/Documents/LPCXpresso_8.2.0/workspace/lpc_chip_15xx/Debug/liblpc_chip_15xx.a(clock_15xx.o)
                0x00000000000021f0                Chip_Clock_SetMainClockSource
 .text.Chip_Clock_GetMainClockRate
                0x000000000000222c       0x28 /Users/danh/Documents/LPCXpresso_8.2.0/workspace/lpc_chip_15xx/Debug/liblpc_chip_15xx.a(clock_15xx.o)
                0x000000000000222c                Chip_Clock_GetMainClockRate
 .text.Chip_Clock_EnablePeriphClock
                0x0000000000002254       0x54 /Users/danh/Documents/LPCXpresso_8.2.0/workspace/lpc_chip_15xx/Debug/liblpc_chip_15xx.a(clock_15xx.o)
                0x0000000000002254                Chip_Clock_EnablePeriphClock
 .text.Chip_Clock_GetUARTBaseClockRate
                0x00000000000022a8       0x88 /Users/danh/Documents/LPCXpresso_8.2.0/workspace/lpc_chip_15xx/Debug/liblpc_chip_15xx.a(clock_15xx.o)
                0x00000000000022a8                Chip_Clock_GetUARTBaseClockRate
 .text.Chip_Clock_SetUARTBaseClockRate
                0x0000000000002330       0xa0 /Users/danh/Documents/LPCXpresso_8.2.0/workspace/lpc_chip_15xx/Debug/liblpc_chip_15xx.a(clock_15xx.o)
                0x0000000000002330                Chip_Clock_SetUARTBaseClockRate
 .text.Chip_Clock_GetSystemClockRate
                0x00000000000023d0       0x1c /Users/danh/Documents/LPCXpresso_8.2.0/workspace/lpc_chip_15xx/Debug/liblpc_chip_15xx.a(clock_15xx.o)
                0x00000000000023d0                Chip_Clock_GetSystemClockRate
 .text.Chip_SYSCTL_PeriphReset
                0x00000000000023ec       0x24 /Users/danh/Documents/LPCXpresso_8.2.0/workspace/lpc_chip_15xx/Debug/liblpc_chip_15xx.a(gpio_15xx.o)
 .text.Chip_GPIO_Init
                0x0000000000002410       0x30 /Users/danh/Documents/LPCXpresso_8.2.0/workspace/lpc_chip_15xx/Debug/liblpc_chip_15xx.a(gpio_15xx.o)
                0x0000000000002410                Chip_GPIO_Init
 .text.Chip_IOCON_PinMuxSet
                0x0000000000002440       0x2c /Users/danh/Documents/LPCXpresso_8.2.0/workspace/lpc_chip_15xx/Debug/liblpc_chip_15xx.a(iocon_15xx.o)
 .text.Chip_IOCON_SetPinMuxing
                0x000000000000246c       0x50 /Users/danh/Documents/LPCXpresso_8.2.0/workspace/lpc_chip_15xx/Debug/liblpc_chip_15xx.a(iocon_15xx.o)
                0x000000000000246c                Chip_IOCON_SetPinMuxing
 .text.Chip_SWM_MovablePinAssign
                0x00000000000024bc       0x5c /Users/danh/Documents/LPCXpresso_8.2.0/workspace/lpc_chip_15xx/Debug/liblpc_chip_15xx.a(swm_15xx.o)
                0x00000000000024bc                Chip_SWM_MovablePinAssign
 .text.Chip_SYSCTL_AssertPeriphReset
                0x0000000000002518       0x48 /Users/danh/Documents/LPCXpresso_8.2.0/workspace/lpc_chip_15xx/Debug/liblpc_chip_15xx.a(sysctl_15xx.o)
                0x0000000000002518                Chip_SYSCTL_AssertPeriphReset
 .text.Chip_SYSCTL_DeassertPeriphReset
                0x0000000000002560       0x4c /Users/danh/Documents/LPCXpresso_8.2.0/workspace/lpc_chip_15xx/Debug/liblpc_chip_15xx.a(sysctl_15xx.o)
                0x0000000000002560                Chip_SYSCTL_DeassertPeriphReset
 .text.Chip_SYSCTL_PowerDown
                0x00000000000025ac       0x40 /Users/danh/Documents/LPCXpresso_8.2.0/workspace/lpc_chip_15xx/Debug/liblpc_chip_15xx.a(sysctl_15xx.o)
                0x00000000000025ac                Chip_SYSCTL_PowerDown
 .text.Chip_SYSCTL_PowerUp
                0x00000000000025ec       0x40 /Users/danh/Documents/LPCXpresso_8.2.0/workspace/lpc_chip_15xx/Debug/liblpc_chip_15xx.a(sysctl_15xx.o)
                0x00000000000025ec                Chip_SYSCTL_PowerUp
 .text.Chip_FMC_SetFLASHAccess
                0x000000000000262c       0x38 /Users/danh/Documents/LPCXpresso_8.2.0/workspace/lpc_chip_15xx/Debug/liblpc_chip_15xx.a(sysinit_15xx.o)
 .text.Chip_Clock_SetSystemPLLSource
                0x0000000000002664       0x20 /Users/danh/Documents/LPCXpresso_8.2.0/workspace/lpc_chip_15xx/Debug/liblpc_chip_15xx.a(sysinit_15xx.o)
 .text.Chip_Clock_SetupSystemPLL
                0x0000000000002684       0x34 /Users/danh/Documents/LPCXpresso_8.2.0/workspace/lpc_chip_15xx/Debug/liblpc_chip_15xx.a(sysinit_15xx.o)
 .text.Chip_Clock_IsSystemPLLLocked
                0x00000000000026b8       0x24 /Users/danh/Documents/LPCXpresso_8.2.0/workspace/lpc_chip_15xx/Debug/liblpc_chip_15xx.a(sysinit_15xx.o)
 .text.Chip_Clock_SetSysClockDiv
                0x00000000000026dc       0x20 /Users/danh/Documents/LPCXpresso_8.2.0/workspace/lpc_chip_15xx/Debug/liblpc_chip_15xx.a(sysinit_15xx.o)
 .text.Chip_SetupXtalClocking
                0x00000000000026fc       0x6c /Users/danh/Documents/LPCXpresso_8.2.0/workspace/lpc_chip_15xx/Debug/liblpc_chip_15xx.a(sysinit_15xx.o)
                0x00000000000026fc                Chip_SetupXtalClocking
 .text.Chip_SYSCTL_PeriphReset
                0x0000000000002768       0x24 /Users/danh/Documents/LPCXpresso_8.2.0/workspace/lpc_chip_15xx/Debug/liblpc_chip_15xx.a(uart_15xx.o)
 .text.Chip_UART_SendByte
                0x000000000000278c       0x1c /Users/danh/Documents/LPCXpresso_8.2.0/workspace/lpc_chip_15xx/Debug/liblpc_chip_15xx.a(uart_15xx.o)
 .text.Chip_UART_ReadByte
                0x00000000000027a8       0x1c /Users/danh/Documents/LPCXpresso_8.2.0/workspace/lpc_chip_15xx/Debug/liblpc_chip_15xx.a(uart_15xx.o)
 .text.Chip_UART_GetStatus
                0x00000000000027c4       0x18 /Users/danh/Documents/LPCXpresso_8.2.0/workspace/lpc_chip_15xx/Debug/liblpc_chip_15xx.a(uart_15xx.o)
 .text.getUARTClockID
                0x00000000000027dc       0x34 /Users/danh/Documents/LPCXpresso_8.2.0/workspace/lpc_chip_15xx/Debug/liblpc_chip_15xx.a(uart_15xx.o)
 .text.Chip_UART_Init
                0x0000000000002810       0x4c /Users/danh/Documents/LPCXpresso_8.2.0/workspace/lpc_chip_15xx/Debug/liblpc_chip_15xx.a(uart_15xx.o)
                0x0000000000002810                Chip_UART_Init
 .text.Chip_UART_Send
                0x000000000000285c       0x50 /Users/danh/Documents/LPCXpresso_8.2.0/workspace/lpc_chip_15xx/Debug/liblpc_chip_15xx.a(uart_15xx.o)
                0x000000000000285c                Chip_UART_Send
 .text.Chip_UART_SendBlocking
                0x00000000000028ac       0x4c /Users/danh/Documents/LPCXpresso_8.2.0/workspace/lpc_chip_15xx/Debug/liblpc_chip_15xx.a(uart_15xx.o)
                0x00000000000028ac                Chip_UART_SendBlocking
 .text.Chip_UART_Read
                0x00000000000028f8       0x54 /Users/danh/Documents/LPCXpresso_8.2.0/workspace/lpc_chip_15xx/Debug/liblpc_chip_15xx.a(uart_15xx.o)
                0x00000000000028f8                Chip_UART_Read
 .text.Chip_UART_SetBaud
                0x000000000000294c       0x2c /Users/danh/Documents/LPCXpresso_8.2.0/workspace/lpc_chip_15xx/Debug/liblpc_chip_15xx.a(uart_15xx.o)
                0x000000000000294c                Chip_UART_SetBaud
 .text          0x0000000000002978       0x30 /Applications/lpcxpresso_8.2.0_647/lpcxpresso/tools/bin/../lib/gcc/arm-none-eabi/5.3.1/armv7-m/libgcc.a(_aeabi_uldivmod.o)
                0x0000000000002978                __aeabi_uldivmod
 .text          0x00000000000029a8      0x2ec /Applications/lpcxpresso_8.2.0_647/lpcxpresso/tools/bin/../lib/gcc/arm-none-eabi/5.3.1/armv7-m/libgcc.a(_udivmoddi4.o)
                0x00000000000029a8                __udivmoddi4
 .text          0x0000000000002c94        0x4 /Applications/lpcxpresso_8.2.0_647/lpcxpresso/tools/bin/../lib/gcc/arm-none-eabi/5.3.1/armv7-m/libgcc.a(_dvmd_tls.o)
                0x0000000000002c94                __aeabi_ldiv0
                0x0000000000002c94                __aeabi_idiv0
 .text.__libc_init_array
                0x0000000000002c98       0x50 /Applications/lpcxpresso_8.2.0_647/lpcxpresso/tools/bin/../lib/gcc/arm-none-eabi/5.3.1/../../../../arm-none-eabi/lib/armv7-m/libc.a(lib_a-init.o)
                0x0000000000002c98                __libc_init_array
 .text.malloc   0x0000000000002ce8       0x10 /Applications/lpcxpresso_8.2.0_647/lpcxpresso/tools/bin/../lib/gcc/arm-none-eabi/5.3.1/../../../../arm-none-eabi/lib/armv7-m/libc.a(lib_a-malloc.o)
                0x0000000000002ce8                malloc
 .text.free     0x0000000000002cf8       0x10 /Applications/lpcxpresso_8.2.0_647/lpcxpresso/tools/bin/../lib/gcc/arm-none-eabi/5.3.1/../../../../arm-none-eabi/lib/armv7-m/libc.a(lib_a-malloc.o)
                0x0000000000002cf8                free
 .text._malloc_r
                0x0000000000002d08      0x558 /Applications/lpcxpresso_8.2.0_647/lpcxpresso/tools/bin/../lib/gcc/arm-none-eabi/5.3.1/../../../../arm-none-eabi/lib/armv7-m/libc.a(lib_a-mallocr.o)
                0x0000000000002d08                _malloc_r
 .text          0x0000000000003260       0xec /Applications/lpcxpresso_8.2.0_647/lpcxpresso/tools/bin/../lib/gcc/arm-none-eabi/5.3.1/../../../../arm-none-eabi/lib/armv7-m/libc.a(lib_a-memcpy.o)
                0x0000000000003260                memcpy
 .text.memset   0x000000000000334c       0x9c /Applications/lpcxpresso_8.2.0_647/lpcxpresso/tools/bin/../lib/gcc/arm-none-eabi/5.3.1/../../../../arm-none-eabi/lib/armv7-m/libc.a(lib_a-memset.o)
                0x000000000000334c                memset
 .text.__malloc_lock
                0x00000000000033e8        0x4 /Applications/lpcxpresso_8.2.0_647/lpcxpresso/tools/bin/../lib/gcc/arm-none-eabi/5.3.1/../../../../arm-none-eabi/lib/armv7-m/libc.a(lib_a-mlock.o)
                0x00000000000033e8                __malloc_lock
 .text.__malloc_unlock
                0x00000000000033ec        0x4 /Applications/lpcxpresso_8.2.0_647/lpcxpresso/tools/bin/../lib/gcc/arm-none-eabi/5.3.1/../../../../arm-none-eabi/lib/armv7-m/libc.a(lib_a-mlock.o)
                0x00000000000033ec                __malloc_unlock
 .text.cleanup_glue
                0x00000000000033f0       0x1c /Applications/lpcxpresso_8.2.0_647/lpcxpresso/tools/bin/../lib/gcc/arm-none-eabi/5.3.1/../../../../arm-none-eabi/lib/armv7-m/libc.a(lib_a-reent.o)
                0x00000000000033f0                cleanup_glue
 .text._reclaim_reent
                0x000000000000340c       0x88 /Applications/lpcxpresso_8.2.0_647/lpcxpresso/tools/bin/../lib/gcc/arm-none-eabi/5.3.1/../../../../arm-none-eabi/lib/armv7-m/libc.a(lib_a-reent.o)
                0x000000000000340c                _reclaim_reent
 .text._sbrk_r  0x0000000000003494       0x24 /Applications/lpcxpresso_8.2.0_647/lpcxpresso/tools/bin/../lib/gcc/arm-none-eabi/5.3.1/../../../../arm-none-eabi/lib/armv7-m/libc.a(lib_a-sbrkr.o)
                0x0000000000003494                _sbrk_r
 .text._malloc_trim_r
                0x00000000000034b8       0x9c /Applications/lpcxpresso_8.2.0_647/lpcxpresso/tools/bin/../lib/gcc/arm-none-eabi/5.3.1/../../../../arm-none-eabi/lib/armv7-m/libc.a(lib_a-freer.o)
                0x00000000000034b8                _malloc_trim_r
 .text._free_r  0x0000000000003554      0x1d0 /Applications/lpcxpresso_8.2.0_647/lpcxpresso/tools/bin/../lib/gcc/arm-none-eabi/5.3.1/../../../../arm-none-eabi/lib/armv7-m/libc.a(lib_a-freer.o)
                0x0000000000003554                _free_r
 .text._sbrk    0x0000000000003724       0x3c /Applications/lpcxpresso_8.2.0_647/lpcxpresso/tools/bin/../lib/gcc/arm-none-eabi/5.3.1/../../../../arm-none-eabi/lib/armv7-m/libcr_newlib_nohost.a(_cr_sbrk.o)
                0x0000000000003724                _sbrk
 .text.__check_heap_overflow
                0x0000000000003760       0x18 /Applications/lpcxpresso_8.2.0_647/lpcxpresso/tools/bin/../lib/gcc/arm-none-eabi/5.3.1/../../../../arm-none-eabi/lib/armv7-m/libcr_newlib_nohost.a(_cr_check_heap.o)
                0x0000000000003760                __check_heap_overflow
 .text          0x0000000000003778       0x5c /Applications/lpcxpresso_8.2.0_647/lpcxpresso/tools/bin/../lib/gcc/arm-none-eabi/5.3.1/armv7-m/crtbegin.o
 .text.__errno  0x00000000000037d4        0xc /Applications/lpcxpresso_8.2.0_647/lpcxpresso/tools/bin/../lib/gcc/arm-none-eabi/5.3.1/../../../../arm-none-eabi/lib/armv7-m/libc.a(lib_a-errno.o)
                0x00000000000037d4                __errno
 *(.rodata .rodata.* .constdata .constdata.*)
 .rodata        0x00000000000037e0       0x1d ./src/lab2.o
 *fill*         0x00000000000037fd        0x3 ff
 .rodata        0x0000000000003800        0xa ./freertos/src/tasks.o
 *fill*         0x000000000000380a        0x2 ff
 .rodata.OscRateIn
                0x000000000000380c        0x4 /Users/danh/Documents/LPCXpresso_8.2.0/workspace/lpc_board_nxp_lpcxpresso_1549/Debug/liblpc_board_nxp_lpcxpresso_1549.a(board.o)
                0x000000000000380c                OscRateIn
 .rodata.RTCOscRateIn
                0x0000000000003810        0x4 /Users/danh/Documents/LPCXpresso_8.2.0/workspace/lpc_board_nxp_lpcxpresso_1549/Debug/liblpc_board_nxp_lpcxpresso_1549.a(board.o)
                0x0000000000003810                RTCOscRateIn
 .rodata.ledpins
                0x0000000000003814        0x3 /Users/danh/Documents/LPCXpresso_8.2.0/workspace/lpc_board_nxp_lpcxpresso_1549/Debug/liblpc_board_nxp_lpcxpresso_1549.a(board.o)
 *fill*         0x0000000000003817        0x1 ff
 .rodata.ledports
                0x0000000000003818        0x3 /Users/danh/Documents/LPCXpresso_8.2.0/workspace/lpc_board_nxp_lpcxpresso_1549/Debug/liblpc_board_nxp_lpcxpresso_1549.a(board.o)
 *fill*         0x000000000000381b        0x1 ff
 .rodata.ioconSetup
                0x000000000000381c       0x74 /Users/danh/Documents/LPCXpresso_8.2.0/workspace/lpc_board_nxp_lpcxpresso_1549/Debug/liblpc_board_nxp_lpcxpresso_1549.a(board_sysinit.o)
 .rodata.swmSetup
                0x0000000000003890        0x6 /Users/danh/Documents/LPCXpresso_8.2.0/workspace/lpc_board_nxp_lpcxpresso_1549/Debug/liblpc_board_nxp_lpcxpresso_1549.a(board_sysinit.o)
 *fill*         0x0000000000003896        0x2 ff
 .rodata.str1.4
                0x0000000000003898        0x4 /Applications/lpcxpresso_8.2.0_647/lpcxpresso/tools/bin/../lib/gcc/arm-none-eabi/5.3.1/../../../../arm-none-eabi/lib/armv7-m/libc.a(lib_a-impure.o)
                                          0x2 (size before relaxing)
                0x000000000000389c                . = ALIGN (0x4)
                0x000000000000389c                . = ALIGN (0x4)
 *(.init)
 .init          0x000000000000389c        0x4 /Applications/lpcxpresso_8.2.0_647/lpcxpresso/tools/bin/../lib/gcc/arm-none-eabi/5.3.1/armv7-m/crti.o
                0x000000000000389c                _init
 .init          0x00000000000038a0        0x8 /Applications/lpcxpresso_8.2.0_647/lpcxpresso/tools/bin/../lib/gcc/arm-none-eabi/5.3.1/armv7-m/crtn.o
                0x00000000000038a8                . = ALIGN (0x4)
                0x00000000000038a8                __preinit_array_start = .
 *(.preinit_array)
                0x00000000000038a8                __preinit_array_end = .
                0x00000000000038a8                . = ALIGN (0x4)
                0x00000000000038a8                __init_array_start = .
 *(SORT(.init_array.*))
 *(.init_array)
 .init_array    0x00000000000038a8        0x4 /Applications/lpcxpresso_8.2.0_647/lpcxpresso/tools/bin/../lib/gcc/arm-none-eabi/5.3.1/armv7-m/crtbegin.o
                0x00000000000038ac                __init_array_end = .
 *(.fini)
 .fini          0x00000000000038ac        0x4 /Applications/lpcxpresso_8.2.0_647/lpcxpresso/tools/bin/../lib/gcc/arm-none-eabi/5.3.1/armv7-m/crti.o
                0x00000000000038ac                _fini
 .fini          0x00000000000038b0        0x8 /Applications/lpcxpresso_8.2.0_647/lpcxpresso/tools/bin/../lib/gcc/arm-none-eabi/5.3.1/armv7-m/crtn.o
                0x00000000000038b8                . = ALIGN (0x4)
 *crtbegin.o(.ctors)
 *(EXCLUDE_FILE(*crtend.o) .ctors)
 *(SORT(.ctors.*))
 *crtend.o(.ctors)
                0x00000000000038b8                . = ALIGN (0x4)
 *crtbegin.o(.dtors)
 *(EXCLUDE_FILE(*crtend.o) .dtors)
 *(SORT(.dtors.*))
 *crtend.o(.dtors)
                0x00000000000038b8                . = ALIGN (0x4)

.glue_7         0x00000000000038b8        0x0
 .glue_7        0x00000000000038b8        0x0 linker stubs

.glue_7t        0x00000000000038b8        0x0
 .glue_7t       0x00000000000038b8        0x0 linker stubs

.vfp11_veneer   0x00000000000038b8        0x0
 .vfp11_veneer  0x00000000000038b8        0x0 linker stubs

.v4_bx          0x00000000000038b8        0x0
 .v4_bx         0x00000000000038b8        0x0 linker stubs

.iplt           0x00000000000038b8        0x0
 .iplt          0x00000000000038b8        0x0 ./src/DigitalIoPin.o

.ARM.extab
 *(.ARM.extab* .gnu.linkonce.armextab.*)
                0x00000000000038b8                __exidx_start = .

.ARM.exidx      0x00000000000038b8        0x8
 *(.ARM.exidx* .gnu.linkonce.armexidx.*)
 .ARM.exidx     0x00000000000038b8        0x8 /Applications/lpcxpresso_8.2.0_647/lpcxpresso/tools/bin/../lib/gcc/arm-none-eabi/5.3.1/armv7-m/libgcc.a(_udivmoddi4.o)
                0x00000000000038c0                __exidx_end = .
                0x00000000000038c0                _etext = .

.rel.dyn        0x00000000000038c0        0x0
 .rel.iplt      0x00000000000038c0        0x0 ./src/DigitalIoPin.o

.eh_frame       0x00000000000038c0        0x0
 .eh_frame      0x00000000000038c0        0x0 /Applications/lpcxpresso_8.2.0_647/lpcxpresso/tools/bin/../lib/gcc/arm-none-eabi/5.3.1/armv7-m/crtbegin.o

.data_RAM2      0x0000000002004000        0x0 load address 0x00000000000038c0
 FILL mask 0xff
                [!provide]                        PROVIDE (__start_data_RAM2, .)
 *(.ramfunc.$RAM2)
 *(.ramfunc.$Ram1_16)
 *(.data.$RAM2*)
 *(.data.$Ram1_16*)
                0x0000000002004000                . = ALIGN (0x4)
                [!provide]                        PROVIDE (__end_data_RAM2, .)

.data_RAM3      0x0000000002008000        0x0 load address 0x00000000000038c0
 FILL mask 0xff
                [!provide]                        PROVIDE (__start_data_RAM3, .)
 *(.ramfunc.$RAM3)
 *(.ramfunc.$Ram2_4)
 *(.data.$RAM3*)
 *(.data.$Ram2_4*)
                0x0000000002008000                . = ALIGN (0x4)
                [!provide]                        PROVIDE (__end_data_RAM3, .)

.uninit_RESERVED
                0x0000000002000000        0x0
 *(.bss.$RESERVED*)
                0x0000000002000000                . = ALIGN (0x4)
                0x0000000002000000                _end_uninit_RESERVED = .

.data           0x0000000002000000      0x844 load address 0x00000000000038c0
 FILL mask 0xff
                0x0000000002000000                _data = .
 *(vtable)
 *(.ramfunc*)
 *(.data*)
 .data.uxCriticalNesting
                0x0000000002000000        0x4 ./freertos/src/port.o
 .data.xNextTaskUnblockTime
                0x0000000002000004        0x4 ./freertos/src/tasks.o
 .data.impure_data
                0x0000000002000008      0x428 /Applications/lpcxpresso_8.2.0_647/lpcxpresso/tools/bin/../lib/gcc/arm-none-eabi/5.3.1/../../../../arm-none-eabi/lib/armv7-m/libc.a(lib_a-impure.o)
 .data._impure_ptr
                0x0000000002000430        0x4 /Applications/lpcxpresso_8.2.0_647/lpcxpresso/tools/bin/../lib/gcc/arm-none-eabi/5.3.1/../../../../arm-none-eabi/lib/armv7-m/libc.a(lib_a-impure.o)
                0x0000000002000430                _impure_ptr
 .data.__malloc_av_
                0x0000000002000434      0x408 /Applications/lpcxpresso_8.2.0_647/lpcxpresso/tools/bin/../lib/gcc/arm-none-eabi/5.3.1/../../../../arm-none-eabi/lib/armv7-m/libc.a(lib_a-mallocr.o)
                0x0000000002000434                __malloc_av_
 .data.__malloc_trim_threshold
                0x000000000200083c        0x4 /Applications/lpcxpresso_8.2.0_647/lpcxpresso/tools/bin/../lib/gcc/arm-none-eabi/5.3.1/../../../../arm-none-eabi/lib/armv7-m/libc.a(lib_a-mallocr.o)
                0x000000000200083c                __malloc_trim_threshold
 .data.__malloc_sbrk_base
                0x0000000002000840        0x4 /Applications/lpcxpresso_8.2.0_647/lpcxpresso/tools/bin/../lib/gcc/arm-none-eabi/5.3.1/../../../../arm-none-eabi/lib/armv7-m/libc.a(lib_a-mallocr.o)
                0x0000000002000840                __malloc_sbrk_base
                0x0000000002000844                . = ALIGN (0x4)
                0x0000000002000844                _edata = .

.igot.plt       0x0000000002000844        0x0 load address 0x0000000000004104
 .igot.plt      0x0000000002000844        0x0 ./src/DigitalIoPin.o

.jcr            0x0000000002000844        0x0 load address 0x0000000000004104
 .jcr           0x0000000002000844        0x0 /Applications/lpcxpresso_8.2.0_647/lpcxpresso/tools/bin/../lib/gcc/arm-none-eabi/5.3.1/armv7-m/crtbegin.o

.bss_RAM2       0x0000000002004000        0x0
                [!provide]                        PROVIDE (__start_bss_RAM2, .)
 *(.bss.$RAM2*)
 *(.bss.$Ram1_16*)
                0x0000000002004000                . = ALIGN ((. != 0x0)?0x4:0x1)
                [!provide]                        PROVIDE (__end_bss_RAM2, .)

.bss_RAM3       0x0000000002008000        0x0
                [!provide]                        PROVIDE (__start_bss_RAM3, .)
 *(.bss.$RAM3*)
 *(.bss.$Ram2_4*)
                0x0000000002008000                . = ALIGN ((. != 0x0)?0x4:0x1)
                [!provide]                        PROVIDE (__end_bss_RAM3, .)

.bss            0x0000000002000844      0x1a0
                0x0000000002000844                _bss = .
 *(.bss*)
 .bss.ulTimerCountsForOneTick
                0x0000000002000844        0x4 ./freertos/src/port.o
 .bss.xMaximumPossibleSuppressedTicks
                0x0000000002000848        0x4 ./freertos/src/port.o
 .bss.ulStoppedTimerCompensation
                0x000000000200084c        0x4 ./freertos/src/port.o
 .bss.pxCurrentTCB
                0x0000000002000850        0x4 ./freertos/src/tasks.o
                0x0000000002000850                pxCurrentTCB
 .bss.pxReadyTasksLists
                0x0000000002000854       0xa0 ./freertos/src/tasks.o
 .bss.xDelayedTaskList1
                0x00000000020008f4       0x14 ./freertos/src/tasks.o
 .bss.xDelayedTaskList2
                0x0000000002000908       0x14 ./freertos/src/tasks.o
 .bss.pxDelayedTaskList
                0x000000000200091c        0x4 ./freertos/src/tasks.o
 .bss.pxOverflowDelayedTaskList
                0x0000000002000920        0x4 ./freertos/src/tasks.o
 .bss.xPendingReadyList
                0x0000000002000924       0x14 ./freertos/src/tasks.o
 .bss.xTasksWaitingTermination
                0x0000000002000938       0x14 ./freertos/src/tasks.o
 .bss.uxTasksDeleted
                0x000000000200094c        0x4 ./freertos/src/tasks.o
 .bss.xSuspendedTaskList
                0x0000000002000950       0x14 ./freertos/src/tasks.o
 .bss.uxCurrentNumberOfTasks
                0x0000000002000964        0x4 ./freertos/src/tasks.o
 .bss.xTickCount
                0x0000000002000968        0x4 ./freertos/src/tasks.o
 .bss.uxTopReadyPriority
                0x000000000200096c        0x4 ./freertos/src/tasks.o
 .bss.xSchedulerRunning
                0x0000000002000970        0x4 ./freertos/src/tasks.o
 .bss.uxPendedTicks
                0x0000000002000974        0x4 ./freertos/src/tasks.o
 .bss.xYieldPending
                0x0000000002000978        0x4 ./freertos/src/tasks.o
 .bss.xNumOfOverflows
                0x000000000200097c        0x4 ./freertos/src/tasks.o
 .bss.uxTaskNumber
                0x0000000002000980        0x4 ./freertos/src/tasks.o
 .bss.uxSchedulerSuspended
                0x0000000002000984        0x4 ./freertos/src/tasks.o
 .bss.__malloc_max_total_mem
                0x0000000002000988        0x4 /Applications/lpcxpresso_8.2.0_647/lpcxpresso/tools/bin/../lib/gcc/arm-none-eabi/5.3.1/../../../../arm-none-eabi/lib/armv7-m/libc.a(lib_a-mallocr.o)
                0x0000000002000988                __malloc_max_total_mem
 .bss.__malloc_max_sbrked_mem
                0x000000000200098c        0x4 /Applications/lpcxpresso_8.2.0_647/lpcxpresso/tools/bin/../lib/gcc/arm-none-eabi/5.3.1/../../../../arm-none-eabi/lib/armv7-m/libc.a(lib_a-mallocr.o)
                0x000000000200098c                __malloc_max_sbrked_mem
 .bss.__malloc_top_pad
                0x0000000002000990        0x4 /Applications/lpcxpresso_8.2.0_647/lpcxpresso/tools/bin/../lib/gcc/arm-none-eabi/5.3.1/../../../../arm-none-eabi/lib/armv7-m/libc.a(lib_a-mallocr.o)
                0x0000000002000990                __malloc_top_pad
 .bss.__malloc_current_mallinfo
                0x0000000002000994       0x28 /Applications/lpcxpresso_8.2.0_647/lpcxpresso/tools/bin/../lib/gcc/arm-none-eabi/5.3.1/../../../../arm-none-eabi/lib/armv7-m/libc.a(lib_a-mallocr.o)
                0x0000000002000994                __malloc_current_mallinfo
 .bss.__end_of_heap
                0x00000000020009bc        0x4 /Applications/lpcxpresso_8.2.0_647/lpcxpresso/tools/bin/../lib/gcc/arm-none-eabi/5.3.1/../../../../arm-none-eabi/lib/armv7-m/libcr_newlib_nohost.a(_cr_sbrk.o)
                0x00000000020009bc                __end_of_heap
 .bss           0x00000000020009c0       0x1c /Applications/lpcxpresso_8.2.0_647/lpcxpresso/tools/bin/../lib/gcc/arm-none-eabi/5.3.1/armv7-m/crtbegin.o
 *(COMMON)
 COMMON         0x00000000020009dc        0x4 /Users/danh/Documents/LPCXpresso_8.2.0/workspace/lpc_chip_15xx/Debug/liblpc_chip_15xx.a(chip_15xx.o)
                0x00000000020009dc                SystemCoreClock
 COMMON         0x00000000020009e0        0x4 /Applications/lpcxpresso_8.2.0_647/lpcxpresso/tools/bin/../lib/gcc/arm-none-eabi/5.3.1/../../../../arm-none-eabi/lib/armv7-m/libc.a(lib_a-reent.o)
                0x00000000020009e0                errno
                0x00000000020009e4                . = ALIGN (0x4)
                0x00000000020009e4                _ebss = .
                [!provide]                        PROVIDE (end, .)

.noinit_RAM2    0x0000000002004000        0x0
 *(.noinit.$RAM2*)
 *(.noinit.$Ram1_16*)
                0x0000000002004000                . = ALIGN (0x4)

.noinit_RAM3    0x0000000002008000        0x0
 *(.noinit.$RAM3*)
 *(.noinit.$Ram2_4*)
                0x0000000002008000                . = ALIGN (0x4)

.noinit         0x00000000020009e4        0x0
                0x00000000020009e4                _noinit = .
 *(.noinit*)
                0x00000000020009e4                . = ALIGN (0x4)
                0x00000000020009e4                _end_noinit = .
                0x00000000020009e4                PROVIDE (_pvHeapStart, DEFINED (__user_heap_base)?__user_heap_base:.)
                0x0000000002004000                PROVIDE (_vStackTop, DEFINED (__user_stack_top)?__user_stack_top:(__top_Ram0_16 - 0x0))
                0xfffffffffdffb2b6                PROVIDE (__valid_user_code_checksum, (0x0 - ((((((_vStackTop + (ResetISR + 0x1)) + (NMI_Handler + 0x1)) + (HardFault_Handler + 0x1)) + (DEFINED (MemManage_Handler)?MemManage_Handler:0x0 + 0x1)) + (DEFINED (BusFault_Handler)?BusFault_Handler:0x0 + 0x1)) + (DEFINED (UsageFault_Handler)?UsageFault_Handler:0x0 + 0x1))))
OUTPUT(Lab2.2.axf elf32-littlearm)

.debug_info     0x0000000000000000     0x8e9d
 .debug_info    0x0000000000000000      0x281 ./src/cr_startup_lpc15xx.o
 .debug_info    0x0000000000000281      0x1d5 ./src/lab2.o
 .debug_info    0x0000000000000456       0xee ./src/sysinit.o
 .debug_info    0x0000000000000544      0x1ae ./freertos/src/FreeRTOSCommonHooks.o
 .debug_info    0x00000000000006f2      0x143 ./freertos/src/heap_3.o
 .debug_info    0x0000000000000835      0x2ee ./freertos/src/list.o
 .debug_info    0x0000000000000b23      0x46a ./freertos/src/port.o
 .debug_info    0x0000000000000f8d      0xcb2 ./freertos/src/queue.o
 .debug_info    0x0000000000001c3f     0x1bcb ./freertos/src/tasks.o
 .debug_info    0x000000000000380a      0xb0d /Users/danh/Documents/LPCXpresso_8.2.0/workspace/lpc_board_nxp_lpcxpresso_1549/Debug/liblpc_board_nxp_lpcxpresso_1549.a(board.o)
 .debug_info    0x0000000000004317      0xcbc /Users/danh/Documents/LPCXpresso_8.2.0/workspace/lpc_board_nxp_lpcxpresso_1549/Debug/liblpc_board_nxp_lpcxpresso_1549.a(board_sysinit.o)
 .debug_info    0x0000000000004fd3      0x9ae /Users/danh/Documents/LPCXpresso_8.2.0/workspace/lpc_chip_15xx/Debug/liblpc_chip_15xx.a(chip_15xx.o)
 .debug_info    0x0000000000005981      0xd6a /Users/danh/Documents/LPCXpresso_8.2.0/workspace/lpc_chip_15xx/Debug/liblpc_chip_15xx.a(clock_15xx.o)
 .debug_info    0x00000000000066eb      0x645 /Users/danh/Documents/LPCXpresso_8.2.0/workspace/lpc_chip_15xx/Debug/liblpc_chip_15xx.a(gpio_15xx.o)
 .debug_info    0x0000000000006d30      0x21a /Users/danh/Documents/LPCXpresso_8.2.0/workspace/lpc_chip_15xx/Debug/liblpc_chip_15xx.a(iocon_15xx.o)
 .debug_info    0x0000000000006f4a      0x60b /Users/danh/Documents/LPCXpresso_8.2.0/workspace/lpc_chip_15xx/Debug/liblpc_chip_15xx.a(swm_15xx.o)
 .debug_info    0x0000000000007555      0x76d /Users/danh/Documents/LPCXpresso_8.2.0/workspace/lpc_chip_15xx/Debug/liblpc_chip_15xx.a(sysctl_15xx.o)
 .debug_info    0x0000000000007cc2      0x759 /Users/danh/Documents/LPCXpresso_8.2.0/workspace/lpc_chip_15xx/Debug/liblpc_chip_15xx.a(sysinit_15xx.o)
 .debug_info    0x000000000000841b      0x8f4 /Users/danh/Documents/LPCXpresso_8.2.0/workspace/lpc_chip_15xx/Debug/liblpc_chip_15xx.a(uart_15xx.o)
 .debug_info    0x0000000000008d0f      0x124 /Applications/lpcxpresso_8.2.0_647/lpcxpresso/tools/bin/../lib/gcc/arm-none-eabi/5.3.1/../../../../arm-none-eabi/lib/armv7-m/libcr_newlib_nohost.a(_cr_sbrk.o)
 .debug_info    0x0000000000008e33       0x6a /Applications/lpcxpresso_8.2.0_647/lpcxpresso/tools/bin/../lib/gcc/arm-none-eabi/5.3.1/../../../../arm-none-eabi/lib/armv7-m/libcr_newlib_nohost.a(_cr_check_heap.o)

.debug_abbrev   0x0000000000000000     0x1e5c
 .debug_abbrev  0x0000000000000000       0xe7 ./src/cr_startup_lpc15xx.o
 .debug_abbrev  0x00000000000000e7       0xd3 ./src/lab2.o
 .debug_abbrev  0x00000000000001ba       0x82 ./src/sysinit.o
 .debug_abbrev  0x000000000000023c      0x129 ./freertos/src/FreeRTOSCommonHooks.o
 .debug_abbrev  0x0000000000000365       0xd4 ./freertos/src/heap_3.o
 .debug_abbrev  0x0000000000000439       0xec ./freertos/src/list.o
 .debug_abbrev  0x0000000000000525      0x1df ./freertos/src/port.o
 .debug_abbrev  0x0000000000000704      0x1f7 ./freertos/src/queue.o
 .debug_abbrev  0x00000000000008fb      0x334 ./freertos/src/tasks.o
 .debug_abbrev  0x0000000000000c2f      0x240 /Users/danh/Documents/LPCXpresso_8.2.0/workspace/lpc_board_nxp_lpcxpresso_1549/Debug/liblpc_board_nxp_lpcxpresso_1549.a(board.o)
 .debug_abbrev  0x0000000000000e6f      0x208 /Users/danh/Documents/LPCXpresso_8.2.0/workspace/lpc_board_nxp_lpcxpresso_1549/Debug/liblpc_board_nxp_lpcxpresso_1549.a(board_sysinit.o)
 .debug_abbrev  0x0000000000001077      0x1b3 /Users/danh/Documents/LPCXpresso_8.2.0/workspace/lpc_chip_15xx/Debug/liblpc_chip_15xx.a(chip_15xx.o)
 .debug_abbrev  0x000000000000122a      0x285 /Users/danh/Documents/LPCXpresso_8.2.0/workspace/lpc_chip_15xx/Debug/liblpc_chip_15xx.a(clock_15xx.o)
 .debug_abbrev  0x00000000000014af      0x16a /Users/danh/Documents/LPCXpresso_8.2.0/workspace/lpc_chip_15xx/Debug/liblpc_chip_15xx.a(gpio_15xx.o)
 .debug_abbrev  0x0000000000001619      0x137 /Users/danh/Documents/LPCXpresso_8.2.0/workspace/lpc_chip_15xx/Debug/liblpc_chip_15xx.a(iocon_15xx.o)
 .debug_abbrev  0x0000000000001750      0x13e /Users/danh/Documents/LPCXpresso_8.2.0/workspace/lpc_chip_15xx/Debug/liblpc_chip_15xx.a(swm_15xx.o)
 .debug_abbrev  0x000000000000188e      0x12b /Users/danh/Documents/LPCXpresso_8.2.0/workspace/lpc_chip_15xx/Debug/liblpc_chip_15xx.a(sysctl_15xx.o)
 .debug_abbrev  0x00000000000019b9      0x18c /Users/danh/Documents/LPCXpresso_8.2.0/workspace/lpc_chip_15xx/Debug/liblpc_chip_15xx.a(sysinit_15xx.o)
 .debug_abbrev  0x0000000000001b45      0x1e6 /Users/danh/Documents/LPCXpresso_8.2.0/workspace/lpc_chip_15xx/Debug/liblpc_chip_15xx.a(uart_15xx.o)
 .debug_abbrev  0x0000000000001d2b       0xcf /Applications/lpcxpresso_8.2.0_647/lpcxpresso/tools/bin/../lib/gcc/arm-none-eabi/5.3.1/../../../../arm-none-eabi/lib/armv7-m/libcr_newlib_nohost.a(_cr_sbrk.o)
 .debug_abbrev  0x0000000000001dfa       0x62 /Applications/lpcxpresso_8.2.0_647/lpcxpresso/tools/bin/../lib/gcc/arm-none-eabi/5.3.1/../../../../arm-none-eabi/lib/armv7-m/libcr_newlib_nohost.a(_cr_check_heap.o)

.debug_aranges  0x0000000000000000      0x9c0
 .debug_aranges
                0x0000000000000000       0x80 ./src/cr_startup_lpc15xx.o
 .debug_aranges
                0x0000000000000080       0x38 ./src/lab2.o
 .debug_aranges
                0x00000000000000b8       0x20 ./src/sysinit.o
 .debug_aranges
                0x00000000000000d8       0x40 ./freertos/src/FreeRTOSCommonHooks.o
 .debug_aranges
                0x0000000000000118       0x28 ./freertos/src/heap_3.o
 .debug_aranges
                0x0000000000000140       0x40 ./freertos/src/list.o
 .debug_aranges
                0x0000000000000180       0x90 ./freertos/src/port.o
 .debug_aranges
                0x0000000000000210       0xf0 ./freertos/src/queue.o
 .debug_aranges
                0x0000000000000300      0x190 ./freertos/src/tasks.o
 .debug_aranges
                0x0000000000000490       0xd0 /Users/danh/Documents/LPCXpresso_8.2.0/workspace/lpc_board_nxp_lpcxpresso_1549/Debug/liblpc_board_nxp_lpcxpresso_1549.a(board.o)
 .debug_aranges
                0x0000000000000560       0x60 /Users/danh/Documents/LPCXpresso_8.2.0/workspace/lpc_board_nxp_lpcxpresso_1549/Debug/liblpc_board_nxp_lpcxpresso_1549.a(board_sysinit.o)
 .debug_aranges
                0x00000000000005c0       0x50 /Users/danh/Documents/LPCXpresso_8.2.0/workspace/lpc_chip_15xx/Debug/liblpc_chip_15xx.a(chip_15xx.o)
 .debug_aranges
                0x0000000000000610      0x128 /Users/danh/Documents/LPCXpresso_8.2.0/workspace/lpc_chip_15xx/Debug/liblpc_chip_15xx.a(clock_15xx.o)
 .debug_aranges
                0x0000000000000738       0x70 /Users/danh/Documents/LPCXpresso_8.2.0/workspace/lpc_chip_15xx/Debug/liblpc_chip_15xx.a(gpio_15xx.o)
 .debug_aranges
                0x00000000000007a8       0x28 /Users/danh/Documents/LPCXpresso_8.2.0/workspace/lpc_chip_15xx/Debug/liblpc_chip_15xx.a(iocon_15xx.o)
 .debug_aranges
                0x00000000000007d0       0x40 /Users/danh/Documents/LPCXpresso_8.2.0/workspace/lpc_chip_15xx/Debug/liblpc_chip_15xx.a(swm_15xx.o)
 .debug_aranges
                0x0000000000000810       0x50 /Users/danh/Documents/LPCXpresso_8.2.0/workspace/lpc_chip_15xx/Debug/liblpc_chip_15xx.a(sysctl_15xx.o)
 .debug_aranges
                0x0000000000000860       0x58 /Users/danh/Documents/LPCXpresso_8.2.0/workspace/lpc_chip_15xx/Debug/liblpc_chip_15xx.a(sysinit_15xx.o)
 .debug_aranges
                0x00000000000008b8       0xc8 /Users/danh/Documents/LPCXpresso_8.2.0/workspace/lpc_chip_15xx/Debug/liblpc_chip_15xx.a(uart_15xx.o)
 .debug_aranges
                0x0000000000000980       0x20 /Applications/lpcxpresso_8.2.0_647/lpcxpresso/tools/bin/../lib/gcc/arm-none-eabi/5.3.1/../../../../arm-none-eabi/lib/armv7-m/libcr_newlib_nohost.a(_cr_sbrk.o)
 .debug_aranges
                0x00000000000009a0       0x20 /Applications/lpcxpresso_8.2.0_647/lpcxpresso/tools/bin/../lib/gcc/arm-none-eabi/5.3.1/../../../../arm-none-eabi/lib/armv7-m/libcr_newlib_nohost.a(_cr_check_heap.o)

.debug_ranges   0x0000000000000000      0x888
 .debug_ranges  0x0000000000000000       0x70 ./src/cr_startup_lpc15xx.o
 .debug_ranges  0x0000000000000070       0x28 ./src/lab2.o
 .debug_ranges  0x0000000000000098       0x10 ./src/sysinit.o
 .debug_ranges  0x00000000000000a8       0x30 ./freertos/src/FreeRTOSCommonHooks.o
 .debug_ranges  0x00000000000000d8       0x18 ./freertos/src/heap_3.o
 .debug_ranges  0x00000000000000f0       0x30 ./freertos/src/list.o
 .debug_ranges  0x0000000000000120       0x80 ./freertos/src/port.o
 .debug_ranges  0x00000000000001a0       0xe0 ./freertos/src/queue.o
 .debug_ranges  0x0000000000000280      0x180 ./freertos/src/tasks.o
 .debug_ranges  0x0000000000000400       0xd8 /Users/danh/Documents/LPCXpresso_8.2.0/workspace/lpc_board_nxp_lpcxpresso_1549/Debug/liblpc_board_nxp_lpcxpresso_1549.a(board.o)
 .debug_ranges  0x00000000000004d8       0x50 /Users/danh/Documents/LPCXpresso_8.2.0/workspace/lpc_board_nxp_lpcxpresso_1549/Debug/liblpc_board_nxp_lpcxpresso_1549.a(board_sysinit.o)
 .debug_ranges  0x0000000000000528       0x40 /Users/danh/Documents/LPCXpresso_8.2.0/workspace/lpc_chip_15xx/Debug/liblpc_chip_15xx.a(chip_15xx.o)
 .debug_ranges  0x0000000000000568      0x118 /Users/danh/Documents/LPCXpresso_8.2.0/workspace/lpc_chip_15xx/Debug/liblpc_chip_15xx.a(clock_15xx.o)
 .debug_ranges  0x0000000000000680       0x60 /Users/danh/Documents/LPCXpresso_8.2.0/workspace/lpc_chip_15xx/Debug/liblpc_chip_15xx.a(gpio_15xx.o)
 .debug_ranges  0x00000000000006e0       0x18 /Users/danh/Documents/LPCXpresso_8.2.0/workspace/lpc_chip_15xx/Debug/liblpc_chip_15xx.a(iocon_15xx.o)
 .debug_ranges  0x00000000000006f8       0x30 /Users/danh/Documents/LPCXpresso_8.2.0/workspace/lpc_chip_15xx/Debug/liblpc_chip_15xx.a(swm_15xx.o)
 .debug_ranges  0x0000000000000728       0x40 /Users/danh/Documents/LPCXpresso_8.2.0/workspace/lpc_chip_15xx/Debug/liblpc_chip_15xx.a(sysctl_15xx.o)
 .debug_ranges  0x0000000000000768       0x48 /Users/danh/Documents/LPCXpresso_8.2.0/workspace/lpc_chip_15xx/Debug/liblpc_chip_15xx.a(sysinit_15xx.o)
 .debug_ranges  0x00000000000007b0       0xb8 /Users/danh/Documents/LPCXpresso_8.2.0/workspace/lpc_chip_15xx/Debug/liblpc_chip_15xx.a(uart_15xx.o)
 .debug_ranges  0x0000000000000868       0x10 /Applications/lpcxpresso_8.2.0_647/lpcxpresso/tools/bin/../lib/gcc/arm-none-eabi/5.3.1/../../../../arm-none-eabi/lib/armv7-m/libcr_newlib_nohost.a(_cr_sbrk.o)
 .debug_ranges  0x0000000000000878       0x10 /Applications/lpcxpresso_8.2.0_647/lpcxpresso/tools/bin/../lib/gcc/arm-none-eabi/5.3.1/../../../../arm-none-eabi/lib/armv7-m/libcr_newlib_nohost.a(_cr_check_heap.o)

.debug_macro    0x0000000000000000     0x666b
 .debug_macro   0x0000000000000000       0x23 ./src/cr_startup_lpc15xx.o
 .debug_macro   0x0000000000000023      0x431 ./src/lab2.o
 .debug_macro   0x0000000000000454       0x34 ./src/lab2.o
 .debug_macro   0x0000000000000488       0x52 ./src/lab2.o
 .debug_macro   0x00000000000004da       0x16 ./src/lab2.o
 .debug_macro   0x00000000000004f0       0x97 ./src/lab2.o
 .debug_macro   0x0000000000000587       0xf6 ./src/lab2.o
 .debug_macro   0x000000000000067d       0x10 ./src/lab2.o
 .debug_macro   0x000000000000068d       0x22 ./src/lab2.o
 .debug_macro   0x00000000000006af       0x3a ./src/lab2.o
 .debug_macro   0x00000000000006e9       0x10 ./src/lab2.o
 .debug_macro   0x00000000000006f9       0x40 ./src/lab2.o
 .debug_macro   0x0000000000000739       0x6c ./src/lab2.o
 .debug_macro   0x00000000000007a5       0x16 ./src/lab2.o
 .debug_macro   0x00000000000007bb      0x182 ./src/lab2.o
 .debug_macro   0x000000000000093d       0x20 ./src/lab2.o
 .debug_macro   0x000000000000095d       0x40 ./src/lab2.o
 .debug_macro   0x000000000000099d       0xfa ./src/lab2.o
 .debug_macro   0x0000000000000a97       0xaf ./src/lab2.o
 .debug_macro   0x0000000000000b46       0x12 ./src/lab2.o
 .debug_macro   0x0000000000000b58       0x1f ./src/lab2.o
 .debug_macro   0x0000000000000b77      0x353 ./src/lab2.o
 .debug_macro   0x0000000000000eca       0x79 ./src/lab2.o
 .debug_macro   0x0000000000000f43       0x69 ./src/lab2.o
 .debug_macro   0x0000000000000fac       0xb0 ./src/lab2.o
 .debug_macro   0x000000000000105c       0x7e ./src/lab2.o
 .debug_macro   0x00000000000010da      0x3a5 ./src/sysinit.o
 .debug_macro   0x000000000000147f       0x87 ./src/sysinit.o
 .debug_macro   0x0000000000001506       0x22 ./src/sysinit.o
 .debug_macro   0x0000000000001528      0xa7d ./src/sysinit.o
 .debug_macro   0x0000000000001fa5       0x9c ./src/sysinit.o
 .debug_macro   0x0000000000002041       0x97 ./src/sysinit.o
 .debug_macro   0x00000000000020d8      0x30d ./src/sysinit.o
 .debug_macro   0x00000000000023e5       0xfd ./src/sysinit.o
 .debug_macro   0x00000000000024e2       0x43 ./src/sysinit.o
 .debug_macro   0x0000000000002525      0x421 ./freertos/src/FreeRTOSCommonHooks.o
 .debug_macro   0x0000000000002946      0x174 ./freertos/src/FreeRTOSCommonHooks.o
 .debug_macro   0x0000000000002aba       0x74 ./freertos/src/FreeRTOSCommonHooks.o
 .debug_macro   0x0000000000002b2e       0x11 ./freertos/src/FreeRTOSCommonHooks.o
 .debug_macro   0x0000000000002b3f       0x35 ./freertos/src/FreeRTOSCommonHooks.o
 .debug_macro   0x0000000000002b74       0xf4 ./freertos/src/FreeRTOSCommonHooks.o
 .debug_macro   0x0000000000002c68      0x445 ./freertos/src/heap_3.o
 .debug_macro   0x00000000000030ad      0x42a ./freertos/src/list.o
 .debug_macro   0x00000000000034d7      0x4a8 ./freertos/src/port.o
 .debug_macro   0x000000000000397f      0x49c ./freertos/src/queue.o
 .debug_macro   0x0000000000003e1b       0x16 ./freertos/src/queue.o
 .debug_macro   0x0000000000003e31      0x4df ./freertos/src/tasks.o
 .debug_macro   0x0000000000004310       0x16 ./freertos/src/tasks.o
 .debug_macro   0x0000000000004326      0x3bb /Users/danh/Documents/LPCXpresso_8.2.0/workspace/lpc_board_nxp_lpcxpresso_1549/Debug/liblpc_board_nxp_lpcxpresso_1549.a(board.o)
 .debug_macro   0x00000000000046e1      0x88c /Users/danh/Documents/LPCXpresso_8.2.0/workspace/lpc_board_nxp_lpcxpresso_1549/Debug/liblpc_board_nxp_lpcxpresso_1549.a(board.o)
 .debug_macro   0x0000000000004f6d       0x12 /Users/danh/Documents/LPCXpresso_8.2.0/workspace/lpc_board_nxp_lpcxpresso_1549/Debug/liblpc_board_nxp_lpcxpresso_1549.a(board.o)
 .debug_macro   0x0000000000004f7f      0x3c8 /Users/danh/Documents/LPCXpresso_8.2.0/workspace/lpc_board_nxp_lpcxpresso_1549/Debug/liblpc_board_nxp_lpcxpresso_1549.a(board_sysinit.o)
 .debug_macro   0x0000000000005347      0x260 /Users/danh/Documents/LPCXpresso_8.2.0/workspace/lpc_chip_15xx/Debug/liblpc_chip_15xx.a(chip_15xx.o)
 .debug_macro   0x00000000000055a7      0x260 /Users/danh/Documents/LPCXpresso_8.2.0/workspace/lpc_chip_15xx/Debug/liblpc_chip_15xx.a(clock_15xx.o)
 .debug_macro   0x0000000000005807      0x260 /Users/danh/Documents/LPCXpresso_8.2.0/workspace/lpc_chip_15xx/Debug/liblpc_chip_15xx.a(gpio_15xx.o)
 .debug_macro   0x0000000000005a67      0x260 /Users/danh/Documents/LPCXpresso_8.2.0/workspace/lpc_chip_15xx/Debug/liblpc_chip_15xx.a(iocon_15xx.o)
 .debug_macro   0x0000000000005cc7      0x26c /Users/danh/Documents/LPCXpresso_8.2.0/workspace/lpc_chip_15xx/Debug/liblpc_chip_15xx.a(swm_15xx.o)
 .debug_macro   0x0000000000005f33      0x278 /Users/danh/Documents/LPCXpresso_8.2.0/workspace/lpc_chip_15xx/Debug/liblpc_chip_15xx.a(sysctl_15xx.o)
 .debug_macro   0x00000000000061ab      0x260 /Users/danh/Documents/LPCXpresso_8.2.0/workspace/lpc_chip_15xx/Debug/liblpc_chip_15xx.a(sysinit_15xx.o)
 .debug_macro   0x000000000000640b      0x260 /Users/danh/Documents/LPCXpresso_8.2.0/workspace/lpc_chip_15xx/Debug/liblpc_chip_15xx.a(uart_15xx.o)

.debug_line     0x0000000000000000     0x8c72
 .debug_line    0x0000000000000000       0xd5 ./src/cr_startup_lpc15xx.o
 .debug_line    0x00000000000000d5      0x7f3 ./src/lab2.o
 .debug_line    0x00000000000008c8      0x672 ./src/sysinit.o
 .debug_line    0x0000000000000f3a      0x7f2 ./freertos/src/FreeRTOSCommonHooks.o
 .debug_line    0x000000000000172c      0x7af ./freertos/src/heap_3.o
 .debug_line    0x0000000000001edb      0x7fb ./freertos/src/list.o
 .debug_line    0x00000000000026d6      0x8cd ./freertos/src/port.o
 .debug_line    0x0000000000002fa3      0xb2b ./freertos/src/queue.o
 .debug_line    0x0000000000003ace      0xf7a ./freertos/src/tasks.o
 .debug_line    0x0000000000004a48      0x8b1 /Users/danh/Documents/LPCXpresso_8.2.0/workspace/lpc_board_nxp_lpcxpresso_1549/Debug/liblpc_board_nxp_lpcxpresso_1549.a(board.o)
 .debug_line    0x00000000000052f9      0x76b /Users/danh/Documents/LPCXpresso_8.2.0/workspace/lpc_board_nxp_lpcxpresso_1549/Debug/liblpc_board_nxp_lpcxpresso_1549.a(board_sysinit.o)
 .debug_line    0x0000000000005a64      0x59f /Users/danh/Documents/LPCXpresso_8.2.0/workspace/lpc_chip_15xx/Debug/liblpc_chip_15xx.a(chip_15xx.o)
 .debug_line    0x0000000000006003      0x7f3 /Users/danh/Documents/LPCXpresso_8.2.0/workspace/lpc_chip_15xx/Debug/liblpc_chip_15xx.a(clock_15xx.o)
 .debug_line    0x00000000000067f6      0x5f7 /Users/danh/Documents/LPCXpresso_8.2.0/workspace/lpc_chip_15xx/Debug/liblpc_chip_15xx.a(gpio_15xx.o)
 .debug_line    0x0000000000006ded      0x53f /Users/danh/Documents/LPCXpresso_8.2.0/workspace/lpc_chip_15xx/Debug/liblpc_chip_15xx.a(iocon_15xx.o)
 .debug_line    0x000000000000732c      0x56a /Users/danh/Documents/LPCXpresso_8.2.0/workspace/lpc_chip_15xx/Debug/liblpc_chip_15xx.a(swm_15xx.o)
 .debug_line    0x0000000000007896      0x5a1 /Users/danh/Documents/LPCXpresso_8.2.0/workspace/lpc_chip_15xx/Debug/liblpc_chip_15xx.a(sysctl_15xx.o)
 .debug_line    0x0000000000007e37      0x5d4 /Users/danh/Documents/LPCXpresso_8.2.0/workspace/lpc_chip_15xx/Debug/liblpc_chip_15xx.a(sysinit_15xx.o)
 .debug_line    0x000000000000840b      0x719 /Users/danh/Documents/LPCXpresso_8.2.0/workspace/lpc_chip_15xx/Debug/liblpc_chip_15xx.a(uart_15xx.o)
 .debug_line    0x0000000000008b24      0x101 /Applications/lpcxpresso_8.2.0_647/lpcxpresso/tools/bin/../lib/gcc/arm-none-eabi/5.3.1/../../../../arm-none-eabi/lib/armv7-m/libcr_newlib_nohost.a(_cr_sbrk.o)
 .debug_line    0x0000000000008c25       0x4d /Applications/lpcxpresso_8.2.0_647/lpcxpresso/tools/bin/../lib/gcc/arm-none-eabi/5.3.1/../../../../arm-none-eabi/lib/armv7-m/libcr_newlib_nohost.a(_cr_check_heap.o)

.debug_str      0x0000000000000000    0x1b517
 .debug_str     0x0000000000000000     0x271b ./src/cr_startup_lpc15xx.o
                                       0x2759 (size before relaxing)
 .debug_str     0x000000000000271b    0x13570 ./src/lab2.o
                                      0x15d1b (size before relaxing)
 .debug_str     0x0000000000015c8b      0x2fd ./src/sysinit.o
                                      0x12227 (size before relaxing)
 .debug_str     0x0000000000015f88       0xf5 ./freertos/src/FreeRTOSCommonHooks.o
                                      0x14a56 (size before relaxing)
 .debug_str     0x000000000001607d      0x170 ./freertos/src/heap_3.o
                                      0x14ac0 (size before relaxing)
 .debug_str     0x00000000000161ed      0x12d ./freertos/src/list.o
                                      0x147d8 (size before relaxing)
 .debug_str     0x000000000001631a      0x913 ./freertos/src/port.o
                                      0x152d6 (size before relaxing)
 .debug_str     0x0000000000016c2d      0x6ce ./freertos/src/queue.o
                                      0x15e76 (size before relaxing)
 .debug_str     0x00000000000172fb     0x19f1 ./freertos/src/tasks.o
                                      0x168cb (size before relaxing)
 .debug_str     0x0000000000018cec      0x8e4 /Users/danh/Documents/LPCXpresso_8.2.0/workspace/lpc_board_nxp_lpcxpresso_1549/Debug/liblpc_board_nxp_lpcxpresso_1549.a(board.o)
                                      0x12bfd (size before relaxing)
 .debug_str     0x00000000000195d0      0x870 /Users/danh/Documents/LPCXpresso_8.2.0/workspace/lpc_board_nxp_lpcxpresso_1549/Debug/liblpc_board_nxp_lpcxpresso_1549.a(board_sysinit.o)
                                      0x13207 (size before relaxing)
 .debug_str     0x0000000000019e40      0x141 /Users/danh/Documents/LPCXpresso_8.2.0/workspace/lpc_chip_15xx/Debug/liblpc_chip_15xx.a(chip_15xx.o)
                                       0xf369 (size before relaxing)
 .debug_str     0x0000000000019f81      0x89f /Users/danh/Documents/LPCXpresso_8.2.0/workspace/lpc_chip_15xx/Debug/liblpc_chip_15xx.a(clock_15xx.o)
                                       0xf774 (size before relaxing)
 .debug_str     0x000000000001a820       0xdf /Users/danh/Documents/LPCXpresso_8.2.0/workspace/lpc_chip_15xx/Debug/liblpc_chip_15xx.a(gpio_15xx.o)
                                       0xee16 (size before relaxing)
 .debug_str     0x000000000001a8ff       0x41 /Users/danh/Documents/LPCXpresso_8.2.0/workspace/lpc_chip_15xx/Debug/liblpc_chip_15xx.a(iocon_15xx.o)
                                       0xe933 (size before relaxing)
 .debug_str     0x000000000001a940      0x55d /Users/danh/Documents/LPCXpresso_8.2.0/workspace/lpc_chip_15xx/Debug/liblpc_chip_15xx.a(swm_15xx.o)
                                       0xf33b (size before relaxing)
 .debug_str     0x000000000001ae9d      0x183 /Users/danh/Documents/LPCXpresso_8.2.0/workspace/lpc_chip_15xx/Debug/liblpc_chip_15xx.a(sysctl_15xx.o)
                                       0xee21 (size before relaxing)
 .debug_str     0x000000000001b020      0x13f /Users/danh/Documents/LPCXpresso_8.2.0/workspace/lpc_chip_15xx/Debug/liblpc_chip_15xx.a(sysinit_15xx.o)
                                       0xee0f (size before relaxing)
 .debug_str     0x000000000001b15f      0x20f /Users/danh/Documents/LPCXpresso_8.2.0/workspace/lpc_chip_15xx/Debug/liblpc_chip_15xx.a(uart_15xx.o)
                                       0xef72 (size before relaxing)
 .debug_str     0x000000000001b36e      0x184 /Applications/lpcxpresso_8.2.0_647/lpcxpresso/tools/bin/../lib/gcc/arm-none-eabi/5.3.1/../../../../arm-none-eabi/lib/armv7-m/libcr_newlib_nohost.a(_cr_sbrk.o)
                                        0x229 (size before relaxing)
 .debug_str     0x000000000001b4f2       0x25 /Applications/lpcxpresso_8.2.0_647/lpcxpresso/tools/bin/../lib/gcc/arm-none-eabi/5.3.1/../../../../arm-none-eabi/lib/armv7-m/libcr_newlib_nohost.a(_cr_check_heap.o)
                                        0x16b (size before relaxing)

.comment        0x0000000000000000       0xdc
 .comment       0x0000000000000000       0x6e ./src/cr_startup_lpc15xx.o
                                         0x6f (size before relaxing)
 .comment       0x000000000000006e       0x6f ./src/lab2.o
 .comment       0x000000000000006e       0x6f ./src/sysinit.o
 .comment       0x000000000000006e       0x6f ./freertos/src/FreeRTOSCommonHooks.o
 .comment       0x000000000000006e       0x6f ./freertos/src/heap_3.o
 .comment       0x000000000000006e       0x6f ./freertos/src/list.o
 .comment       0x000000000000006e       0x6f ./freertos/src/port.o
 .comment       0x000000000000006e       0x6f ./freertos/src/queue.o
 .comment       0x000000000000006e       0x6f ./freertos/src/tasks.o
 .comment       0x000000000000006e       0x6f /Users/danh/Documents/LPCXpresso_8.2.0/workspace/lpc_board_nxp_lpcxpresso_1549/Debug/liblpc_board_nxp_lpcxpresso_1549.a(board.o)
 .comment       0x000000000000006e       0x6f /Users/danh/Documents/LPCXpresso_8.2.0/workspace/lpc_board_nxp_lpcxpresso_1549/Debug/liblpc_board_nxp_lpcxpresso_1549.a(board_sysinit.o)
 .comment       0x000000000000006e       0x6f /Users/danh/Documents/LPCXpresso_8.2.0/workspace/lpc_chip_15xx/Debug/liblpc_chip_15xx.a(chip_15xx.o)
 .comment       0x000000000000006e       0x6f /Users/danh/Documents/LPCXpresso_8.2.0/workspace/lpc_chip_15xx/Debug/liblpc_chip_15xx.a(clock_15xx.o)
 .comment       0x000000000000006e       0x6f /Users/danh/Documents/LPCXpresso_8.2.0/workspace/lpc_chip_15xx/Debug/liblpc_chip_15xx.a(gpio_15xx.o)
 .comment       0x000000000000006e       0x6f /Users/danh/Documents/LPCXpresso_8.2.0/workspace/lpc_chip_15xx/Debug/liblpc_chip_15xx.a(iocon_15xx.o)
 .comment       0x000000000000006e       0x6f /Users/danh/Documents/LPCXpresso_8.2.0/workspace/lpc_chip_15xx/Debug/liblpc_chip_15xx.a(swm_15xx.o)
 .comment       0x000000000000006e       0x6f /Users/danh/Documents/LPCXpresso_8.2.0/workspace/lpc_chip_15xx/Debug/liblpc_chip_15xx.a(sysctl_15xx.o)
 .comment       0x000000000000006e       0x6f /Users/danh/Documents/LPCXpresso_8.2.0/workspace/lpc_chip_15xx/Debug/liblpc_chip_15xx.a(sysinit_15xx.o)
 .comment       0x000000000000006e       0x6f /Users/danh/Documents/LPCXpresso_8.2.0/workspace/lpc_chip_15xx/Debug/liblpc_chip_15xx.a(uart_15xx.o)
 .comment       0x000000000000006e       0x6e /Applications/lpcxpresso_8.2.0_647/lpcxpresso/tools/bin/../lib/gcc/arm-none-eabi/5.3.1/../../../../arm-none-eabi/lib/armv7-m/libcr_newlib_nohost.a(_cr_sbrk.o)
                                         0x6f (size before relaxing)
 .comment       0x00000000000000dc       0x6f /Applications/lpcxpresso_8.2.0_647/lpcxpresso/tools/bin/../lib/gcc/arm-none-eabi/5.3.1/../../../../arm-none-eabi/lib/armv7-m/libcr_newlib_nohost.a(_cr_check_heap.o)

.ARM.attributes
                0x0000000000000000       0x31
 .ARM.attributes
                0x0000000000000000       0x33 ./src/cr_startup_lpc15xx.o
 .ARM.attributes
                0x0000000000000033       0x33 ./src/lab2.o
 .ARM.attributes
                0x0000000000000066       0x33 ./src/sysinit.o
 .ARM.attributes
                0x0000000000000099       0x33 ./freertos/src/FreeRTOSCommonHooks.o
 .ARM.attributes
                0x00000000000000cc       0x33 ./freertos/src/heap_3.o
 .ARM.attributes
                0x00000000000000ff       0x33 ./freertos/src/list.o
 .ARM.attributes
                0x0000000000000132       0x33 ./freertos/src/port.o
 .ARM.attributes
                0x0000000000000165       0x33 ./freertos/src/queue.o
 .ARM.attributes
                0x0000000000000198       0x33 ./freertos/src/tasks.o
 .ARM.attributes
                0x00000000000001cb       0x33 /Users/danh/Documents/LPCXpresso_8.2.0/workspace/lpc_board_nxp_lpcxpresso_1549/Debug/liblpc_board_nxp_lpcxpresso_1549.a(board.o)
 .ARM.attributes
                0x00000000000001fe       0x33 /Users/danh/Documents/LPCXpresso_8.2.0/workspace/lpc_board_nxp_lpcxpresso_1549/Debug/liblpc_board_nxp_lpcxpresso_1549.a(board_sysinit.o)
 .ARM.attributes
                0x0000000000000231       0x33 /Users/danh/Documents/LPCXpresso_8.2.0/workspace/lpc_chip_15xx/Debug/liblpc_chip_15xx.a(chip_15xx.o)
 .ARM.attributes
                0x0000000000000264       0x33 /Users/danh/Documents/LPCXpresso_8.2.0/workspace/lpc_chip_15xx/Debug/liblpc_chip_15xx.a(clock_15xx.o)
 .ARM.attributes
                0x0000000000000297       0x33 /Users/danh/Documents/LPCXpresso_8.2.0/workspace/lpc_chip_15xx/Debug/liblpc_chip_15xx.a(gpio_15xx.o)
 .ARM.attributes
                0x00000000000002ca       0x33 /Users/danh/Documents/LPCXpresso_8.2.0/workspace/lpc_chip_15xx/Debug/liblpc_chip_15xx.a(iocon_15xx.o)
 .ARM.attributes
                0x00000000000002fd       0x33 /Users/danh/Documents/LPCXpresso_8.2.0/workspace/lpc_chip_15xx/Debug/liblpc_chip_15xx.a(swm_15xx.o)
 .ARM.attributes
                0x0000000000000330       0x33 /Users/danh/Documents/LPCXpresso_8.2.0/workspace/lpc_chip_15xx/Debug/liblpc_chip_15xx.a(sysctl_15xx.o)
 .ARM.attributes
                0x0000000000000363       0x33 /Users/danh/Documents/LPCXpresso_8.2.0/workspace/lpc_chip_15xx/Debug/liblpc_chip_15xx.a(sysinit_15xx.o)
 .ARM.attributes
                0x0000000000000396       0x33 /Users/danh/Documents/LPCXpresso_8.2.0/workspace/lpc_chip_15xx/Debug/liblpc_chip_15xx.a(uart_15xx.o)
 .ARM.attributes
                0x00000000000003c9       0x1d /Applications/lpcxpresso_8.2.0_647/lpcxpresso/tools/bin/../lib/gcc/arm-none-eabi/5.3.1/armv7-m/libgcc.a(_aeabi_uldivmod.o)
 .ARM.attributes
                0x00000000000003e6       0x2d /Applications/lpcxpresso_8.2.0_647/lpcxpresso/tools/bin/../lib/gcc/arm-none-eabi/5.3.1/armv7-m/libgcc.a(_udivmoddi4.o)
 .ARM.attributes
                0x0000000000000413       0x1d /Applications/lpcxpresso_8.2.0_647/lpcxpresso/tools/bin/../lib/gcc/arm-none-eabi/5.3.1/armv7-m/libgcc.a(_dvmd_tls.o)
 .ARM.attributes
                0x0000000000000430       0x2d /Applications/lpcxpresso_8.2.0_647/lpcxpresso/tools/bin/../lib/gcc/arm-none-eabi/5.3.1/../../../../arm-none-eabi/lib/armv7-m/libc.a(lib_a-impure.o)
 .ARM.attributes
                0x000000000000045d       0x2d /Applications/lpcxpresso_8.2.0_647/lpcxpresso/tools/bin/../lib/gcc/arm-none-eabi/5.3.1/../../../../arm-none-eabi/lib/armv7-m/libc.a(lib_a-init.o)
 .ARM.attributes
                0x000000000000048a       0x2d /Applications/lpcxpresso_8.2.0_647/lpcxpresso/tools/bin/../lib/gcc/arm-none-eabi/5.3.1/../../../../arm-none-eabi/lib/armv7-m/libc.a(lib_a-malloc.o)
 .ARM.attributes
                0x00000000000004b7       0x2d /Applications/lpcxpresso_8.2.0_647/lpcxpresso/tools/bin/../lib/gcc/arm-none-eabi/5.3.1/../../../../arm-none-eabi/lib/armv7-m/libc.a(lib_a-mallocr.o)
 .ARM.attributes
                0x00000000000004e4       0x1b /Applications/lpcxpresso_8.2.0_647/lpcxpresso/tools/bin/../lib/gcc/arm-none-eabi/5.3.1/../../../../arm-none-eabi/lib/armv7-m/libc.a(lib_a-memcpy.o)
 .ARM.attributes
                0x00000000000004ff       0x2d /Applications/lpcxpresso_8.2.0_647/lpcxpresso/tools/bin/../lib/gcc/arm-none-eabi/5.3.1/../../../../arm-none-eabi/lib/armv7-m/libc.a(lib_a-memset.o)
 .ARM.attributes
                0x000000000000052c       0x2d /Applications/lpcxpresso_8.2.0_647/lpcxpresso/tools/bin/../lib/gcc/arm-none-eabi/5.3.1/../../../../arm-none-eabi/lib/armv7-m/libc.a(lib_a-mlock.o)
 .ARM.attributes
                0x0000000000000559       0x2d /Applications/lpcxpresso_8.2.0_647/lpcxpresso/tools/bin/../lib/gcc/arm-none-eabi/5.3.1/../../../../arm-none-eabi/lib/armv7-m/libc.a(lib_a-reent.o)
 .ARM.attributes
                0x0000000000000586       0x2d /Applications/lpcxpresso_8.2.0_647/lpcxpresso/tools/bin/../lib/gcc/arm-none-eabi/5.3.1/../../../../arm-none-eabi/lib/armv7-m/libc.a(lib_a-sbrkr.o)
 .ARM.attributes
                0x00000000000005b3       0x2d /Applications/lpcxpresso_8.2.0_647/lpcxpresso/tools/bin/../lib/gcc/arm-none-eabi/5.3.1/../../../../arm-none-eabi/lib/armv7-m/libc.a(lib_a-freer.o)
 .ARM.attributes
                0x00000000000005e0       0x33 /Applications/lpcxpresso_8.2.0_647/lpcxpresso/tools/bin/../lib/gcc/arm-none-eabi/5.3.1/../../../../arm-none-eabi/lib/armv7-m/libcr_newlib_nohost.a(_cr_sbrk.o)
 .ARM.attributes
                0x0000000000000613       0x33 /Applications/lpcxpresso_8.2.0_647/lpcxpresso/tools/bin/../lib/gcc/arm-none-eabi/5.3.1/../../../../arm-none-eabi/lib/armv7-m/libcr_newlib_nohost.a(_cr_check_heap.o)
 .ARM.attributes
                0x0000000000000646       0x1d /Applications/lpcxpresso_8.2.0_647/lpcxpresso/tools/bin/../lib/gcc/arm-none-eabi/5.3.1/armv7-m/crti.o
 .ARM.attributes
                0x0000000000000663       0x1d /Applications/lpcxpresso_8.2.0_647/lpcxpresso/tools/bin/../lib/gcc/arm-none-eabi/5.3.1/armv7-m/crtn.o
 .ARM.attributes
                0x0000000000000680       0x2d /Applications/lpcxpresso_8.2.0_647/lpcxpresso/tools/bin/../lib/gcc/arm-none-eabi/5.3.1/armv7-m/crtbegin.o
 .ARM.attributes
                0x00000000000006ad       0x2d /Applications/lpcxpresso_8.2.0_647/lpcxpresso/tools/bin/../lib/gcc/arm-none-eabi/5.3.1/../../../../arm-none-eabi/lib/armv7-m/libc.a(lib_a-errno.o)

.debug_frame    0x0000000000000000     0x2630
 .debug_frame   0x0000000000000000      0x170 ./src/cr_startup_lpc15xx.o
 .debug_frame   0x0000000000000170       0x90 ./src/lab2.o
 .debug_frame   0x0000000000000200       0x2c ./src/sysinit.o
 .debug_frame   0x000000000000022c       0xb0 ./freertos/src/FreeRTOSCommonHooks.o
 .debug_frame   0x00000000000002dc       0x58 ./freertos/src/heap_3.o
 .debug_frame   0x0000000000000334       0xd8 ./freertos/src/list.o
 .debug_frame   0x000000000000040c      0x198 ./freertos/src/port.o
 .debug_frame   0x00000000000005a4      0x404 ./freertos/src/queue.o
 .debug_frame   0x00000000000009a8      0x6d0 ./freertos/src/tasks.o
 .debug_frame   0x0000000000001078      0x360 /Users/danh/Documents/LPCXpresso_8.2.0/workspace/lpc_board_nxp_lpcxpresso_1549/Debug/liblpc_board_nxp_lpcxpresso_1549.a(board.o)
 .debug_frame   0x00000000000013d8      0x14c /Users/danh/Documents/LPCXpresso_8.2.0/workspace/lpc_board_nxp_lpcxpresso_1549/Debug/liblpc_board_nxp_lpcxpresso_1549.a(board_sysinit.o)
 .debug_frame   0x0000000000001524      0x104 /Users/danh/Documents/LPCXpresso_8.2.0/workspace/lpc_chip_15xx/Debug/liblpc_chip_15xx.a(chip_15xx.o)
 .debug_frame   0x0000000000001628      0x4b0 /Users/danh/Documents/LPCXpresso_8.2.0/workspace/lpc_chip_15xx/Debug/liblpc_chip_15xx.a(clock_15xx.o)
 .debug_frame   0x0000000000001ad8      0x1b4 /Users/danh/Documents/LPCXpresso_8.2.0/workspace/lpc_chip_15xx/Debug/liblpc_chip_15xx.a(gpio_15xx.o)
 .debug_frame   0x0000000000001c8c       0x5c /Users/danh/Documents/LPCXpresso_8.2.0/workspace/lpc_chip_15xx/Debug/liblpc_chip_15xx.a(iocon_15xx.o)
 .debug_frame   0x0000000000001ce8       0xd4 /Users/danh/Documents/LPCXpresso_8.2.0/workspace/lpc_chip_15xx/Debug/liblpc_chip_15xx.a(swm_15xx.o)
 .debug_frame   0x0000000000001dbc      0x124 /Users/danh/Documents/LPCXpresso_8.2.0/workspace/lpc_chip_15xx/Debug/liblpc_chip_15xx.a(sysctl_15xx.o)
 .debug_frame   0x0000000000001ee0      0x134 /Users/danh/Documents/LPCXpresso_8.2.0/workspace/lpc_chip_15xx/Debug/liblpc_chip_15xx.a(sysinit_15xx.o)
 .debug_frame   0x0000000000002014      0x340 /Users/danh/Documents/LPCXpresso_8.2.0/workspace/lpc_chip_15xx/Debug/liblpc_chip_15xx.a(uart_15xx.o)
 .debug_frame   0x0000000000002354       0x2c /Applications/lpcxpresso_8.2.0_647/lpcxpresso/tools/bin/../lib/gcc/arm-none-eabi/5.3.1/armv7-m/libgcc.a(_aeabi_uldivmod.o)
 .debug_frame   0x0000000000002380       0x38 /Applications/lpcxpresso_8.2.0_647/lpcxpresso/tools/bin/../lib/gcc/arm-none-eabi/5.3.1/armv7-m/libgcc.a(_udivmoddi4.o)
 .debug_frame   0x00000000000023b8       0x2c /Applications/lpcxpresso_8.2.0_647/lpcxpresso/tools/bin/../lib/gcc/arm-none-eabi/5.3.1/../../../../arm-none-eabi/lib/armv7-m/libc.a(lib_a-init.o)
 .debug_frame   0x00000000000023e4       0x30 /Applications/lpcxpresso_8.2.0_647/lpcxpresso/tools/bin/../lib/gcc/arm-none-eabi/5.3.1/../../../../arm-none-eabi/lib/armv7-m/libc.a(lib_a-malloc.o)
 .debug_frame   0x0000000000002414       0x54 /Applications/lpcxpresso_8.2.0_647/lpcxpresso/tools/bin/../lib/gcc/arm-none-eabi/5.3.1/../../../../arm-none-eabi/lib/armv7-m/libc.a(lib_a-mallocr.o)
 .debug_frame   0x0000000000002468       0x34 /Applications/lpcxpresso_8.2.0_647/lpcxpresso/tools/bin/../lib/gcc/arm-none-eabi/5.3.1/../../../../arm-none-eabi/lib/armv7-m/libc.a(lib_a-memset.o)
 .debug_frame   0x000000000000249c       0x30 /Applications/lpcxpresso_8.2.0_647/lpcxpresso/tools/bin/../lib/gcc/arm-none-eabi/5.3.1/../../../../arm-none-eabi/lib/armv7-m/libc.a(lib_a-mlock.o)
 .debug_frame   0x00000000000024cc       0x58 /Applications/lpcxpresso_8.2.0_647/lpcxpresso/tools/bin/../lib/gcc/arm-none-eabi/5.3.1/../../../../arm-none-eabi/lib/armv7-m/libc.a(lib_a-reent.o)
 .debug_frame   0x0000000000002524       0x2c /Applications/lpcxpresso_8.2.0_647/lpcxpresso/tools/bin/../lib/gcc/arm-none-eabi/5.3.1/../../../../arm-none-eabi/lib/armv7-m/libc.a(lib_a-sbrkr.o)
 .debug_frame   0x0000000000002550       0x74 /Applications/lpcxpresso_8.2.0_647/lpcxpresso/tools/bin/../lib/gcc/arm-none-eabi/5.3.1/../../../../arm-none-eabi/lib/armv7-m/libc.a(lib_a-freer.o)
 .debug_frame   0x00000000000025c4       0x2c /Applications/lpcxpresso_8.2.0_647/lpcxpresso/tools/bin/../lib/gcc/arm-none-eabi/5.3.1/../../../../arm-none-eabi/lib/armv7-m/libcr_newlib_nohost.a(_cr_sbrk.o)
 .debug_frame   0x00000000000025f0       0x20 /Applications/lpcxpresso_8.2.0_647/lpcxpresso/tools/bin/../lib/gcc/arm-none-eabi/5.3.1/../../../../arm-none-eabi/lib/armv7-m/libcr_newlib_nohost.a(_cr_check_heap.o)
 .debug_frame   0x0000000000002610       0x20 /Applications/lpcxpresso_8.2.0_647/lpcxpresso/tools/bin/../lib/gcc/arm-none-eabi/5.3.1/../../../../arm-none-eabi/lib/armv7-m/libc.a(lib_a-errno.o)

.debug_loc      0x0000000000000000       0x81
 .debug_loc     0x0000000000000000       0x47 /Applications/lpcxpresso_8.2.0_647/lpcxpresso/tools/bin/../lib/gcc/arm-none-eabi/5.3.1/../../../../arm-none-eabi/lib/armv7-m/libcr_newlib_nohost.a(_cr_sbrk.o)
 .debug_loc     0x0000000000000047       0x3a /Applications/lpcxpresso_8.2.0_647/lpcxpresso/tools/bin/../lib/gcc/arm-none-eabi/5.3.1/../../../../arm-none-eabi/lib/armv7-m/libcr_newlib_nohost.a(_cr_check_heap.o)
