Archive member included to satisfy reference by file (symbol)

/Users/danh/Documents/LPCXpresso_8.2.0/workspace/lpc_board_nxp_lpcxpresso_1549/Debug/liblpc_board_nxp_lpcxpresso_1549.a(board.o)
                              ./src/lab2.o (Board_UARTPutSTR)
/Users/danh/Documents/LPCXpresso_8.2.0/workspace/lpc_board_nxp_lpcxpresso_1549/Debug/liblpc_board_nxp_lpcxpresso_1549.a(board_sysinit.o)
                              ./src/sysinit.o (Board_SystemInit)
/Users/danh/Documents/LPCXpresso_8.2.0/workspace/lpc_chip_15xx/Debug/liblpc_chip_15xx.a(chip_15xx.o)
                              ./freertos/src/port.o (SystemCoreClock)
/Users/danh/Documents/LPCXpresso_8.2.0/workspace/lpc_chip_15xx/Debug/liblpc_chip_15xx.a(clock_15xx.o)
                              /Users/danh/Documents/LPCXpresso_8.2.0/workspace/lpc_board_nxp_lpcxpresso_1549/Debug/liblpc_board_nxp_lpcxpresso_1549.a(board.o) (Chip_Clock_GetMainClockRate)
/Users/danh/Documents/LPCXpresso_8.2.0/workspace/lpc_chip_15xx/Debug/liblpc_chip_15xx.a(gpio_15xx.o)
                              /Users/danh/Documents/LPCXpresso_8.2.0/workspace/lpc_board_nxp_lpcxpresso_1549/Debug/liblpc_board_nxp_lpcxpresso_1549.a(board.o) (Chip_GPIO_Init)
/Users/danh/Documents/LPCXpresso_8.2.0/workspace/lpc_chip_15xx/Debug/liblpc_chip_15xx.a(iocon_15xx.o)
                              /Users/danh/Documents/LPCXpresso_8.2.0/workspace/lpc_board_nxp_lpcxpresso_1549/Debug/liblpc_board_nxp_lpcxpresso_1549.a(board_sysinit.o) (Chip_IOCON_SetPinMuxing)
/Users/danh/Documents/LPCXpresso_8.2.0/workspace/lpc_chip_15xx/Debug/liblpc_chip_15xx.a(swm_15xx.o)
                              /Users/danh/Documents/LPCXpresso_8.2.0/workspace/lpc_board_nxp_lpcxpresso_1549/Debug/liblpc_board_nxp_lpcxpresso_1549.a(board.o) (Chip_SWM_MovablePinAssign)
/Users/danh/Documents/LPCXpresso_8.2.0/workspace/lpc_chip_15xx/Debug/liblpc_chip_15xx.a(sysctl_15xx.o)
                              /Users/danh/Documents/LPCXpresso_8.2.0/workspace/lpc_board_nxp_lpcxpresso_1549/Debug/liblpc_board_nxp_lpcxpresso_1549.a(board_sysinit.o) (Chip_SYSCTL_AssertPeriphReset)
/Users/danh/Documents/LPCXpresso_8.2.0/workspace/lpc_chip_15xx/Debug/liblpc_chip_15xx.a(sysinit_15xx.o)
                              /Users/danh/Documents/LPCXpresso_8.2.0/workspace/lpc_board_nxp_lpcxpresso_1549/Debug/liblpc_board_nxp_lpcxpresso_1549.a(board_sysinit.o) (Chip_SetupXtalClocking)
/Users/danh/Documents/LPCXpresso_8.2.0/workspace/lpc_chip_15xx/Debug/liblpc_chip_15xx.a(uart_15xx.o)
                              /Users/danh/Documents/LPCXpresso_8.2.0/workspace/lpc_board_nxp_lpcxpresso_1549/Debug/liblpc_board_nxp_lpcxpresso_1549.a(board.o) (Chip_UART_Init)
/Users/danh/Documents/LPCXpresso_8.2.0/workspace/lpc_chip_15xx/Debug/liblpc_chip_15xx.a(ring_buffer.o)
                              /Users/danh/Documents/LPCXpresso_8.2.0/workspace/lpc_chip_15xx/Debug/liblpc_chip_15xx.a(uart_15xx.o) (RingBuffer_Insert)
/Applications/lpcxpresso_8.2.0_647/lpcxpresso/tools/bin/../lib/gcc/arm-none-eabi/5.3.1/armv7-m/libgcc.a(_aeabi_uldivmod.o)
                              /Users/danh/Documents/LPCXpresso_8.2.0/workspace/lpc_chip_15xx/Debug/liblpc_chip_15xx.a(clock_15xx.o) (__aeabi_uldivmod)
/Applications/lpcxpresso_8.2.0_647/lpcxpresso/tools/bin/../lib/gcc/arm-none-eabi/5.3.1/armv7-m/libgcc.a(_udivmoddi4.o)
                              /Applications/lpcxpresso_8.2.0_647/lpcxpresso/tools/bin/../lib/gcc/arm-none-eabi/5.3.1/armv7-m/libgcc.a(_aeabi_uldivmod.o) (__udivmoddi4)
/Applications/lpcxpresso_8.2.0_647/lpcxpresso/tools/bin/../lib/gcc/arm-none-eabi/5.3.1/armv7-m/libgcc.a(_dvmd_tls.o)
                              /Applications/lpcxpresso_8.2.0_647/lpcxpresso/tools/bin/../lib/gcc/arm-none-eabi/5.3.1/armv7-m/libgcc.a(_aeabi_uldivmod.o) (__aeabi_ldiv0)
/Applications/lpcxpresso_8.2.0_647/lpcxpresso/tools/bin/../lib/gcc/arm-none-eabi/5.3.1/../../../../arm-none-eabi/lib/armv7-m/libc.a(lib_a-impure.o)
                              ./freertos/src/tasks.o (_impure_ptr)
/Applications/lpcxpresso_8.2.0_647/lpcxpresso/tools/bin/../lib/gcc/arm-none-eabi/5.3.1/../../../../arm-none-eabi/lib/armv7-m/libc.a(lib_a-init.o)
                              ./src/cr_startup_lpc15xx.o (__libc_init_array)
/Applications/lpcxpresso_8.2.0_647/lpcxpresso/tools/bin/../lib/gcc/arm-none-eabi/5.3.1/../../../../arm-none-eabi/lib/armv7-m/libc.a(lib_a-malloc.o)
                              ./src/cr_cpp_config.o (malloc)
/Applications/lpcxpresso_8.2.0_647/lpcxpresso/tools/bin/../lib/gcc/arm-none-eabi/5.3.1/../../../../arm-none-eabi/lib/armv7-m/libc.a(lib_a-mallocr.o)
                              /Applications/lpcxpresso_8.2.0_647/lpcxpresso/tools/bin/../lib/gcc/arm-none-eabi/5.3.1/../../../../arm-none-eabi/lib/armv7-m/libc.a(lib_a-malloc.o) (_malloc_r)
/Applications/lpcxpresso_8.2.0_647/lpcxpresso/tools/bin/../lib/gcc/arm-none-eabi/5.3.1/../../../../arm-none-eabi/lib/armv7-m/libc.a(lib_a-memcpy.o)
                              ./freertos/src/queue.o (memcpy)
[...]
Memory Configuration

Name             Origin             Length             Attributes
MFlash256        0x0000000000000000 0x0000000000040000 xr
Ram0_16          0x0000000002000000 0x0000000000004000 xrw
Ram1_16          0x0000000002004000 0x0000000000004000 xrw
Ram2_4           0x0000000002008000 0x0000000000001000 xrw
*default*        0x0000000000000000 0xffffffffffffffff

Linker script and memory map

LOAD ./src/DigitalIoPin.o
LOAD ./src/cr_cpp_config.o
LOAD ./src/cr_startup_lpc15xx.o
LOAD ./src/crp.o
LOAD ./src/lab2.o
LOAD ./src/sysinit.o
LOAD ./freertos/src/FreeRTOSCommonHooks.o
LOAD ./freertos/src/croutine.o
LOAD ./freertos/src/event_groups.o
LOAD ./freertos/src/heap_3.o
LOAD ./freertos/src/list.o
LOAD ./freertos/src/port.o
LOAD ./freertos/src/queue.o
LOAD ./freertos/src/tasks.o
LOAD ./freertos/src/timers.o
LOAD /Users/danh/Documents/LPCXpresso_8.2.0/workspace/lpc_board_nxp_lpcxpresso_1549/Debug/liblpc_board_nxp_lpcxpresso_1549.a
LOAD /Users/danh/Documents/LPCXpresso_8.2.0/workspace/lpc_chip_15xx/Debug/liblpc_chip_15xx.a
START GROUP
LOAD /Applications/lpcxpresso_8.2.0_647/lpcxpresso/tools/bin/../lib/gcc/arm-none-eabi/5.3.1/armv7-m/libgcc.a
LOAD /Applications/lpcxpresso_8.2.0_647/lpcxpresso/tools/bin/../lib/gcc/arm-none-eabi/5.3.1/../../../../arm-none-eabi/lib/armv7-m/libc.a
LOAD /Applications/lpcxpresso_8.2.0_647/lpcxpresso/tools/bin/../lib/gcc/arm-none-eabi/5.3.1/../../../../arm-none-eabi/lib/armv7-m/libstdc++.a
LOAD /Applications/lpcxpresso_8.2.0_647/lpcxpresso/tools/bin/../lib/gcc/arm-none-eabi/5.3.1/../../../../arm-none-eabi/lib/armv7-m/libm.a
LOAD /Applications/lpcxpresso_8.2.0_647/lpcxpresso/tools/bin/../lib/gcc/arm-none-eabi/5.3.1/../../../../arm-none-eabi/lib/armv7-m/libcr_newlib_nohost.a
LOAD /Applications/lpcxpresso_8.2.0_647/lpcxpresso/tools/bin/../lib/gcc/arm-none-eabi/5.3.1/armv7-m/crti.o
LOAD /Applications/lpcxpresso_8.2.0_647/lpcxpresso/tools/bin/../lib/gcc/arm-none-eabi/5.3.1/armv7-m/crtn.o
LOAD /Applications/lpcxpresso_8.2.0_647/lpcxpresso/tools/bin/../lib/gcc/arm-none-eabi/5.3.1/armv7-m/crtbegin.o
LOAD /Applications/lpcxpresso_8.2.0_647/lpcxpresso/tools/bin/../lib/gcc/arm-none-eabi/5.3.1/armv7-m/crtend.o
END GROUP
                0x0000000000000000                __base_MFlash256 = 0x0
                0x0000000000000000                __base_Flash = 0x0
                0x0000000000040000                __top_MFlash256 = 0x40000
                0x0000000000040000                __top_Flash = 0x40000
                0x0000000002000000                __base_Ram0_16 = 0x2000000
                0x0000000002000000                __base_RAM = 0x2000000
                0x0000000002004000                __top_Ram0_16 = 0x2004000
                0x0000000002004000                __top_RAM = 0x2004000
                0x0000000002004000                __base_Ram1_16 = 0x2004000
                0x0000000002004000                __base_RAM2 = 0x2004000
                0x0000000002008000                __top_Ram1_16 = 0x2008000
                0x0000000002008000                __top_RAM2 = 0x2008000
                0x0000000002008000                __base_Ram2_4 = 0x2008000
                0x0000000002008000                __base_RAM3 = 0x2008000
                0x0000000002009000                __top_Ram2_4 = 0x2009000
                0x0000000002009000                __top_RAM3 = 0x2009000

.text           0x0000000000000000     0x3ca0
 FILL mask 0xff
                0x0000000000000000                __vectors_start__ = ABSOLUTE (.)
 *(.isr_vector)
 .isr_vector    0x0000000000000000       0xfc ./src/cr_startup_lpc15xx.o
                0x0000000000000000                g_pfnVectors
                0x00000000000000fc                . = ALIGN (0x4)
                0x00000000000000fc                __section_table_start = .
                0x00000000000000fc                __data_section_table = .
                0x00000000000000fc        0x4 LONG 0x3ca8 LOADADDR (.data)
                0x0000000000000100        0x4 LONG 0x2000000 ADDR (.data)
                0x0000000000000104        0x4 LONG 0x848 SIZEOF (.data)
                0x0000000000000108        0x4 LONG 0x3ca8 LOADADDR (.data_RAM2)
                0x000000000000010c        0x4 LONG 0x2004000 ADDR (.data_RAM2)
                0x0000000000000110        0x4 LONG 0x0 SIZEOF (.data_RAM2)
                0x0000000000000114        0x4 LONG 0x3ca8 LOADADDR (.data_RAM3)
                0x0000000000000118        0x4 LONG 0x2008000 ADDR (.data_RAM3)
                0x000000000000011c        0x4 LONG 0x0 SIZEOF (.data_RAM3)
                0x0000000000000120                __data_section_table_end = .
                0x0000000000000120                __bss_section_table = .
                0x0000000000000120        0x4 LONG 0x2000848 ADDR (.bss)
                0x0000000000000124        0x4 LONG 0x1f8 SIZEOF (.bss)
                0x0000000000000128        0x4 LONG 0x2004000 ADDR (.bss_RAM2)
                0x000000000000012c        0x4 LONG 0x0 SIZEOF (.bss_RAM2)
                0x0000000000000130        0x4 LONG 0x2008000 ADDR (.bss_RAM3)
                0x0000000000000134        0x4 LONG 0x0 SIZEOF (.bss_RAM3)
                0x0000000000000138                __bss_section_table_end = .
                0x0000000000000138                __section_table_end = .
 *(.after_vectors*)
 .after_vectors
                0x0000000000000138      0x158 ./src/cr_startup_lpc15xx.o
                0x0000000000000138                data_init(unsigned int, unsigned int, unsigned int)
                0x000000000000017c                bss_init(unsigned int, unsigned int)
                0x00000000000001b4                ResetISR
                0x0000000000000240                NMI_Handler
                0x0000000000000248                HardFault_Handler
                0x0000000000000250                MemManage_Handler
                0x0000000000000258                BusFault_Handler
                0x0000000000000260                UsageFault_Handler
                0x0000000000000270                DebugMon_Handler
                0x0000000000000288                UART0_IRQHandler
                0x0000000000000288                SPI1_IRQHandler
                0x0000000000000288                PIN_INT6_IRQHandler
                0x0000000000000288                IntDefaultHandler
                0x0000000000000288                PIN_INT4_IRQHandler
                0x0000000000000288                CAN_IRQHandler
                0x0000000000000288                RTC_ALARM_IRQHandler
                0x0000000000000288                ADC1B_IRQHandler
                0x0000000000000288                ADC1_OVR_IRQHandler
                0x0000000000000288                USBWakeup_IRQHandler
                0x0000000000000288                UART2_IRQHandler
                0x0000000000000288                PIN_INT5_IRQHandler
                0x0000000000000288                SCT1_IRQHandler
                0x0000000000000288                PIN_INT2_IRQHandler
                0x0000000000000288                USB_FIQHandler
                0x0000000000000288                SCT3_IRQHandler
                0x0000000000000288                PIN_INT7_IRQHandler
                0x0000000000000288                PIN_INT1_IRQHandler
                0x0000000000000288                USB_IRQHandler
                0x0000000000000288                BOD_IRQHandler
                0x0000000000000288                ADC0B_IRQHandler
                0x0000000000000288                ACMP0_IRQHandler
                0x0000000000000288                WDT_IRQHandler
                0x0000000000000288                PIN_INT0_IRQHandler
                0x0000000000000288                QEI_IRQHandler
                0x0000000000000288                ACMP3_IRQHandler
                0x0000000000000288                GINT0_IRQHandler
                0x0000000000000288                DAC_IRQHandler
                0x0000000000000288                SPI0_IRQHandler
                0x0000000000000288                EEPROM_IRQHandler
                0x0000000000000288                ACMP2_IRQHandler
                0x0000000000000288                ADC1A_IRQHandler
                0x0000000000000288                DMA_IRQHandler
                0x0000000000000288                PIN_INT3_IRQHandler
                0x0000000000000288                ACMP1_IRQHandler
                0x0000000000000288                ADC0A_IRQHandler
                0x0000000000000288                FMC_IRQHandler
                0x0000000000000288                GINT1_IRQHandler
                0x0000000000000288                SCT0_IRQHandler
                0x0000000000000288                ADC0_THCMP_IRQHandler
                0x0000000000000288                RIT_IRQHandler
                0x0000000000000288                I2C0_IRQHandler
                0x0000000000000288                ADC0_OVR_IRQHandler
                0x0000000000000288                ADC1_THCMP_IRQHandler
                0x0000000000000288                SCT2_IRQHandler
                0x0000000000000288                MRT_IRQHandler
                0x0000000000000288                UART1_IRQHandler
                0x0000000000000288                RTC_WAKE_IRQHandler
 *(.text*)
 .text.Chip_IOCON_PinMuxSet
                0x0000000000000290       0x2c ./src/DigitalIoPin.o
 .text.Chip_GPIO_GetPinState
                0x00000000000002bc       0x34 ./src/DigitalIoPin.o
 .text.Chip_GPIO_SetPinDIROutput
                0x00000000000002f0       0x3c ./src/DigitalIoPin.o
 .text.Chip_GPIO_SetPinDIRInput
                0x000000000000032c       0x40 ./src/DigitalIoPin.o
 .text._ZN12DigitalIoPinC2EiNS_7pinModeEb
                0x000000000000036c       0xec ./src/DigitalIoPin.o
                0x000000000000036c                DigitalIoPin::DigitalIoPin(int, DigitalIoPin::pinMode, bool)
                0x000000000000036c                DigitalIoPin::DigitalIoPin(int, DigitalIoPin::pinMode, bool)
 .text._ZN12DigitalIoPinD2Ev
                0x0000000000000458       0x28 ./src/DigitalIoPin.o
                0x0000000000000458                DigitalIoPin::~DigitalIoPin()
                0x0000000000000458                DigitalIoPin::~DigitalIoPin()
 .text._ZN12DigitalIoPinD0Ev
                0x0000000000000480       0x20 ./src/DigitalIoPin.o
                0x0000000000000480                DigitalIoPin::~DigitalIoPin()
 .text._ZN12DigitalIoPin4readEv
                0x00000000000004a0       0x28 ./src/DigitalIoPin.o
                0x00000000000004a0                DigitalIoPin::read()
 .text._ZdlPv   0x00000000000004c8       0x18 ./src/cr_cpp_config.o
                0x00000000000004c8                operator delete(void*)
 .text.__aeabi_atexit
                0x00000000000004e0       0x18 ./src/cr_cpp_config.o
                0x00000000000004e0                __aeabi_atexit
 .text._ZN6SyslogC2Ev
                0x00000000000004f8       0x28 ./src/lab2.o
                0x00000000000004f8                Syslog::Syslog()
                0x00000000000004f8                Syslog::Syslog()
 .text._ZN6SyslogD2Ev
                0x0000000000000520       0x34 ./src/lab2.o
                0x0000000000000520                Syslog::~Syslog()
                0x0000000000000520                Syslog::~Syslog()
 .text._ZN6SyslogD0Ev
                0x0000000000000554       0x20 ./src/lab2.o
                0x0000000000000554                Syslog::~Syslog()
 .text._ZN6Syslog5writeEPc
                0x0000000000000574       0x48 ./src/lab2.o
                0x0000000000000574                Syslog::write(char*)
 .text._ZL16prvSetupHardwarev
                0x00000000000005bc       0x18 ./src/lab2.o
 .text._ZL12vButtonTask1Pv
                0x00000000000005d4       0x44 ./src/lab2.o
 .text._ZL12vButtonTask2Pv
                0x0000000000000618       0x44 ./src/lab2.o
 .text._ZL12vButtonTask3Pv
                0x000000000000065c       0x44 ./src/lab2.o
 .text.main     0x00000000000006a0       0x84 ./src/lab2.o
                0x00000000000006a0                main
 .text._Z41__static_initialization_and_destruction_0ii
                0x0000000000000724       0x40 ./src/lab2.o
 .text._GLOBAL__sub_I__ZN6SyslogC2Ev
                0x0000000000000764       0x10 ./src/lab2.o
 .text.SystemInit
                0x0000000000000774        0xc ./src/sysinit.o
                0x0000000000000774                SystemInit
 .text.vApplicationIdleHook
                0x0000000000000780       0x10 ./freertos/src/FreeRTOSCommonHooks.o
                0x0000000000000780                vApplicationIdleHook
 .text.pvPortMalloc
                0x0000000000000790       0x24 ./freertos/src/heap_3.o
                0x0000000000000790                pvPortMalloc
 .text.vPortFree
                0x00000000000007b4       0x24 ./freertos/src/heap_3.o
                0x00000000000007b4                vPortFree
 .text.vListInitialise
                0x00000000000007d8       0x40 ./freertos/src/list.o
                0x00000000000007d8                vListInitialise
 .text.vListInitialiseItem
                0x0000000000000818       0x18 ./freertos/src/list.o
                0x0000000000000818                vListInitialiseItem
 .text.vListInsertEnd
                0x0000000000000830       0x48 ./freertos/src/list.o
                0x0000000000000830                vListInsertEnd
 .text.vListInsert
                0x0000000000000878       0x70 ./freertos/src/list.o
                0x0000000000000878                vListInsert
 .text.uxListRemove
                0x00000000000008e8       0x54 ./freertos/src/list.o
                0x00000000000008e8                uxListRemove
 .text.pxPortInitialiseStack
                0x000000000000093c       0x54 ./freertos/src/port.o
                0x000000000000093c                pxPortInitialiseStack
 .text.prvTaskExitError
                0x0000000000000990        0xc ./freertos/src/port.o
 .text.SVC_Handler
                0x000000000000099c       0x28 ./freertos/src/port.o
                0x000000000000099c                SVC_Handler
 .text.prvPortStartFirstTask
                0x00000000000009c4       0x20 ./freertos/src/port.o
 .text.xPortStartScheduler
                0x00000000000009e4       0x3c ./freertos/src/port.o
                0x00000000000009e4                xPortStartScheduler
 .text.vPortYield
                0x0000000000000a20       0x20 ./freertos/src/port.o
                0x0000000000000a20                vPortYield
 .text.vPortEnterCritical
                0x0000000000000a40       0x24 ./freertos/src/port.o
                0x0000000000000a40                vPortEnterCritical
 .text.vPortExitCritical
                0x0000000000000a64       0x24 ./freertos/src/port.o
                0x0000000000000a64                vPortExitCritical
 .text.ulPortSetInterruptMask
                0x0000000000000a88       0x14 ./freertos/src/port.o
                0x0000000000000a88                ulPortSetInterruptMask
 .text.vPortClearInterruptMask
                0x0000000000000a9c        0x8 ./freertos/src/port.o
                0x0000000000000a9c                vPortClearInterruptMask
 .text.PendSV_Handler
                0x0000000000000aa4       0x48 ./freertos/src/port.o
                0x0000000000000aa4                PendSV_Handler
 .text.SysTick_Handler
                0x0000000000000aec       0x28 ./freertos/src/port.o
                0x0000000000000aec                SysTick_Handler
 .text.vPortSuppressTicksAndSleep
                0x0000000000000b14      0x17c ./freertos/src/port.o
                0x0000000000000b14                vPortSuppressTicksAndSleep
 .text.vPortSetupTimerInterrupt
                0x0000000000000c90       0x78 ./freertos/src/port.o
                0x0000000000000c90                vPortSetupTimerInterrupt
 .text.xQueueCreateMutex
                0x0000000000000d08       0x84 ./freertos/src/queue.o
                0x0000000000000d08                xQueueCreateMutex
 .text.xQueueGenericSend
                0x0000000000000d8c      0x110 ./freertos/src/queue.o
                0x0000000000000d8c                xQueueGenericSend
 .text.xQueueGenericReceive
                0x0000000000000e9c      0x16c ./freertos/src/queue.o
                0x0000000000000e9c                xQueueGenericReceive
 .text.vQueueDelete
                0x0000000000001008       0x34 ./freertos/src/queue.o
                0x0000000000001008                vQueueDelete
 .text.prvCopyDataToQueue
                0x000000000000103c       0xd0 ./freertos/src/queue.o
 .text.prvCopyDataFromQueue
                0x000000000000110c       0x4c ./freertos/src/queue.o
 .text.prvUnlockQueue
                0x0000000000001158       0x98 ./freertos/src/queue.o
 .text.prvIsQueueEmpty
                0x00000000000011f0       0x2c ./freertos/src/queue.o
 .text.prvIsQueueFull
                0x000000000000121c       0x30 ./freertos/src/queue.o
 .text.vQueueUnregisterQueue
                0x000000000000124c       0x44 ./freertos/src/queue.o
                0x000000000000124c                vQueueUnregisterQueue
 .text.xTaskGenericCreate
                0x0000000000001290      0x140 ./freertos/src/tasks.o
                0x0000000000001290                xTaskGenericCreate
 .text.vTaskStartScheduler
                0x00000000000013d0       0x68 ./freertos/src/tasks.o
                0x00000000000013d0                vTaskStartScheduler
 .text.vTaskSuspendAll
                0x0000000000001438       0x1c ./freertos/src/tasks.o
                0x0000000000001438                vTaskSuspendAll
 .text.prvGetExpectedIdleTime
                0x0000000000001454       0x4c ./freertos/src/tasks.o
 .text.xTaskResumeAll
                0x00000000000014a0       0xfc ./freertos/src/tasks.o
                0x00000000000014a0                xTaskResumeAll
 .text.vTaskStepTick
                0x000000000000159c       0x24 ./freertos/src/tasks.o
                0x000000000000159c                vTaskStepTick
 .text.xTaskIncrementTick
                0x00000000000015c0      0x15c ./freertos/src/tasks.o
                0x00000000000015c0                xTaskIncrementTick
 .text.vTaskSwitchContext
                0x000000000000171c       0xa8 ./freertos/src/tasks.o
                0x000000000000171c                vTaskSwitchContext
 .text.vTaskPlaceOnEventList
                0x00000000000017c4       0x60 ./freertos/src/tasks.o
                0x00000000000017c4                vTaskPlaceOnEventList
 .text.xTaskRemoveFromEventList
                0x0000000000001824       0xac ./freertos/src/tasks.o
                0x0000000000001824                xTaskRemoveFromEventList
 .text.vTaskSetTimeOutState
                0x00000000000018d0       0x2c ./freertos/src/tasks.o
                0x00000000000018d0                vTaskSetTimeOutState
 .text.xTaskCheckForTimeOut
                0x00000000000018fc       0x88 ./freertos/src/tasks.o
                0x00000000000018fc                xTaskCheckForTimeOut
 .text.vTaskMissedYield
                0x0000000000001984       0x18 ./freertos/src/tasks.o
                0x0000000000001984                vTaskMissedYield
 .text.prvIdleTask
                0x000000000000199c       0x48 ./freertos/src/tasks.o
 .text.eTaskConfirmSleepModeStatus
                0x00000000000019e4       0x5c ./freertos/src/tasks.o
                0x00000000000019e4                eTaskConfirmSleepModeStatus
 .text.prvInitialiseTCBVariables
                0x0000000000001a40      0x124 ./freertos/src/tasks.o
 .text.prvInitialiseTaskLists
                0x0000000000001b64       0x80 ./freertos/src/tasks.o
 .text.prvCheckTasksWaitingTermination
                0x0000000000001be4       0x78 ./freertos/src/tasks.o
 .text.prvAddCurrentTaskToDelayedList
                0x0000000000001c5c       0x6c ./freertos/src/tasks.o
 .text.prvAllocateTCBAndStack
                0x0000000000001cc8       0x64 ./freertos/src/tasks.o
 .text.prvDeleteTCB
                0x0000000000001d2c       0x2c ./freertos/src/tasks.o
 .text.prvResetNextTaskUnblockTime
                0x0000000000001d58       0x48 ./freertos/src/tasks.o
 .text.xTaskGetCurrentTaskHandle
                0x0000000000001da0       0x1c ./freertos/src/tasks.o
                0x0000000000001da0                xTaskGetCurrentTaskHandle
 .text.vTaskPriorityInherit
                0x0000000000001dbc       0xbc ./freertos/src/tasks.o
                0x0000000000001dbc                vTaskPriorityInherit
 .text.vTaskPriorityDisinherit
                0x0000000000001e78       0x84 ./freertos/src/tasks.o
                0x0000000000001e78                vTaskPriorityDisinherit
 .text.Chip_IOCON_PinMuxSet
                0x0000000000001efc       0x2c /Users/danh/Documents/LPCXpresso_8.2.0/workspace/lpc_board_nxp_lpcxpresso_1549/Debug/liblpc_board_nxp_lpcxpresso_1549.a(board.o)
 .text.Chip_SWM_MovablePortPinAssign
                0x0000000000001f28       0x30 /Users/danh/Documents/LPCXpresso_8.2.0/workspace/lpc_board_nxp_lpcxpresso_1549/Debug/liblpc_board_nxp_lpcxpresso_1549.a(board.o)
 .text.Chip_GPIO_SetPinState
                0x0000000000001f58       0x38 /Users/danh/Documents/LPCXpresso_8.2.0/workspace/lpc_board_nxp_lpcxpresso_1549/Debug/liblpc_board_nxp_lpcxpresso_1549.a(board.o)
 .text.Chip_GPIO_SetPinDIROutput
                0x0000000000001f90       0x3c /Users/danh/Documents/LPCXpresso_8.2.0/workspace/lpc_board_nxp_lpcxpresso_1549/Debug/liblpc_board_nxp_lpcxpresso_1549.a(board.o)
 .text.Chip_UART_Enable
                0x0000000000001fcc       0x20 /Users/danh/Documents/LPCXpresso_8.2.0/workspace/lpc_board_nxp_lpcxpresso_1549/Debug/liblpc_board_nxp_lpcxpresso_1549.a(board.o)
 .text.Chip_UART_TXEnable
                0x0000000000001fec       0x20 /Users/danh/Documents/LPCXpresso_8.2.0/workspace/lpc_board_nxp_lpcxpresso_1549/Debug/liblpc_board_nxp_lpcxpresso_1549.a(board.o)
 .text.Chip_UART_ConfigData
                0x000000000000200c       0x28 /Users/danh/Documents/LPCXpresso_8.2.0/workspace/lpc_board_nxp_lpcxpresso_1549/Debug/liblpc_board_nxp_lpcxpresso_1549.a(board.o)
 .text.Board_UARTPutChar
                0x0000000000002034       0x24 /Users/danh/Documents/LPCXpresso_8.2.0/workspace/lpc_board_nxp_lpcxpresso_1549/Debug/liblpc_board_nxp_lpcxpresso_1549.a(board.o)
                0x0000000000002034                Board_UARTPutChar
 .text.Board_UARTPutSTR
                0x0000000000002058       0x28 /Users/danh/Documents/LPCXpresso_8.2.0/workspace/lpc_board_nxp_lpcxpresso_1549/Debug/liblpc_board_nxp_lpcxpresso_1549.a(board.o)
                0x0000000000002058                Board_UARTPutSTR
 .text.Board_Debug_Init
                0x0000000000002080       0x70 /Users/danh/Documents/LPCXpresso_8.2.0/workspace/lpc_board_nxp_lpcxpresso_1549/Debug/liblpc_board_nxp_lpcxpresso_1549.a(board.o)
                0x0000000000002080                Board_Debug_Init
 .text.Board_LED_Init
                0x00000000000020f0       0x5c /Users/danh/Documents/LPCXpresso_8.2.0/workspace/lpc_board_nxp_lpcxpresso_1549/Debug/liblpc_board_nxp_lpcxpresso_1549.a(board.o)
 .text.Board_LED_Set
                0x000000000000214c       0x54 /Users/danh/Documents/LPCXpresso_8.2.0/workspace/lpc_board_nxp_lpcxpresso_1549/Debug/liblpc_board_nxp_lpcxpresso_1549.a(board.o)
                0x000000000000214c                Board_LED_Set
 .text.Board_Init
                0x00000000000021a0       0x18 /Users/danh/Documents/LPCXpresso_8.2.0/workspace/lpc_board_nxp_lpcxpresso_1549/Debug/liblpc_board_nxp_lpcxpresso_1549.a(board.o)
                0x00000000000021a0                Board_Init
 .text.Chip_SYSCTL_PeriphReset
                0x00000000000021b8       0x24 /Users/danh/Documents/LPCXpresso_8.2.0/workspace/lpc_board_nxp_lpcxpresso_1549/Debug/liblpc_board_nxp_lpcxpresso_1549.a(board_sysinit.o)
 .text.Chip_Clock_SetUSBPLLSource
                0x00000000000021dc       0x20 /Users/danh/Documents/LPCXpresso_8.2.0/workspace/lpc_board_nxp_lpcxpresso_1549/Debug/liblpc_board_nxp_lpcxpresso_1549.a(board_sysinit.o)
 .text.Chip_Clock_SetupUSBPLL
                0x00000000000021fc       0x34 /Users/danh/Documents/LPCXpresso_8.2.0/workspace/lpc_board_nxp_lpcxpresso_1549/Debug/liblpc_board_nxp_lpcxpresso_1549.a(board_sysinit.o)
 .text.Chip_Clock_IsUSBPLLLocked
                0x0000000000002230       0x24 /Users/danh/Documents/LPCXpresso_8.2.0/workspace/lpc_board_nxp_lpcxpresso_1549/Debug/liblpc_board_nxp_lpcxpresso_1549.a(board_sysinit.o)
 .text.Chip_Clock_SetSysTickClockDiv
                0x0000000000002254       0x20 /Users/danh/Documents/LPCXpresso_8.2.0/workspace/lpc_board_nxp_lpcxpresso_1549/Debug/liblpc_board_nxp_lpcxpresso_1549.a(board_sysinit.o)
 .text.Chip_SWM_MovablePortPinAssign
                0x0000000000002274       0x30 /Users/danh/Documents/LPCXpresso_8.2.0/workspace/lpc_board_nxp_lpcxpresso_1549/Debug/liblpc_board_nxp_lpcxpresso_1549.a(board_sysinit.o)
 .text.Board_SetupMuxing
                0x00000000000022a4       0x80 /Users/danh/Documents/LPCXpresso_8.2.0/workspace/lpc_board_nxp_lpcxpresso_1549/Debug/liblpc_board_nxp_lpcxpresso_1549.a(board_sysinit.o)
                0x00000000000022a4                Board_SetupMuxing
 .text.Board_SetupClocking
                0x0000000000002324       0x3c /Users/danh/Documents/LPCXpresso_8.2.0/workspace/lpc_board_nxp_lpcxpresso_1549/Debug/liblpc_board_nxp_lpcxpresso_1549.a(board_sysinit.o)
                0x0000000000002324                Board_SetupClocking
 .text.Board_SystemInit
                0x0000000000002360       0x1c /Users/danh/Documents/LPCXpresso_8.2.0/workspace/lpc_board_nxp_lpcxpresso_1549/Debug/liblpc_board_nxp_lpcxpresso_1549.a(board_sysinit.o)
                0x0000000000002360                Board_SystemInit
 .text.SystemCoreClockUpdate
                0x000000000000237c       0x18 /Users/danh/Documents/LPCXpresso_8.2.0/workspace/lpc_chip_15xx/Debug/liblpc_chip_15xx.a(chip_15xx.o)
                0x000000000000237c                SystemCoreClockUpdate
 .text.Chip_Clock_SetMain_A_ClockSource
                0x0000000000002394       0x20 /Users/danh/Documents/LPCXpresso_8.2.0/workspace/lpc_chip_15xx/Debug/liblpc_chip_15xx.a(clock_15xx.o)
 .text.Chip_Clock_GetMain_A_ClockSource
                0x00000000000023b4       0x18 /Users/danh/Documents/LPCXpresso_8.2.0/workspace/lpc_chip_15xx/Debug/liblpc_chip_15xx.a(clock_15xx.o)
 .text.Chip_Clock_SetMain_B_ClockSource
                0x00000000000023cc       0x20 /Users/danh/Documents/LPCXpresso_8.2.0/workspace/lpc_chip_15xx/Debug/liblpc_chip_15xx.a(clock_15xx.o)
 .text.Chip_Clock_GetMain_B_ClockSource
                0x00000000000023ec       0x18 /Users/danh/Documents/LPCXpresso_8.2.0/workspace/lpc_chip_15xx/Debug/liblpc_chip_15xx.a(clock_15xx.o)
 .text.Chip_Clock_SetUARTFRGDivider
                0x0000000000002404       0x20 /Users/danh/Documents/LPCXpresso_8.2.0/workspace/lpc_chip_15xx/Debug/liblpc_chip_15xx.a(clock_15xx.o)
 .text.Chip_Clock_GetUARTFRGDivider
                0x0000000000002424       0x18 /Users/danh/Documents/LPCXpresso_8.2.0/workspace/lpc_chip_15xx/Debug/liblpc_chip_15xx.a(clock_15xx.o)
 .text.Chip_Clock_GetMainOscRate
                0x000000000000243c       0x14 /Users/danh/Documents/LPCXpresso_8.2.0/workspace/lpc_chip_15xx/Debug/liblpc_chip_15xx.a(clock_15xx.o)
 .text.Chip_Clock_GetIntOscRate
                0x0000000000002450       0x14 /Users/danh/Documents/LPCXpresso_8.2.0/workspace/lpc_chip_15xx/Debug/liblpc_chip_15xx.a(clock_15xx.o)
 .text.Chip_Clock_GetRTCOscRate
                0x0000000000002464       0x14 /Users/danh/Documents/LPCXpresso_8.2.0/workspace/lpc_chip_15xx/Debug/liblpc_chip_15xx.a(clock_15xx.o)
 .text.Chip_Clock_GetWDTOSCRate
                0x0000000000002478       0x14 /Users/danh/Documents/LPCXpresso_8.2.0/workspace/lpc_chip_15xx/Debug/liblpc_chip_15xx.a(clock_15xx.o)
 .text.Chip_Clock_GetPLLFreq
                0x000000000000248c       0x28 /Users/danh/Documents/LPCXpresso_8.2.0/workspace/lpc_chip_15xx/Debug/liblpc_chip_15xx.a(clock_15xx.o)
 .text.Chip_Clock_GetPLLInClockRate
                0x00000000000024b4       0x38 /Users/danh/Documents/LPCXpresso_8.2.0/workspace/lpc_chip_15xx/Debug/liblpc_chip_15xx.a(clock_15xx.o)
 .text.Chip_Clock_GetSystemPLLInClockRate
                0x00000000000024ec       0x1c /Users/danh/Documents/LPCXpresso_8.2.0/workspace/lpc_chip_15xx/Debug/liblpc_chip_15xx.a(clock_15xx.o)
                0x00000000000024ec                Chip_Clock_GetSystemPLLInClockRate
 .text.Chip_Clock_GetSystemPLLOutClockRate
                0x0000000000002508       0x24 /Users/danh/Documents/LPCXpresso_8.2.0/workspace/lpc_chip_15xx/Debug/liblpc_chip_15xx.a(clock_15xx.o)
                0x0000000000002508                Chip_Clock_GetSystemPLLOutClockRate
 .text.Chip_Clock_GetMain_A_ClockRate
                0x000000000000252c       0x44 /Users/danh/Documents/LPCXpresso_8.2.0/workspace/lpc_chip_15xx/Debug/liblpc_chip_15xx.a(clock_15xx.o)
                0x000000000000252c                Chip_Clock_GetMain_A_ClockRate
 .text.Chip_Clock_GetMain_B_ClockRate
                0x0000000000002570       0x58 /Users/danh/Documents/LPCXpresso_8.2.0/workspace/lpc_chip_15xx/Debug/liblpc_chip_15xx.a(clock_15xx.o)
                0x0000000000002570                Chip_Clock_GetMain_B_ClockRate
 .text.Chip_Clock_SetMainClockSource
                0x00000000000025c8       0x3c /Users/danh/Documents/LPCXpresso_8.2.0/workspace/lpc_chip_15xx/Debug/liblpc_chip_15xx.a(clock_15xx.o)
                0x00000000000025c8                Chip_Clock_SetMainClockSource
 .text.Chip_Clock_GetMainClockRate
                0x0000000000002604       0x28 /Users/danh/Documents/LPCXpresso_8.2.0/workspace/lpc_chip_15xx/Debug/liblpc_chip_15xx.a(clock_15xx.o)
                0x0000000000002604                Chip_Clock_GetMainClockRate
 .text.Chip_Clock_EnablePeriphClock
                0x000000000000262c       0x54 /Users/danh/Documents/LPCXpresso_8.2.0/workspace/lpc_chip_15xx/Debug/liblpc_chip_15xx.a(clock_15xx.o)
                0x000000000000262c                Chip_Clock_EnablePeriphClock
 .text.Chip_Clock_GetUARTBaseClockRate
                0x0000000000002680       0x88 /Users/danh/Documents/LPCXpresso_8.2.0/workspace/lpc_chip_15xx/Debug/liblpc_chip_15xx.a(clock_15xx.o)
                0x0000000000002680                Chip_Clock_GetUARTBaseClockRate
 .text.Chip_Clock_SetUARTBaseClockRate
                0x0000000000002708       0xa0 /Users/danh/Documents/LPCXpresso_8.2.0/workspace/lpc_chip_15xx/Debug/liblpc_chip_15xx.a(clock_15xx.o)
                0x0000000000002708                Chip_Clock_SetUARTBaseClockRate
 .text.Chip_Clock_GetSystemClockRate
                0x00000000000027a8       0x1c /Users/danh/Documents/LPCXpresso_8.2.0/workspace/lpc_chip_15xx/Debug/liblpc_chip_15xx.a(clock_15xx.o)
                0x00000000000027a8                Chip_Clock_GetSystemClockRate
 .text.Chip_SYSCTL_PeriphReset
                0x00000000000027c4       0x24 /Users/danh/Documents/LPCXpresso_8.2.0/workspace/lpc_chip_15xx/Debug/liblpc_chip_15xx.a(gpio_15xx.o)
 .text.Chip_GPIO_Init
                0x00000000000027e8       0x30 /Users/danh/Documents/LPCXpresso_8.2.0/workspace/lpc_chip_15xx/Debug/liblpc_chip_15xx.a(gpio_15xx.o)
                0x00000000000027e8                Chip_GPIO_Init
 .text.Chip_IOCON_PinMuxSet
                0x0000000000002818       0x2c /Users/danh/Documents/LPCXpresso_8.2.0/workspace/lpc_chip_15xx/Debug/liblpc_chip_15xx.a(iocon_15xx.o)
 .text.Chip_IOCON_SetPinMuxing
                0x0000000000002844       0x50 /Users/danh/Documents/LPCXpresso_8.2.0/workspace/lpc_chip_15xx/Debug/liblpc_chip_15xx.a(iocon_15xx.o)
                0x0000000000002844                Chip_IOCON_SetPinMuxing
 .text.Chip_SWM_MovablePinAssign
                0x0000000000002894       0x5c /Users/danh/Documents/LPCXpresso_8.2.0/workspace/lpc_chip_15xx/Debug/liblpc_chip_15xx.a(swm_15xx.o)
                0x0000000000002894                Chip_SWM_MovablePinAssign
 .text.Chip_SYSCTL_AssertPeriphReset
                0x00000000000028f0       0x48 /Users/danh/Documents/LPCXpresso_8.2.0/workspace/lpc_chip_15xx/Debug/liblpc_chip_15xx.a(sysctl_15xx.o)
                0x00000000000028f0                Chip_SYSCTL_AssertPeriphReset
 .text.Chip_SYSCTL_DeassertPeriphReset
                0x0000000000002938       0x4c /Users/danh/Documents/LPCXpresso_8.2.0/workspace/lpc_chip_15xx/Debug/liblpc_chip_15xx.a(sysctl_15xx.o)
                0x0000000000002938                Chip_SYSCTL_DeassertPeriphReset
 .text.Chip_SYSCTL_PowerDown
                0x0000000000002984       0x40 /Users/danh/Documents/LPCXpresso_8.2.0/workspace/lpc_chip_15xx/Debug/liblpc_chip_15xx.a(sysctl_15xx.o)
                0x0000000000002984                Chip_SYSCTL_PowerDown
 .text.Chip_SYSCTL_PowerUp
                0x00000000000029c4       0x40 /Users/danh/Documents/LPCXpresso_8.2.0/workspace/lpc_chip_15xx/Debug/liblpc_chip_15xx.a(sysctl_15xx.o)
                0x00000000000029c4                Chip_SYSCTL_PowerUp
 .text.Chip_FMC_SetFLASHAccess
                0x0000000000002a04       0x38 /Users/danh/Documents/LPCXpresso_8.2.0/workspace/lpc_chip_15xx/Debug/liblpc_chip_15xx.a(sysinit_15xx.o)
 .text.Chip_Clock_SetSystemPLLSource
                0x0000000000002a3c       0x20 /Users/danh/Documents/LPCXpresso_8.2.0/workspace/lpc_chip_15xx/Debug/liblpc_chip_15xx.a(sysinit_15xx.o)
 .text.Chip_Clock_SetupSystemPLL
                0x0000000000002a5c       0x34 /Users/danh/Documents/LPCXpresso_8.2.0/workspace/lpc_chip_15xx/Debug/liblpc_chip_15xx.a(sysinit_15xx.o)
 .text.Chip_Clock_IsSystemPLLLocked
                0x0000000000002a90       0x24 /Users/danh/Documents/LPCXpresso_8.2.0/workspace/lpc_chip_15xx/Debug/liblpc_chip_15xx.a(sysinit_15xx.o)
 .text.Chip_Clock_SetSysClockDiv
                0x0000000000002ab4       0x20 /Users/danh/Documents/LPCXpresso_8.2.0/workspace/lpc_chip_15xx/Debug/liblpc_chip_15xx.a(sysinit_15xx.o)
 .text.Chip_SetupXtalClocking
                0x0000000000002ad4       0x6c /Users/danh/Documents/LPCXpresso_8.2.0/workspace/lpc_chip_15xx/Debug/liblpc_chip_15xx.a(sysinit_15xx.o)
                0x0000000000002ad4                Chip_SetupXtalClocking
 .text.Chip_SYSCTL_PeriphReset
                0x0000000000002b40       0x24 /Users/danh/Documents/LPCXpresso_8.2.0/workspace/lpc_chip_15xx/Debug/liblpc_chip_15xx.a(uart_15xx.o)
 .text.Chip_UART_SendByte
                0x0000000000002b64       0x1c /Users/danh/Documents/LPCXpresso_8.2.0/workspace/lpc_chip_15xx/Debug/liblpc_chip_15xx.a(uart_15xx.o)
 .text.Chip_UART_GetStatus
                0x0000000000002b80       0x18 /Users/danh/Documents/LPCXpresso_8.2.0/workspace/lpc_chip_15xx/Debug/liblpc_chip_15xx.a(uart_15xx.o)
 .text.getUARTClockID
                0x0000000000002b98       0x34 /Users/danh/Documents/LPCXpresso_8.2.0/workspace/lpc_chip_15xx/Debug/liblpc_chip_15xx.a(uart_15xx.o)
 .text.Chip_UART_Init
                0x0000000000002bcc       0x4c /Users/danh/Documents/LPCXpresso_8.2.0/workspace/lpc_chip_15xx/Debug/liblpc_chip_15xx.a(uart_15xx.o)
                0x0000000000002bcc                Chip_UART_Init
 .text.Chip_UART_Send
                0x0000000000002c18       0x50 /Users/danh/Documents/LPCXpresso_8.2.0/workspace/lpc_chip_15xx/Debug/liblpc_chip_15xx.a(uart_15xx.o)
                0x0000000000002c18                Chip_UART_Send
 .text.Chip_UART_SendBlocking
                0x0000000000002c68       0x4c /Users/danh/Documents/LPCXpresso_8.2.0/workspace/lpc_chip_15xx/Debug/liblpc_chip_15xx.a(uart_15xx.o)
                0x0000000000002c68                Chip_UART_SendBlocking
 .text.Chip_UART_SetBaud
                0x0000000000002cb4       0x2c /Users/danh/Documents/LPCXpresso_8.2.0/workspace/lpc_chip_15xx/Debug/liblpc_chip_15xx.a(uart_15xx.o)
                0x0000000000002cb4                Chip_UART_SetBaud
 .text          0x0000000000002ce0       0x30 /Applications/lpcxpresso_8.2.0_647/lpcxpresso/tools/bin/../lib/gcc/arm-none-eabi/5.3.1/armv7-m/libgcc.a(_aeabi_uldivmod.o)
                0x0000000000002ce0                __aeabi_uldivmod
 .text          0x0000000000002d10      0x2ec /Applications/lpcxpresso_8.2.0_647/lpcxpresso/tools/bin/../lib/gcc/arm-none-eabi/5.3.1/armv7-m/libgcc.a(_udivmoddi4.o)
                0x0000000000002d10                __udivmoddi4
 .text          0x0000000000002ffc        0x4 /Applications/lpcxpresso_8.2.0_647/lpcxpresso/tools/bin/../lib/gcc/arm-none-eabi/5.3.1/armv7-m/libgcc.a(_dvmd_tls.o)
                0x0000000000002ffc                __aeabi_ldiv0
                0x0000000000002ffc                __aeabi_idiv0
 .text.__libc_init_array
                0x0000000000003000       0x50 /Applications/lpcxpresso_8.2.0_647/lpcxpresso/tools/bin/../lib/gcc/arm-none-eabi/5.3.1/../../../../arm-none-eabi/lib/armv7-m/libc.a(lib_a-init.o)
                0x0000000000003000                __libc_init_array
 .text.malloc   0x0000000000003050       0x10 /Applications/lpcxpresso_8.2.0_647/lpcxpresso/tools/bin/../lib/gcc/arm-none-eabi/5.3.1/../../../../arm-none-eabi/lib/armv7-m/libc.a(lib_a-malloc.o)
                0x0000000000003050                malloc
 .text.free     0x0000000000003060       0x10 /Applications/lpcxpresso_8.2.0_647/lpcxpresso/tools/bin/../lib/gcc/arm-none-eabi/5.3.1/../../../../arm-none-eabi/lib/armv7-m/libc.a(lib_a-malloc.o)
                0x0000000000003060                free
 .text._malloc_r
                0x0000000000003070      0x558 /Applications/lpcxpresso_8.2.0_647/lpcxpresso/tools/bin/../lib/gcc/arm-none-eabi/5.3.1/../../../../arm-none-eabi/lib/armv7-m/libc.a(lib_a-mallocr.o)
                0x0000000000003070                _malloc_r
 .text          0x00000000000035c8       0xec /Applications/lpcxpresso_8.2.0_647/lpcxpresso/tools/bin/../lib/gcc/arm-none-eabi/5.3.1/../../../../arm-none-eabi/lib/armv7-m/libc.a(lib_a-memcpy.o)
                0x00000000000035c8                memcpy
 .text.memset   0x00000000000036b4       0x9c /Applications/lpcxpresso_8.2.0_647/lpcxpresso/tools/bin/../lib/gcc/arm-none-eabi/5.3.1/../../../../arm-none-eabi/lib/armv7-m/libc.a(lib_a-memset.o)
                0x00000000000036b4                memset
 .text.__malloc_lock
                0x0000000000003750        0x4 /Applications/lpcxpresso_8.2.0_647/lpcxpresso/tools/bin/../lib/gcc/arm-none-eabi/5.3.1/../../../../arm-none-eabi/lib/armv7-m/libc.a(lib_a-mlock.o)
                0x0000000000003750                __malloc_lock
 .text.__malloc_unlock
                0x0000000000003754        0x4 /Applications/lpcxpresso_8.2.0_647/lpcxpresso/tools/bin/../lib/gcc/arm-none-eabi/5.3.1/../../../../arm-none-eabi/lib/armv7-m/libc.a(lib_a-mlock.o)
                0x0000000000003754                __malloc_unlock
 .text.cleanup_glue
                0x0000000000003758       0x1c /Applications/lpcxpresso_8.2.0_647/lpcxpresso/tools/bin/../lib/gcc/arm-none-eabi/5.3.1/../../../../arm-none-eabi/lib/armv7-m/libc.a(lib_a-reent.o)
                0x0000000000003758                cleanup_glue
 .text._reclaim_reent
                0x0000000000003774       0x88 /Applications/lpcxpresso_8.2.0_647/lpcxpresso/tools/bin/../lib/gcc/arm-none-eabi/5.3.1/../../../../arm-none-eabi/lib/armv7-m/libc.a(lib_a-reent.o)
                0x0000000000003774                _reclaim_reent
 .text._sbrk_r  0x00000000000037fc       0x24 /Applications/lpcxpresso_8.2.0_647/lpcxpresso/tools/bin/../lib/gcc/arm-none-eabi/5.3.1/../../../../arm-none-eabi/lib/armv7-m/libc.a(lib_a-sbrkr.o)
                0x00000000000037fc                _sbrk_r
 .text._malloc_trim_r
                0x0000000000003820       0x9c /Applications/lpcxpresso_8.2.0_647/lpcxpresso/tools/bin/../lib/gcc/arm-none-eabi/5.3.1/../../../../arm-none-eabi/lib/armv7-m/libc.a(lib_a-freer.o)
                0x0000000000003820                _malloc_trim_r
 .text._free_r  0x00000000000038bc      0x1d0 /Applications/lpcxpresso_8.2.0_647/lpcxpresso/tools/bin/../lib/gcc/arm-none-eabi/5.3.1/../../../../arm-none-eabi/lib/armv7-m/libc.a(lib_a-freer.o)
                0x00000000000038bc                _free_r
 .text._sbrk    0x0000000000003a8c       0x3c /Applications/lpcxpresso_8.2.0_647/lpcxpresso/tools/bin/../lib/gcc/arm-none-eabi/5.3.1/../../../../arm-none-eabi/lib/armv7-m/libcr_newlib_nohost.a(_cr_sbrk.o)
                0x0000000000003a8c                _sbrk
 .text.__check_heap_overflow
                0x0000000000003ac8       0x18 /Applications/lpcxpresso_8.2.0_647/lpcxpresso/tools/bin/../lib/gcc/arm-none-eabi/5.3.1/../../../../arm-none-eabi/lib/armv7-m/libcr_newlib_nohost.a(_cr_check_heap.o)
                0x0000000000003ac8                __check_heap_overflow
 .text          0x0000000000003ae0       0x5c /Applications/lpcxpresso_8.2.0_647/lpcxpresso/tools/bin/../lib/gcc/arm-none-eabi/5.3.1/armv7-m/crtbegin.o
 .text.__errno  0x0000000000003b3c        0xc /Applications/lpcxpresso_8.2.0_647/lpcxpresso/tools/bin/../lib/gcc/arm-none-eabi/5.3.1/../../../../arm-none-eabi/lib/armv7-m/libc.a(lib_a-errno.o)
                0x0000000000003b3c                __errno
 *(.rodata .rodata.* .constdata .constdata.*)
 .rodata._ZN12DigitalIoPin5dPortE
                0x0000000000003b48        0xc ./src/DigitalIoPin.o
                0x0000000000003b48                DigitalIoPin::dPort
 .rodata._ZN12DigitalIoPin4dPinE
                0x0000000000003b54        0xc ./src/DigitalIoPin.o
                0x0000000000003b54                DigitalIoPin::dPin
 .rodata._ZTV12DigitalIoPin
                0x0000000000003b60       0x14 ./src/DigitalIoPin.o
                0x0000000000003b60                vtable for DigitalIoPin
 .rodata        0x0000000000003b74       0x5d ./src/lab2.o
 *fill*         0x0000000000003bd1        0x3 ff
 .rodata._ZTV6Syslog
                0x0000000000003bd4       0x10 ./src/lab2.o
                0x0000000000003bd4                vtable for Syslog
 .rodata        0x0000000000003be4        0xa ./freertos/src/tasks.o
 *fill*         0x0000000000003bee        0x2 ff
 .rodata.OscRateIn
                0x0000000000003bf0        0x4 /Users/danh/Documents/LPCXpresso_8.2.0/workspace/lpc_board_nxp_lpcxpresso_1549/Debug/liblpc_board_nxp_lpcxpresso_1549.a(board.o)
                0x0000000000003bf0                OscRateIn
 .rodata.RTCOscRateIn
                0x0000000000003bf4        0x4 /Users/danh/Documents/LPCXpresso_8.2.0/workspace/lpc_board_nxp_lpcxpresso_1549/Debug/liblpc_board_nxp_lpcxpresso_1549.a(board.o)
                0x0000000000003bf4                RTCOscRateIn
 .rodata.ledpins
                0x0000000000003bf8        0x3 /Users/danh/Documents/LPCXpresso_8.2.0/workspace/lpc_board_nxp_lpcxpresso_1549/Debug/liblpc_board_nxp_lpcxpresso_1549.a(board.o)
 *fill*         0x0000000000003bfb        0x1 ff
 .rodata.ledports
                0x0000000000003bfc        0x3 /Users/danh/Documents/LPCXpresso_8.2.0/workspace/lpc_board_nxp_lpcxpresso_1549/Debug/liblpc_board_nxp_lpcxpresso_1549.a(board.o)
 *fill*         0x0000000000003bff        0x1 ff
 .rodata.ioconSetup
                0x0000000000003c00       0x74 /Users/danh/Documents/LPCXpresso_8.2.0/workspace/lpc_board_nxp_lpcxpresso_1549/Debug/liblpc_board_nxp_lpcxpresso_1549.a(board_sysinit.o)
 .rodata.swmSetup
                0x0000000000003c74        0x6 /Users/danh/Documents/LPCXpresso_8.2.0/workspace/lpc_board_nxp_lpcxpresso_1549/Debug/liblpc_board_nxp_lpcxpresso_1549.a(board_sysinit.o)
 *fill*         0x0000000000003c7a        0x2 ff
 .rodata.str1.4
                0x0000000000003c7c        0x4 /Applications/lpcxpresso_8.2.0_647/lpcxpresso/tools/bin/../lib/gcc/arm-none-eabi/5.3.1/../../../../arm-none-eabi/lib/armv7-m/libc.a(lib_a-impure.o)
                                          0x2 (size before relaxing)
                0x0000000000003c80                . = ALIGN (0x4)
                0x0000000000003c80                . = ALIGN (0x4)
 *(.init)
 .init          0x0000000000003c80        0x4 /Applications/lpcxpresso_8.2.0_647/lpcxpresso/tools/bin/../lib/gcc/arm-none-eabi/5.3.1/armv7-m/crti.o
                0x0000000000003c80                _init
 .init          0x0000000000003c84        0x8 /Applications/lpcxpresso_8.2.0_647/lpcxpresso/tools/bin/../lib/gcc/arm-none-eabi/5.3.1/armv7-m/crtn.o
                0x0000000000003c8c                . = ALIGN (0x4)
                0x0000000000003c8c                __preinit_array_start = .
 *(.preinit_array)
                0x0000000000003c8c                __preinit_array_end = .
                0x0000000000003c8c                . = ALIGN (0x4)
                0x0000000000003c8c                __init_array_start = .
 *(SORT(.init_array.*))
 *(.init_array)
 .init_array    0x0000000000003c8c        0x4 ./src/lab2.o
 .init_array    0x0000000000003c90        0x4 /Applications/lpcxpresso_8.2.0_647/lpcxpresso/tools/bin/../lib/gcc/arm-none-eabi/5.3.1/armv7-m/crtbegin.o
                0x0000000000003c94                __init_array_end = .
 *(.fini)
 .fini          0x0000000000003c94        0x4 /Applications/lpcxpresso_8.2.0_647/lpcxpresso/tools/bin/../lib/gcc/arm-none-eabi/5.3.1/armv7-m/crti.o
                0x0000000000003c94                _fini
 .fini          0x0000000000003c98        0x8 /Applications/lpcxpresso_8.2.0_647/lpcxpresso/tools/bin/../lib/gcc/arm-none-eabi/5.3.1/armv7-m/crtn.o
                0x0000000000003ca0                . = ALIGN (0x4)
 *crtbegin.o(.ctors)
 *(EXCLUDE_FILE(*crtend.o) .ctors)
 *(SORT(.ctors.*))
 *crtend.o(.ctors)
                0x0000000000003ca0                . = ALIGN (0x4)
 *crtbegin.o(.dtors)
 *(EXCLUDE_FILE(*crtend.o) .dtors)
 *(SORT(.dtors.*))
 *crtend.o(.dtors)
                0x0000000000003ca0                . = ALIGN (0x4)

.glue_7         0x0000000000003ca0        0x0
 .glue_7        0x0000000000003ca0        0x0 linker stubs

.glue_7t        0x0000000000003ca0        0x0
 .glue_7t       0x0000000000003ca0        0x0 linker stubs

.vfp11_veneer   0x0000000000003ca0        0x0
 .vfp11_veneer  0x0000000000003ca0        0x0 linker stubs

.v4_bx          0x0000000000003ca0        0x0
 .v4_bx         0x0000000000003ca0        0x0 linker stubs

.iplt           0x0000000000003ca0        0x0
 .iplt          0x0000000000003ca0        0x0 ./src/DigitalIoPin.o

.ARM.extab
 *(.ARM.extab* .gnu.linkonce.armextab.*)
                0x0000000000003ca0                __exidx_start = .

.ARM.exidx      0x0000000000003ca0        0x8
 *(.ARM.exidx* .gnu.linkonce.armexidx.*)
 .ARM.exidx     0x0000000000003ca0        0x8 /Applications/lpcxpresso_8.2.0_647/lpcxpresso/tools/bin/../lib/gcc/arm-none-eabi/5.3.1/armv7-m/libgcc.a(_udivmoddi4.o)
                0x0000000000003ca8                __exidx_end = .
                0x0000000000003ca8                _etext = .

.rel.dyn        0x0000000000003ca8        0x0
 .rel.iplt      0x0000000000003ca8        0x0 ./src/DigitalIoPin.o

.eh_frame       0x0000000000003ca8        0x0
 .eh_frame      0x0000000000003ca8        0x0 /Applications/lpcxpresso_8.2.0_647/lpcxpresso/tools/bin/../lib/gcc/arm-none-eabi/5.3.1/armv7-m/crtbegin.o

.data_RAM2      0x0000000002004000        0x0 load address 0x0000000000003ca8
 FILL mask 0xff
                [!provide]                        PROVIDE (__start_data_RAM2, .)
 *(.ramfunc.$RAM2)
 *(.ramfunc.$Ram1_16)
 *(.data.$RAM2*)
 *(.data.$Ram1_16*)
                0x0000000002004000                . = ALIGN (0x4)
                [!provide]                        PROVIDE (__end_data_RAM2, .)

.data_RAM3      0x0000000002008000        0x0 load address 0x0000000000003ca8
 FILL mask 0xff
                [!provide]                        PROVIDE (__start_data_RAM3, .)
 *(.ramfunc.$RAM3)
 *(.ramfunc.$Ram2_4)
 *(.data.$RAM3*)
 *(.data.$Ram2_4*)
                0x0000000002008000                . = ALIGN (0x4)
                [!provide]                        PROVIDE (__end_data_RAM3, .)

.uninit_RESERVED
                0x0000000002000000        0x0
 *(.bss.$RESERVED*)
                0x0000000002000000                . = ALIGN (0x4)
                0x0000000002000000                _end_uninit_RESERVED = .

.data           0x0000000002000000      0x848 load address 0x0000000000003ca8
 FILL mask 0xff
                0x0000000002000000                _data = .
 *(vtable)
 *(.ramfunc*)
 *(.data*)
 .data.uxCriticalNesting
                0x0000000002000000        0x4 ./freertos/src/port.o
 .data.xNextTaskUnblockTime
                0x0000000002000004        0x4 ./freertos/src/tasks.o
 .data.impure_data
                0x0000000002000008      0x428 /Applications/lpcxpresso_8.2.0_647/lpcxpresso/tools/bin/../lib/gcc/arm-none-eabi/5.3.1/../../../../arm-none-eabi/lib/armv7-m/libc.a(lib_a-impure.o)
 .data._impure_ptr
                0x0000000002000430        0x4 /Applications/lpcxpresso_8.2.0_647/lpcxpresso/tools/bin/../lib/gcc/arm-none-eabi/5.3.1/../../../../arm-none-eabi/lib/armv7-m/libc.a(lib_a-impure.o)
                0x0000000002000430                _impure_ptr
 .data.__malloc_av_
                0x0000000002000434      0x408 /Applications/lpcxpresso_8.2.0_647/lpcxpresso/tools/bin/../lib/gcc/arm-none-eabi/5.3.1/../../../../arm-none-eabi/lib/armv7-m/libc.a(lib_a-mallocr.o)
                0x0000000002000434                __malloc_av_
 .data.__malloc_trim_threshold
                0x000000000200083c        0x4 /Applications/lpcxpresso_8.2.0_647/lpcxpresso/tools/bin/../lib/gcc/arm-none-eabi/5.3.1/../../../../arm-none-eabi/lib/armv7-m/libc.a(lib_a-mallocr.o)
                0x000000000200083c                __malloc_trim_threshold
 .data.__malloc_sbrk_base
                0x0000000002000840        0x4 /Applications/lpcxpresso_8.2.0_647/lpcxpresso/tools/bin/../lib/gcc/arm-none-eabi/5.3.1/../../../../arm-none-eabi/lib/armv7-m/libc.a(lib_a-mallocr.o)
                0x0000000002000840                __malloc_sbrk_base
 .data          0x0000000002000844        0x4 /Applications/lpcxpresso_8.2.0_647/lpcxpresso/tools/bin/../lib/gcc/arm-none-eabi/5.3.1/armv7-m/crtbegin.o
                0x0000000002000844                __dso_handle
                0x0000000002000848                . = ALIGN (0x4)
                0x0000000002000848                _edata = .

.igot.plt       0x0000000002000848        0x0 load address 0x00000000000044f0
 .igot.plt      0x0000000002000848        0x0 ./src/DigitalIoPin.o

.jcr            0x0000000002000848        0x0 load address 0x00000000000044f0
 .jcr           0x0000000002000848        0x0 /Applications/lpcxpresso_8.2.0_647/lpcxpresso/tools/bin/../lib/gcc/arm-none-eabi/5.3.1/armv7-m/crtbegin.o

.bss_RAM2       0x0000000002004000        0x0
                [!provide]                        PROVIDE (__start_bss_RAM2, .)
 *(.bss.$RAM2*)
 *(.bss.$Ram1_16*)
                0x0000000002004000                . = ALIGN ((. != 0x0)?0x4:0x1)
                [!provide]                        PROVIDE (__end_bss_RAM2, .)

.bss_RAM3       0x0000000002008000        0x0
                [!provide]                        PROVIDE (__start_bss_RAM3, .)
 *(.bss.$RAM3*)
 *(.bss.$Ram2_4*)
                0x0000000002008000                . = ALIGN ((. != 0x0)?0x4:0x1)
                [!provide]                        PROVIDE (__end_bss_RAM3, .)

.bss            0x0000000002000848      0x1f8
                0x0000000002000848                _bss = .
 *(.bss*)
 .bss.guard     0x0000000002000848        0x8 ./src/lab2.o
                0x0000000002000848                guard
 .bss.ulTimerCountsForOneTick
                0x0000000002000850        0x4 ./freertos/src/port.o
 .bss.xMaximumPossibleSuppressedTicks
                0x0000000002000854        0x4 ./freertos/src/port.o
 .bss.ulStoppedTimerCompensation
                0x0000000002000858        0x4 ./freertos/src/port.o
 .bss.xQueueRegistry
                0x000000000200085c       0x50 ./freertos/src/queue.o
                0x000000000200085c                xQueueRegistry
 .bss.pxCurrentTCB
                0x00000000020008ac        0x4 ./freertos/src/tasks.o
                0x00000000020008ac                pxCurrentTCB
 .bss.pxReadyTasksLists
                0x00000000020008b0       0xa0 ./freertos/src/tasks.o
 .bss.xDelayedTaskList1
                0x0000000002000950       0x14 ./freertos/src/tasks.o
 .bss.xDelayedTaskList2
                0x0000000002000964       0x14 ./freertos/src/tasks.o
 .bss.pxDelayedTaskList
                0x0000000002000978        0x4 ./freertos/src/tasks.o
 .bss.pxOverflowDelayedTaskList
                0x000000000200097c        0x4 ./freertos/src/tasks.o
 .bss.xPendingReadyList
                0x0000000002000980       0x14 ./freertos/src/tasks.o
 .bss.xTasksWaitingTermination
                0x0000000002000994       0x14 ./freertos/src/tasks.o
 .bss.uxTasksDeleted
                0x00000000020009a8        0x4 ./freertos/src/tasks.o
 .bss.xSuspendedTaskList
                0x00000000020009ac       0x14 ./freertos/src/tasks.o
 .bss.uxCurrentNumberOfTasks
                0x00000000020009c0        0x4 ./freertos/src/tasks.o
 .bss.xTickCount
                0x00000000020009c4        0x4 ./freertos/src/tasks.o
 .bss.uxTopReadyPriority
                0x00000000020009c8        0x4 ./freertos/src/tasks.o
 .bss.xSchedulerRunning
                0x00000000020009cc        0x4 ./freertos/src/tasks.o
 .bss.uxPendedTicks
                0x00000000020009d0        0x4 ./freertos/src/tasks.o
 .bss.xYieldPending
                0x00000000020009d4        0x4 ./freertos/src/tasks.o
 .bss.xNumOfOverflows
                0x00000000020009d8        0x4 ./freertos/src/tasks.o
 .bss.uxTaskNumber
                0x00000000020009dc        0x4 ./freertos/src/tasks.o
 .bss.uxSchedulerSuspended
                0x00000000020009e0        0x4 ./freertos/src/tasks.o
 .bss.__malloc_max_total_mem
                0x00000000020009e4        0x4 /Applications/lpcxpresso_8.2.0_647/lpcxpresso/tools/bin/../lib/gcc/arm-none-eabi/5.3.1/../../../../arm-none-eabi/lib/armv7-m/libc.a(lib_a-mallocr.o)
                0x00000000020009e4                __malloc_max_total_mem
 .bss.__malloc_max_sbrked_mem
                0x00000000020009e8        0x4 /Applications/lpcxpresso_8.2.0_647/lpcxpresso/tools/bin/../lib/gcc/arm-none-eabi/5.3.1/../../../../arm-none-eabi/lib/armv7-m/libc.a(lib_a-mallocr.o)
                0x00000000020009e8                __malloc_max_sbrked_mem
 .bss.__malloc_top_pad
                0x00000000020009ec        0x4 /Applications/lpcxpresso_8.2.0_647/lpcxpresso/tools/bin/../lib/gcc/arm-none-eabi/5.3.1/../../../../arm-none-eabi/lib/armv7-m/libc.a(lib_a-mallocr.o)
                0x00000000020009ec                __malloc_top_pad
 .bss.__malloc_current_mallinfo
                0x00000000020009f0       0x28 /Applications/lpcxpresso_8.2.0_647/lpcxpresso/tools/bin/../lib/gcc/arm-none-eabi/5.3.1/../../../../arm-none-eabi/lib/armv7-m/libc.a(lib_a-mallocr.o)
                0x00000000020009f0                __malloc_current_mallinfo
 .bss.__end_of_heap
                0x0000000002000a18        0x4 /Applications/lpcxpresso_8.2.0_647/lpcxpresso/tools/bin/../lib/gcc/arm-none-eabi/5.3.1/../../../../arm-none-eabi/lib/armv7-m/libcr_newlib_nohost.a(_cr_sbrk.o)
                0x0000000002000a18                __end_of_heap
 .bss           0x0000000002000a1c       0x1c /Applications/lpcxpresso_8.2.0_647/lpcxpresso/tools/bin/../lib/gcc/arm-none-eabi/5.3.1/armv7-m/crtbegin.o
 *(COMMON)
 COMMON         0x0000000002000a38        0x4 /Users/danh/Documents/LPCXpresso_8.2.0/workspace/lpc_chip_15xx/Debug/liblpc_chip_15xx.a(chip_15xx.o)
                0x0000000002000a38                SystemCoreClock
 COMMON         0x0000000002000a3c        0x4 /Applications/lpcxpresso_8.2.0_647/lpcxpresso/tools/bin/../lib/gcc/arm-none-eabi/5.3.1/../../../../arm-none-eabi/lib/armv7-m/libc.a(lib_a-reent.o)
                0x0000000002000a3c                errno
                0x0000000002000a40                . = ALIGN (0x4)
                0x0000000002000a40                _ebss = .
                [!provide]                        PROVIDE (end, .)

.noinit_RAM2    0x0000000002004000        0x0
 *(.noinit.$RAM2*)
 *(.noinit.$Ram1_16*)
                0x0000000002004000                . = ALIGN (0x4)

.noinit_RAM3    0x0000000002008000        0x0
 *(.noinit.$RAM3*)
 *(.noinit.$Ram2_4*)
                0x0000000002008000                . = ALIGN (0x4)

.noinit         0x0000000002000a40        0x0
                0x0000000002000a40                _noinit = .
 *(.noinit*)
                0x0000000002000a40                . = ALIGN (0x4)
                0x0000000002000a40                _end_noinit = .
                0x0000000002000a40                PROVIDE (_pvHeapStart, DEFINED (__user_heap_base)?__user_heap_base:.)
                0x0000000002004000                PROVIDE (_vStackTop, DEFINED (__user_stack_top)?__user_stack_top:(__top_Ram0_16 - 0x0))
                0xfffffffffdffb2b6                PROVIDE (__valid_user_code_checksum, (0x0 - ((((((_vStackTop + (ResetISR + 0x1)) + (NMI_Handler + 0x1)) + (HardFault_Handler + 0x1)) + (DEFINED (MemManage_Handler)?MemManage_Handler:0x0 + 0x1)) + (DEFINED (BusFault_Handler)?BusFault_Handler:0x0 + 0x1)) + (DEFINED (UsageFault_Handler)?UsageFault_Handler:0x0 + 0x1))))
OUTPUT(Lab2.axf elf32-littlearm)

.debug_info     0x0000000000000000     0xa582
 .debug_info    0x0000000000000000     0x1322 ./src/DigitalIoPin.o
 .debug_info    0x0000000000001322      0x1aa ./src/cr_cpp_config.o
 .debug_info    0x00000000000014cc      0x281 ./src/cr_startup_lpc15xx.o
 .debug_info    0x000000000000174d      0x3ee ./src/lab2.o
 .debug_info    0x0000000000001b3b       0xee ./src/sysinit.o
 .debug_info    0x0000000000001c29      0x1ae ./freertos/src/FreeRTOSCommonHooks.o
 .debug_info    0x0000000000001dd7      0x143 ./freertos/src/heap_3.o
 .debug_info    0x0000000000001f1a      0x2ee ./freertos/src/list.o
 .debug_info    0x0000000000002208      0x46a ./freertos/src/port.o
 .debug_info    0x0000000000002672      0xcb2 ./freertos/src/queue.o
 .debug_info    0x0000000000003324     0x1bcb ./freertos/src/tasks.o
 .debug_info    0x0000000000004eef      0xb0d /Users/danh/Documents/LPCXpresso_8.2.0/workspace/lpc_board_nxp_lpcxpresso_1549/Debug/liblpc_board_nxp_lpcxpresso_1549.a(board.o)
 .debug_info    0x00000000000059fc      0xcbc /Users/danh/Documents/LPCXpresso_8.2.0/workspace/lpc_board_nxp_lpcxpresso_1549/Debug/liblpc_board_nxp_lpcxpresso_1549.a(board_sysinit.o)
 .debug_info    0x00000000000066b8      0x9ae /Users/danh/Documents/LPCXpresso_8.2.0/workspace/lpc_chip_15xx/Debug/liblpc_chip_15xx.a(chip_15xx.o)
 .debug_info    0x0000000000007066      0xd6a /Users/danh/Documents/LPCXpresso_8.2.0/workspace/lpc_chip_15xx/Debug/liblpc_chip_15xx.a(clock_15xx.o)
 .debug_info    0x0000000000007dd0      0x645 /Users/danh/Documents/LPCXpresso_8.2.0/workspace/lpc_chip_15xx/Debug/liblpc_chip_15xx.a(gpio_15xx.o)
 .debug_info    0x0000000000008415      0x21a /Users/danh/Documents/LPCXpresso_8.2.0/workspace/lpc_chip_15xx/Debug/liblpc_chip_15xx.a(iocon_15xx.o)
 .debug_info    0x000000000000862f      0x60b /Users/danh/Documents/LPCXpresso_8.2.0/workspace/lpc_chip_15xx/Debug/liblpc_chip_15xx.a(swm_15xx.o)
 .debug_info    0x0000000000008c3a      0x76d /Users/danh/Documents/LPCXpresso_8.2.0/workspace/lpc_chip_15xx/Debug/liblpc_chip_15xx.a(sysctl_15xx.o)
 .debug_info    0x00000000000093a7      0x759 /Users/danh/Documents/LPCXpresso_8.2.0/workspace/lpc_chip_15xx/Debug/liblpc_chip_15xx.a(sysinit_15xx.o)
 .debug_info    0x0000000000009b00      0x8f4 /Users/danh/Documents/LPCXpresso_8.2.0/workspace/lpc_chip_15xx/Debug/liblpc_chip_15xx.a(uart_15xx.o)
 .debug_info    0x000000000000a3f4      0x124 /Applications/lpcxpresso_8.2.0_647/lpcxpresso/tools/bin/../lib/gcc/arm-none-eabi/5.3.1/../../../../arm-none-eabi/lib/armv7-m/libcr_newlib_nohost.a(_cr_sbrk.o)
 .debug_info    0x000000000000a518       0x6a /Applications/lpcxpresso_8.2.0_647/lpcxpresso/tools/bin/../lib/gcc/arm-none-eabi/5.3.1/../../../../arm-none-eabi/lib/armv7-m/libcr_newlib_nohost.a(_cr_check_heap.o)

.debug_abbrev   0x0000000000000000     0x23bd
 .debug_abbrev  0x0000000000000000      0x314 ./src/DigitalIoPin.o
 .debug_abbrev  0x0000000000000314       0xf4 ./src/cr_cpp_config.o
 .debug_abbrev  0x0000000000000408       0xe7 ./src/cr_startup_lpc15xx.o
 .debug_abbrev  0x00000000000004ef      0x22c ./src/lab2.o
 .debug_abbrev  0x000000000000071b       0x82 ./src/sysinit.o
 .debug_abbrev  0x000000000000079d      0x129 ./freertos/src/FreeRTOSCommonHooks.o
 .debug_abbrev  0x00000000000008c6       0xd4 ./freertos/src/heap_3.o
 .debug_abbrev  0x000000000000099a       0xec ./freertos/src/list.o
 .debug_abbrev  0x0000000000000a86      0x1df ./freertos/src/port.o
 .debug_abbrev  0x0000000000000c65      0x1f7 ./freertos/src/queue.o
 .debug_abbrev  0x0000000000000e5c      0x334 ./freertos/src/tasks.o
 .debug_abbrev  0x0000000000001190      0x240 /Users/danh/Documents/LPCXpresso_8.2.0/workspace/lpc_board_nxp_lpcxpresso_1549/Debug/liblpc_board_nxp_lpcxpresso_1549.a(board.o)
 .debug_abbrev  0x00000000000013d0      0x208 /Users/danh/Documents/LPCXpresso_8.2.0/workspace/lpc_board_nxp_lpcxpresso_1549/Debug/liblpc_board_nxp_lpcxpresso_1549.a(board_sysinit.o)
 .debug_abbrev  0x00000000000015d8      0x1b3 /Users/danh/Documents/LPCXpresso_8.2.0/workspace/lpc_chip_15xx/Debug/liblpc_chip_15xx.a(chip_15xx.o)
 .debug_abbrev  0x000000000000178b      0x285 /Users/danh/Documents/LPCXpresso_8.2.0/workspace/lpc_chip_15xx/Debug/liblpc_chip_15xx.a(clock_15xx.o)
 .debug_abbrev  0x0000000000001a10      0x16a /Users/danh/Documents/LPCXpresso_8.2.0/workspace/lpc_chip_15xx/Debug/liblpc_chip_15xx.a(gpio_15xx.o)
 .debug_abbrev  0x0000000000001b7a      0x137 /Users/danh/Documents/LPCXpresso_8.2.0/workspace/lpc_chip_15xx/Debug/liblpc_chip_15xx.a(iocon_15xx.o)
 .debug_abbrev  0x0000000000001cb1      0x13e /Users/danh/Documents/LPCXpresso_8.2.0/workspace/lpc_chip_15xx/Debug/liblpc_chip_15xx.a(swm_15xx.o)
 .debug_abbrev  0x0000000000001def      0x12b /Users/danh/Documents/LPCXpresso_8.2.0/workspace/lpc_chip_15xx/Debug/liblpc_chip_15xx.a(sysctl_15xx.o)
 .debug_abbrev  0x0000000000001f1a      0x18c /Users/danh/Documents/LPCXpresso_8.2.0/workspace/lpc_chip_15xx/Debug/liblpc_chip_15xx.a(sysinit_15xx.o)
 .debug_abbrev  0x00000000000020a6      0x1e6 /Users/danh/Documents/LPCXpresso_8.2.0/workspace/lpc_chip_15xx/Debug/liblpc_chip_15xx.a(uart_15xx.o)
 .debug_abbrev  0x000000000000228c       0xcf /Applications/lpcxpresso_8.2.0_647/lpcxpresso/tools/bin/../lib/gcc/arm-none-eabi/5.3.1/../../../../arm-none-eabi/lib/armv7-m/libcr_newlib_nohost.a(_cr_sbrk.o)
 .debug_abbrev  0x000000000000235b       0x62 /Applications/lpcxpresso_8.2.0_647/lpcxpresso/tools/bin/../lib/gcc/arm-none-eabi/5.3.1/../../../../arm-none-eabi/lib/armv7-m/libcr_newlib_nohost.a(_cr_check_heap.o)

.debug_aranges  0x0000000000000000      0xaa8
 .debug_aranges
                0x0000000000000000       0x68 ./src/DigitalIoPin.o
 .debug_aranges
                0x0000000000000068       0x48 ./src/cr_cpp_config.o
 .debug_aranges
                0x00000000000000b0       0x80 ./src/cr_startup_lpc15xx.o
 .debug_aranges
                0x0000000000000130       0x70 ./src/lab2.o
 .debug_aranges
                0x00000000000001a0       0x20 ./src/sysinit.o
 .debug_aranges
                0x00000000000001c0       0x40 ./freertos/src/FreeRTOSCommonHooks.o
 .debug_aranges
                0x0000000000000200       0x28 ./freertos/src/heap_3.o
 .debug_aranges
                0x0000000000000228       0x40 ./freertos/src/list.o
 .debug_aranges
                0x0000000000000268       0x90 ./freertos/src/port.o
 .debug_aranges
                0x00000000000002f8       0xf0 ./freertos/src/queue.o
 .debug_aranges
                0x00000000000003e8      0x190 ./freertos/src/tasks.o
 .debug_aranges
                0x0000000000000578       0xd0 /Users/danh/Documents/LPCXpresso_8.2.0/workspace/lpc_board_nxp_lpcxpresso_1549/Debug/liblpc_board_nxp_lpcxpresso_1549.a(board.o)
 .debug_aranges
                0x0000000000000648       0x60 /Users/danh/Documents/LPCXpresso_8.2.0/workspace/lpc_board_nxp_lpcxpresso_1549/Debug/liblpc_board_nxp_lpcxpresso_1549.a(board_sysinit.o)
 .debug_aranges
                0x00000000000006a8       0x50 /Users/danh/Documents/LPCXpresso_8.2.0/workspace/lpc_chip_15xx/Debug/liblpc_chip_15xx.a(chip_15xx.o)
 .debug_aranges
                0x00000000000006f8      0x128 /Users/danh/Documents/LPCXpresso_8.2.0/workspace/lpc_chip_15xx/Debug/liblpc_chip_15xx.a(clock_15xx.o)
 .debug_aranges
                0x0000000000000820       0x70 /Users/danh/Documents/LPCXpresso_8.2.0/workspace/lpc_chip_15xx/Debug/liblpc_chip_15xx.a(gpio_15xx.o)
 .debug_aranges
                0x0000000000000890       0x28 /Users/danh/Documents/LPCXpresso_8.2.0/workspace/lpc_chip_15xx/Debug/liblpc_chip_15xx.a(iocon_15xx.o)
 .debug_aranges
                0x00000000000008b8       0x40 /Users/danh/Documents/LPCXpresso_8.2.0/workspace/lpc_chip_15xx/Debug/liblpc_chip_15xx.a(swm_15xx.o)
 .debug_aranges
                0x00000000000008f8       0x50 /Users/danh/Documents/LPCXpresso_8.2.0/workspace/lpc_chip_15xx/Debug/liblpc_chip_15xx.a(sysctl_15xx.o)
 .debug_aranges
                0x0000000000000948       0x58 /Users/danh/Documents/LPCXpresso_8.2.0/workspace/lpc_chip_15xx/Debug/liblpc_chip_15xx.a(sysinit_15xx.o)
 .debug_aranges
                0x00000000000009a0       0xc8 /Users/danh/Documents/LPCXpresso_8.2.0/workspace/lpc_chip_15xx/Debug/liblpc_chip_15xx.a(uart_15xx.o)
 .debug_aranges
                0x0000000000000a68       0x20 /Applications/lpcxpresso_8.2.0_647/lpcxpresso/tools/bin/../lib/gcc/arm-none-eabi/5.3.1/../../../../arm-none-eabi/lib/armv7-m/libcr_newlib_nohost.a(_cr_sbrk.o)
 .debug_aranges
                0x0000000000000a88       0x20 /Applications/lpcxpresso_8.2.0_647/lpcxpresso/tools/bin/../lib/gcc/arm-none-eabi/5.3.1/../../../../arm-none-eabi/lib/armv7-m/libcr_newlib_nohost.a(_cr_check_heap.o)

.debug_ranges   0x0000000000000000      0x950
 .debug_ranges  0x0000000000000000       0x58 ./src/DigitalIoPin.o
 .debug_ranges  0x0000000000000058       0x38 ./src/cr_cpp_config.o
 .debug_ranges  0x0000000000000090       0x70 ./src/cr_startup_lpc15xx.o
 .debug_ranges  0x0000000000000100       0x60 ./src/lab2.o
 .debug_ranges  0x0000000000000160       0x10 ./src/sysinit.o
 .debug_ranges  0x0000000000000170       0x30 ./freertos/src/FreeRTOSCommonHooks.o
 .debug_ranges  0x00000000000001a0       0x18 ./freertos/src/heap_3.o
 .debug_ranges  0x00000000000001b8       0x30 ./freertos/src/list.o
 .debug_ranges  0x00000000000001e8       0x80 ./freertos/src/port.o
 .debug_ranges  0x0000000000000268       0xe0 ./freertos/src/queue.o
 .debug_ranges  0x0000000000000348      0x180 ./freertos/src/tasks.o
 .debug_ranges  0x00000000000004c8       0xd8 /Users/danh/Documents/LPCXpresso_8.2.0/workspace/lpc_board_nxp_lpcxpresso_1549/Debug/liblpc_board_nxp_lpcxpresso_1549.a(board.o)
 .debug_ranges  0x00000000000005a0       0x50 /Users/danh/Documents/LPCXpresso_8.2.0/workspace/lpc_board_nxp_lpcxpresso_1549/Debug/liblpc_board_nxp_lpcxpresso_1549.a(board_sysinit.o)
 .debug_ranges  0x00000000000005f0       0x40 /Users/danh/Documents/LPCXpresso_8.2.0/workspace/lpc_chip_15xx/Debug/liblpc_chip_15xx.a(chip_15xx.o)
 .debug_ranges  0x0000000000000630      0x118 /Users/danh/Documents/LPCXpresso_8.2.0/workspace/lpc_chip_15xx/Debug/liblpc_chip_15xx.a(clock_15xx.o)
 .debug_ranges  0x0000000000000748       0x60 /Users/danh/Documents/LPCXpresso_8.2.0/workspace/lpc_chip_15xx/Debug/liblpc_chip_15xx.a(gpio_15xx.o)
 .debug_ranges  0x00000000000007a8       0x18 /Users/danh/Documents/LPCXpresso_8.2.0/workspace/lpc_chip_15xx/Debug/liblpc_chip_15xx.a(iocon_15xx.o)
 .debug_ranges  0x00000000000007c0       0x30 /Users/danh/Documents/LPCXpresso_8.2.0/workspace/lpc_chip_15xx/Debug/liblpc_chip_15xx.a(swm_15xx.o)
 .debug_ranges  0x00000000000007f0       0x40 /Users/danh/Documents/LPCXpresso_8.2.0/workspace/lpc_chip_15xx/Debug/liblpc_chip_15xx.a(sysctl_15xx.o)
 .debug_ranges  0x0000000000000830       0x48 /Users/danh/Documents/LPCXpresso_8.2.0/workspace/lpc_chip_15xx/Debug/liblpc_chip_15xx.a(sysinit_15xx.o)
 .debug_ranges  0x0000000000000878       0xb8 /Users/danh/Documents/LPCXpresso_8.2.0/workspace/lpc_chip_15xx/Debug/liblpc_chip_15xx.a(uart_15xx.o)
 .debug_ranges  0x0000000000000930       0x10 /Applications/lpcxpresso_8.2.0_647/lpcxpresso/tools/bin/../lib/gcc/arm-none-eabi/5.3.1/../../../../arm-none-eabi/lib/armv7-m/libcr_newlib_nohost.a(_cr_sbrk.o)
 .debug_ranges  0x0000000000000940       0x10 /Applications/lpcxpresso_8.2.0_647/lpcxpresso/tools/bin/../lib/gcc/arm-none-eabi/5.3.1/../../../../arm-none-eabi/lib/armv7-m/libcr_newlib_nohost.a(_cr_check_heap.o)

.debug_macro    0x0000000000000000     0xa1c5
 .debug_macro   0x0000000000000000      0x270 ./src/DigitalIoPin.o
 .debug_macro   0x0000000000000270      0x8aa ./src/DigitalIoPin.o
 .debug_macro   0x0000000000000b1a       0x22 ./src/DigitalIoPin.o
 .debug_macro   0x0000000000000b3c       0x87 ./src/DigitalIoPin.o
 .debug_macro   0x0000000000000bc3       0x44 ./src/DigitalIoPin.o
 .debug_macro   0x0000000000000c07       0xfd ./src/DigitalIoPin.o
 .debug_macro   0x0000000000000d04       0x22 ./src/DigitalIoPin.o
 .debug_macro   0x0000000000000d26      0x1df ./src/DigitalIoPin.o
 .debug_macro   0x0000000000000f05       0x28 ./src/DigitalIoPin.o
 .debug_macro   0x0000000000000f2d       0x7b ./src/DigitalIoPin.o
 .debug_macro   0x0000000000000fa8       0x10 ./src/DigitalIoPin.o
 .debug_macro   0x0000000000000fb8       0x2d ./src/DigitalIoPin.o
 .debug_macro   0x0000000000000fe5       0x3a ./src/DigitalIoPin.o
 .debug_macro   0x000000000000101f       0x2d ./src/DigitalIoPin.o
 .debug_macro   0x000000000000104c      0xa7d ./src/DigitalIoPin.o
 .debug_macro   0x0000000000001ac9      0x1b4 ./src/DigitalIoPin.o
 .debug_macro   0x0000000000001c7d       0xca ./src/DigitalIoPin.o
 .debug_macro   0x0000000000001d47       0x18 ./src/DigitalIoPin.o
 .debug_macro   0x0000000000001d5f       0xb2 ./src/DigitalIoPin.o
 .debug_macro   0x0000000000001e11       0x70 ./src/DigitalIoPin.o
 .debug_macro   0x0000000000001e81       0x46 ./src/DigitalIoPin.o
 .debug_macro   0x0000000000001ec7       0xd0 ./src/DigitalIoPin.o
 .debug_macro   0x0000000000001f97       0x40 ./src/DigitalIoPin.o
 .debug_macro   0x0000000000001fd7      0x233 ./src/DigitalIoPin.o
 .debug_macro   0x000000000000220a       0x16 ./src/DigitalIoPin.o
 .debug_macro   0x0000000000002220       0x88 ./src/DigitalIoPin.o
 .debug_macro   0x00000000000022a8       0x34 ./src/DigitalIoPin.o
 .debug_macro   0x00000000000022dc       0x6a ./src/DigitalIoPin.o
 .debug_macro   0x0000000000002346       0x40 ./src/DigitalIoPin.o
 .debug_macro   0x0000000000002386       0x1c ./src/DigitalIoPin.o
 .debug_macro   0x00000000000023a2       0x16 ./src/DigitalIoPin.o
 .debug_macro   0x00000000000023b8      0x10c ./src/DigitalIoPin.o
 .debug_macro   0x00000000000024c4      0x2a9 ./src/DigitalIoPin.o
 .debug_macro   0x000000000000276d       0x76 ./src/DigitalIoPin.o
 .debug_macro   0x00000000000027e3       0x22 ./src/DigitalIoPin.o
 .debug_macro   0x0000000000002805      0x152 ./src/DigitalIoPin.o
 .debug_macro   0x0000000000002957       0x82 ./src/DigitalIoPin.o
 .debug_macro   0x00000000000029d9       0xe6 ./src/DigitalIoPin.o
 .debug_macro   0x0000000000002abf       0x3a ./src/DigitalIoPin.o
 .debug_macro   0x0000000000002af9       0x34 ./src/DigitalIoPin.o
 .debug_macro   0x0000000000002b2d       0x10 ./src/DigitalIoPin.o
 .debug_macro   0x0000000000002b3d       0x76 ./src/DigitalIoPin.o
 .debug_macro   0x0000000000002bb3       0x58 ./src/DigitalIoPin.o
 .debug_macro   0x0000000000002c0b      0x2ca ./src/DigitalIoPin.o
 .debug_macro   0x0000000000002ed5      0x22b ./src/DigitalIoPin.o
 .debug_macro   0x0000000000003100       0x2e ./src/DigitalIoPin.o
 .debug_macro   0x000000000000312e       0xf1 ./src/cr_cpp_config.o
 .debug_macro   0x000000000000321f       0x4c ./src/cr_cpp_config.o
 .debug_macro   0x000000000000326b       0x8d ./src/cr_cpp_config.o
 .debug_macro   0x00000000000032f8       0x35 ./src/cr_cpp_config.o
 .debug_macro   0x000000000000332d       0x9c ./src/cr_cpp_config.o
 .debug_macro   0x00000000000033c9       0x16 ./src/cr_cpp_config.o
 .debug_macro   0x00000000000033df      0x10e ./src/cr_cpp_config.o
 .debug_macro   0x00000000000034ed       0x86 ./src/cr_cpp_config.o
 .debug_macro   0x0000000000003573       0x4a ./src/cr_cpp_config.o
 .debug_macro   0x00000000000035bd       0x52 ./src/cr_cpp_config.o
 .debug_macro   0x000000000000360f       0x16 ./src/cr_cpp_config.o
 .debug_macro   0x0000000000003625       0x43 ./src/cr_cpp_config.o
 .debug_macro   0x0000000000003668      0x187 ./src/cr_cpp_config.o
 .debug_macro   0x00000000000037ef      0x330 ./src/cr_cpp_config.o
 .debug_macro   0x0000000000003b1f       0x16 ./src/cr_cpp_config.o
 .debug_macro   0x0000000000003b35       0x29 ./src/cr_cpp_config.o
 .debug_macro   0x0000000000003b5e       0x23 ./src/cr_startup_lpc15xx.o
 .debug_macro   0x0000000000003b81      0x42d ./src/lab2.o
 .debug_macro   0x0000000000003fae       0x34 ./src/lab2.o
 .debug_macro   0x0000000000003fe2       0x52 ./src/lab2.o
 .debug_macro   0x0000000000004034       0x16 ./src/lab2.o
 .debug_macro   0x000000000000404a       0x97 ./src/lab2.o
 .debug_macro   0x00000000000040e1       0xf6 ./src/lab2.o
 .debug_macro   0x00000000000041d7       0x10 ./src/lab2.o
 .debug_macro   0x00000000000041e7       0x22 ./src/lab2.o
 .debug_macro   0x0000000000004209       0x3a ./src/lab2.o
 .debug_macro   0x0000000000004243       0x10 ./src/lab2.o
 .debug_macro   0x0000000000004253       0x40 ./src/lab2.o
 .debug_macro   0x0000000000004293       0x6c ./src/lab2.o
 .debug_macro   0x00000000000042ff       0x16 ./src/lab2.o
 .debug_macro   0x0000000000004315      0x182 ./src/lab2.o
 .debug_macro   0x0000000000004497       0x20 ./src/lab2.o
 .debug_macro   0x00000000000044b7       0x40 ./src/lab2.o
 .debug_macro   0x00000000000044f7       0xfa ./src/lab2.o
 .debug_macro   0x00000000000045f1       0xaf ./src/lab2.o
 .debug_macro   0x00000000000046a0       0x12 ./src/lab2.o
 .debug_macro   0x00000000000046b2       0x1f ./src/lab2.o
 .debug_macro   0x00000000000046d1      0x353 ./src/lab2.o
 .debug_macro   0x0000000000004a24       0x79 ./src/lab2.o
 .debug_macro   0x0000000000004a9d       0x69 ./src/lab2.o
 .debug_macro   0x0000000000004b06       0xb0 ./src/lab2.o
 .debug_macro   0x0000000000004bb6       0x7e ./src/lab2.o
 .debug_macro   0x0000000000004c34      0x3a5 ./src/sysinit.o
 .debug_macro   0x0000000000004fd9       0x87 ./src/sysinit.o
 .debug_macro   0x0000000000005060       0x22 ./src/sysinit.o
 .debug_macro   0x0000000000005082      0xa7d ./src/sysinit.o
 .debug_macro   0x0000000000005aff       0x9c ./src/sysinit.o
 .debug_macro   0x0000000000005b9b       0x97 ./src/sysinit.o
 .debug_macro   0x0000000000005c32      0x30d ./src/sysinit.o
 .debug_macro   0x0000000000005f3f       0xfd ./src/sysinit.o
 .debug_macro   0x000000000000603c       0x43 ./src/sysinit.o
 .debug_macro   0x000000000000607f      0x421 ./freertos/src/FreeRTOSCommonHooks.o
 .debug_macro   0x00000000000064a0      0x174 ./freertos/src/FreeRTOSCommonHooks.o
 .debug_macro   0x0000000000006614       0x74 ./freertos/src/FreeRTOSCommonHooks.o
 .debug_macro   0x0000000000006688       0x11 ./freertos/src/FreeRTOSCommonHooks.o
 .debug_macro   0x0000000000006699       0x35 ./freertos/src/FreeRTOSCommonHooks.o
 .debug_macro   0x00000000000066ce       0xf4 ./freertos/src/FreeRTOSCommonHooks.o
 .debug_macro   0x00000000000067c2      0x445 ./freertos/src/heap_3.o
 .debug_macro   0x0000000000006c07      0x42a ./freertos/src/list.o
 .debug_macro   0x0000000000007031      0x4a8 ./freertos/src/port.o
 .debug_macro   0x00000000000074d9      0x49c ./freertos/src/queue.o
 .debug_macro   0x0000000000007975       0x16 ./freertos/src/queue.o
 .debug_macro   0x000000000000798b      0x4df ./freertos/src/tasks.o
 .debug_macro   0x0000000000007e6a       0x16 ./freertos/src/tasks.o
 .debug_macro   0x0000000000007e80      0x3bb /Users/danh/Documents/LPCXpresso_8.2.0/workspace/lpc_board_nxp_lpcxpresso_1549/Debug/liblpc_board_nxp_lpcxpresso_1549.a(board.o)
 .debug_macro   0x000000000000823b      0x88c /Users/danh/Documents/LPCXpresso_8.2.0/workspace/lpc_board_nxp_lpcxpresso_1549/Debug/liblpc_board_nxp_lpcxpresso_1549.a(board.o)
 .debug_macro   0x0000000000008ac7       0x12 /Users/danh/Documents/LPCXpresso_8.2.0/workspace/lpc_board_nxp_lpcxpresso_1549/Debug/liblpc_board_nxp_lpcxpresso_1549.a(board.o)
 .debug_macro   0x0000000000008ad9      0x3c8 /Users/danh/Documents/LPCXpresso_8.2.0/workspace/lpc_board_nxp_lpcxpresso_1549/Debug/liblpc_board_nxp_lpcxpresso_1549.a(board_sysinit.o)
 .debug_macro   0x0000000000008ea1      0x260 /Users/danh/Documents/LPCXpresso_8.2.0/workspace/lpc_chip_15xx/Debug/liblpc_chip_15xx.a(chip_15xx.o)
 .debug_macro   0x0000000000009101      0x260 /Users/danh/Documents/LPCXpresso_8.2.0/workspace/lpc_chip_15xx/Debug/liblpc_chip_15xx.a(clock_15xx.o)
 .debug_macro   0x0000000000009361      0x260 /Users/danh/Documents/LPCXpresso_8.2.0/workspace/lpc_chip_15xx/Debug/liblpc_chip_15xx.a(gpio_15xx.o)
 .debug_macro   0x00000000000095c1      0x260 /Users/danh/Documents/LPCXpresso_8.2.0/workspace/lpc_chip_15xx/Debug/liblpc_chip_15xx.a(iocon_15xx.o)
 .debug_macro   0x0000000000009821      0x26c /Users/danh/Documents/LPCXpresso_8.2.0/workspace/lpc_chip_15xx/Debug/liblpc_chip_15xx.a(swm_15xx.o)
 .debug_macro   0x0000000000009a8d      0x278 /Users/danh/Documents/LPCXpresso_8.2.0/workspace/lpc_chip_15xx/Debug/liblpc_chip_15xx.a(sysctl_15xx.o)
 .debug_macro   0x0000000000009d05      0x260 /Users/danh/Documents/LPCXpresso_8.2.0/workspace/lpc_chip_15xx/Debug/liblpc_chip_15xx.a(sysinit_15xx.o)
 .debug_macro   0x0000000000009f65      0x260 /Users/danh/Documents/LPCXpresso_8.2.0/workspace/lpc_chip_15xx/Debug/liblpc_chip_15xx.a(uart_15xx.o)

.debug_line     0x0000000000000000     0x95b8
 .debug_line    0x0000000000000000      0x60c ./src/DigitalIoPin.o
 .debug_line    0x000000000000060c      0x2b3 ./src/cr_cpp_config.o
 .debug_line    0x00000000000008bf       0xd5 ./src/cr_startup_lpc15xx.o
 .debug_line    0x0000000000000994      0x87a ./src/lab2.o
 .debug_line    0x000000000000120e      0x672 ./src/sysinit.o
 .debug_line    0x0000000000001880      0x7f2 ./freertos/src/FreeRTOSCommonHooks.o
 .debug_line    0x0000000000002072      0x7af ./freertos/src/heap_3.o
 .debug_line    0x0000000000002821      0x7fb ./freertos/src/list.o
 .debug_line    0x000000000000301c      0x8cd ./freertos/src/port.o
 .debug_line    0x00000000000038e9      0xb2b ./freertos/src/queue.o
 .debug_line    0x0000000000004414      0xf7a ./freertos/src/tasks.o
 .debug_line    0x000000000000538e      0x8b1 /Users/danh/Documents/LPCXpresso_8.2.0/workspace/lpc_board_nxp_lpcxpresso_1549/Debug/liblpc_board_nxp_lpcxpresso_1549.a(board.o)
 .debug_line    0x0000000000005c3f      0x76b /Users/danh/Documents/LPCXpresso_8.2.0/workspace/lpc_board_nxp_lpcxpresso_1549/Debug/liblpc_board_nxp_lpcxpresso_1549.a(board_sysinit.o)
 .debug_line    0x00000000000063aa      0x59f /Users/danh/Documents/LPCXpresso_8.2.0/workspace/lpc_chip_15xx/Debug/liblpc_chip_15xx.a(chip_15xx.o)
 .debug_line    0x0000000000006949      0x7f3 /Users/danh/Documents/LPCXpresso_8.2.0/workspace/lpc_chip_15xx/Debug/liblpc_chip_15xx.a(clock_15xx.o)
 .debug_line    0x000000000000713c      0x5f7 /Users/danh/Documents/LPCXpresso_8.2.0/workspace/lpc_chip_15xx/Debug/liblpc_chip_15xx.a(gpio_15xx.o)
 .debug_line    0x0000000000007733      0x53f /Users/danh/Documents/LPCXpresso_8.2.0/workspace/lpc_chip_15xx/Debug/liblpc_chip_15xx.a(iocon_15xx.o)
 .debug_line    0x0000000000007c72      0x56a /Users/danh/Documents/LPCXpresso_8.2.0/workspace/lpc_chip_15xx/Debug/liblpc_chip_15xx.a(swm_15xx.o)
 .debug_line    0x00000000000081dc      0x5a1 /Users/danh/Documents/LPCXpresso_8.2.0/workspace/lpc_chip_15xx/Debug/liblpc_chip_15xx.a(sysctl_15xx.o)
 .debug_line    0x000000000000877d      0x5d4 /Users/danh/Documents/LPCXpresso_8.2.0/workspace/lpc_chip_15xx/Debug/liblpc_chip_15xx.a(sysinit_15xx.o)
 .debug_line    0x0000000000008d51      0x719 /Users/danh/Documents/LPCXpresso_8.2.0/workspace/lpc_chip_15xx/Debug/liblpc_chip_15xx.a(uart_15xx.o)
 .debug_line    0x000000000000946a      0x101 /Applications/lpcxpresso_8.2.0_647/lpcxpresso/tools/bin/../lib/gcc/arm-none-eabi/5.3.1/../../../../arm-none-eabi/lib/armv7-m/libcr_newlib_nohost.a(_cr_sbrk.o)
 .debug_line    0x000000000000956b       0x4d /Applications/lpcxpresso_8.2.0_647/lpcxpresso/tools/bin/../lib/gcc/arm-none-eabi/5.3.1/../../../../arm-none-eabi/lib/armv7-m/libcr_newlib_nohost.a(_cr_check_heap.o)

.debug_str      0x0000000000000000    0x1cb90
 .debug_str     0x0000000000000000    0x10767 ./src/DigitalIoPin.o
                                      0x109b6 (size before relaxing)
 .debug_str     0x0000000000010767     0x2b3d ./src/cr_cpp_config.o
                                       0x54c2 (size before relaxing)
 .debug_str     0x00000000000132a4      0x1de ./src/cr_startup_lpc15xx.o
                                       0x2757 (size before relaxing)
 .debug_str     0x0000000000013482     0x4a88 ./src/lab2.o
                                      0x15e53 (size before relaxing)
 .debug_str     0x0000000000017f0a      0x2fd ./src/sysinit.o
                                      0x12225 (size before relaxing)
 .debug_str     0x0000000000018207       0xf5 ./freertos/src/FreeRTOSCommonHooks.o
                                      0x14a54 (size before relaxing)
 .debug_str     0x00000000000182fc       0x8e ./freertos/src/heap_3.o
                                      0x14abe (size before relaxing)
 .debug_str     0x000000000001838a      0x12d ./freertos/src/list.o
                                      0x147d6 (size before relaxing)
 .debug_str     0x00000000000184b7      0x730 ./freertos/src/port.o
                                      0x152d4 (size before relaxing)
 .debug_str     0x0000000000018be7      0x6ce ./freertos/src/queue.o
                                      0x15e74 (size before relaxing)
 .debug_str     0x00000000000192b5     0x19dd ./freertos/src/tasks.o
                                      0x168c9 (size before relaxing)
 .debug_str     0x000000000001ac92      0x331 /Users/danh/Documents/LPCXpresso_8.2.0/workspace/lpc_board_nxp_lpcxpresso_1549/Debug/liblpc_board_nxp_lpcxpresso_1549.a(board.o)
                                      0x12bfd (size before relaxing)
 .debug_str     0x000000000001afc3      0x7de /Users/danh/Documents/LPCXpresso_8.2.0/workspace/lpc_board_nxp_lpcxpresso_1549/Debug/liblpc_board_nxp_lpcxpresso_1549.a(board_sysinit.o)
                                      0x13207 (size before relaxing)
 .debug_str     0x000000000001b7a1       0xb1 /Users/danh/Documents/LPCXpresso_8.2.0/workspace/lpc_chip_15xx/Debug/liblpc_chip_15xx.a(chip_15xx.o)
                                       0xf369 (size before relaxing)
 .debug_str     0x000000000001b852      0x64e /Users/danh/Documents/LPCXpresso_8.2.0/workspace/lpc_chip_15xx/Debug/liblpc_chip_15xx.a(clock_15xx.o)
                                       0xf774 (size before relaxing)
 .debug_str     0x000000000001bea0       0xd8 /Users/danh/Documents/LPCXpresso_8.2.0/workspace/lpc_chip_15xx/Debug/liblpc_chip_15xx.a(gpio_15xx.o)
                                       0xee16 (size before relaxing)
 .debug_str     0x000000000001bf78       0x41 /Users/danh/Documents/LPCXpresso_8.2.0/workspace/lpc_chip_15xx/Debug/liblpc_chip_15xx.a(iocon_15xx.o)
                                       0xe933 (size before relaxing)
 .debug_str     0x000000000001bfb9      0x55d /Users/danh/Documents/LPCXpresso_8.2.0/workspace/lpc_chip_15xx/Debug/liblpc_chip_15xx.a(swm_15xx.o)
                                       0xf33b (size before relaxing)
 .debug_str     0x000000000001c516      0x183 /Users/danh/Documents/LPCXpresso_8.2.0/workspace/lpc_chip_15xx/Debug/liblpc_chip_15xx.a(sysctl_15xx.o)
                                       0xee21 (size before relaxing)
 .debug_str     0x000000000001c699      0x13f /Users/danh/Documents/LPCXpresso_8.2.0/workspace/lpc_chip_15xx/Debug/liblpc_chip_15xx.a(sysinit_15xx.o)
                                       0xee0f (size before relaxing)
 .debug_str     0x000000000001c7d8      0x20f /Users/danh/Documents/LPCXpresso_8.2.0/workspace/lpc_chip_15xx/Debug/liblpc_chip_15xx.a(uart_15xx.o)
                                       0xef72 (size before relaxing)
 .debug_str     0x000000000001c9e7      0x184 /Applications/lpcxpresso_8.2.0_647/lpcxpresso/tools/bin/../lib/gcc/arm-none-eabi/5.3.1/../../../../arm-none-eabi/lib/armv7-m/libcr_newlib_nohost.a(_cr_sbrk.o)
                                        0x229 (size before relaxing)
 .debug_str     0x000000000001cb6b       0x25 /Applications/lpcxpresso_8.2.0_647/lpcxpresso/tools/bin/../lib/gcc/arm-none-eabi/5.3.1/../../../../arm-none-eabi/lib/armv7-m/libcr_newlib_nohost.a(_cr_check_heap.o)
                                        0x16b (size before relaxing)

.comment        0x0000000000000000       0xdc
 .comment       0x0000000000000000       0x6e ./src/DigitalIoPin.o
                                         0x6f (size before relaxing)
 .comment       0x000000000000006e       0x6f ./src/cr_cpp_config.o
 .comment       0x000000000000006e       0x6f ./src/cr_startup_lpc15xx.o
 .comment       0x000000000000006e       0x6f ./src/lab2.o
 .comment       0x000000000000006e       0x6f ./src/sysinit.o
 .comment       0x000000000000006e       0x6f ./freertos/src/FreeRTOSCommonHooks.o
 .comment       0x000000000000006e       0x6f ./freertos/src/heap_3.o
 .comment       0x000000000000006e       0x6f ./freertos/src/list.o
 .comment       0x000000000000006e       0x6f ./freertos/src/port.o
 .comment       0x000000000000006e       0x6f ./freertos/src/queue.o
 .comment       0x000000000000006e       0x6f ./freertos/src/tasks.o
 .comment       0x000000000000006e       0x6f /Users/danh/Documents/LPCXpresso_8.2.0/workspace/lpc_board_nxp_lpcxpresso_1549/Debug/liblpc_board_nxp_lpcxpresso_1549.a(board.o)
 .comment       0x000000000000006e       0x6f /Users/danh/Documents/LPCXpresso_8.2.0/workspace/lpc_board_nxp_lpcxpresso_1549/Debug/liblpc_board_nxp_lpcxpresso_1549.a(board_sysinit.o)
 .comment       0x000000000000006e       0x6f /Users/danh/Documents/LPCXpresso_8.2.0/workspace/lpc_chip_15xx/Debug/liblpc_chip_15xx.a(chip_15xx.o)
 .comment       0x000000000000006e       0x6f /Users/danh/Documents/LPCXpresso_8.2.0/workspace/lpc_chip_15xx/Debug/liblpc_chip_15xx.a(clock_15xx.o)
 .comment       0x000000000000006e       0x6f /Users/danh/Documents/LPCXpresso_8.2.0/workspace/lpc_chip_15xx/Debug/liblpc_chip_15xx.a(gpio_15xx.o)
 .comment       0x000000000000006e       0x6f /Users/danh/Documents/LPCXpresso_8.2.0/workspace/lpc_chip_15xx/Debug/liblpc_chip_15xx.a(iocon_15xx.o)
 .comment       0x000000000000006e       0x6f /Users/danh/Documents/LPCXpresso_8.2.0/workspace/lpc_chip_15xx/Debug/liblpc_chip_15xx.a(swm_15xx.o)
 .comment       0x000000000000006e       0x6f /Users/danh/Documents/LPCXpresso_8.2.0/workspace/lpc_chip_15xx/Debug/liblpc_chip_15xx.a(sysctl_15xx.o)
 .comment       0x000000000000006e       0x6f /Users/danh/Documents/LPCXpresso_8.2.0/workspace/lpc_chip_15xx/Debug/liblpc_chip_15xx.a(sysinit_15xx.o)
 .comment       0x000000000000006e       0x6f /Users/danh/Documents/LPCXpresso_8.2.0/workspace/lpc_chip_15xx/Debug/liblpc_chip_15xx.a(uart_15xx.o)
 .comment       0x000000000000006e       0x6e /Applications/lpcxpresso_8.2.0_647/lpcxpresso/tools/bin/../lib/gcc/arm-none-eabi/5.3.1/../../../../arm-none-eabi/lib/armv7-m/libcr_newlib_nohost.a(_cr_sbrk.o)
                                         0x6f (size before relaxing)
 .comment       0x00000000000000dc       0x6f /Applications/lpcxpresso_8.2.0_647/lpcxpresso/tools/bin/../lib/gcc/arm-none-eabi/5.3.1/../../../../arm-none-eabi/lib/armv7-m/libcr_newlib_nohost.a(_cr_check_heap.o)

.ARM.attributes
                0x0000000000000000       0x31
 .ARM.attributes
                0x0000000000000000       0x33 ./src/DigitalIoPin.o
 .ARM.attributes
                0x0000000000000033       0x33 ./src/cr_cpp_config.o
 .ARM.attributes
                0x0000000000000066       0x33 ./src/cr_startup_lpc15xx.o
 .ARM.attributes
                0x0000000000000099       0x33 ./src/lab2.o
 .ARM.attributes
                0x00000000000000cc       0x33 ./src/sysinit.o
 .ARM.attributes
                0x00000000000000ff       0x33 ./freertos/src/FreeRTOSCommonHooks.o
 .ARM.attributes
                0x0000000000000132       0x33 ./freertos/src/heap_3.o
 .ARM.attributes
                0x0000000000000165       0x33 ./freertos/src/list.o
 .ARM.attributes
                0x0000000000000198       0x33 ./freertos/src/port.o
 .ARM.attributes
                0x00000000000001cb       0x33 ./freertos/src/queue.o
 .ARM.attributes
                0x00000000000001fe       0x33 ./freertos/src/tasks.o
 .ARM.attributes
                0x0000000000000231       0x33 /Users/danh/Documents/LPCXpresso_8.2.0/workspace/lpc_board_nxp_lpcxpresso_1549/Debug/liblpc_board_nxp_lpcxpresso_1549.a(board.o)
 .ARM.attributes
                0x0000000000000264       0x33 /Users/danh/Documents/LPCXpresso_8.2.0/workspace/lpc_board_nxp_lpcxpresso_1549/Debug/liblpc_board_nxp_lpcxpresso_1549.a(board_sysinit.o)
 .ARM.attributes
                0x0000000000000297       0x33 /Users/danh/Documents/LPCXpresso_8.2.0/workspace/lpc_chip_15xx/Debug/liblpc_chip_15xx.a(chip_15xx.o)
 .ARM.attributes
                0x00000000000002ca       0x33 /Users/danh/Documents/LPCXpresso_8.2.0/workspace/lpc_chip_15xx/Debug/liblpc_chip_15xx.a(clock_15xx.o)
 .ARM.attributes
                0x00000000000002fd       0x33 /Users/danh/Documents/LPCXpresso_8.2.0/workspace/lpc_chip_15xx/Debug/liblpc_chip_15xx.a(gpio_15xx.o)
 .ARM.attributes
                0x0000000000000330       0x33 /Users/danh/Documents/LPCXpresso_8.2.0/workspace/lpc_chip_15xx/Debug/liblpc_chip_15xx.a(iocon_15xx.o)
 .ARM.attributes
                0x0000000000000363       0x33 /Users/danh/Documents/LPCXpresso_8.2.0/workspace/lpc_chip_15xx/Debug/liblpc_chip_15xx.a(swm_15xx.o)
 .ARM.attributes
                0x0000000000000396       0x33 /Users/danh/Documents/LPCXpresso_8.2.0/workspace/lpc_chip_15xx/Debug/liblpc_chip_15xx.a(sysctl_15xx.o)
 .ARM.attributes
                0x00000000000003c9       0x33 /Users/danh/Documents/LPCXpresso_8.2.0/workspace/lpc_chip_15xx/Debug/liblpc_chip_15xx.a(sysinit_15xx.o)
 .ARM.attributes
                0x00000000000003fc       0x33 /Users/danh/Documents/LPCXpresso_8.2.0/workspace/lpc_chip_15xx/Debug/liblpc_chip_15xx.a(uart_15xx.o)
 .ARM.attributes
                0x000000000000042f       0x1d /Applications/lpcxpresso_8.2.0_647/lpcxpresso/tools/bin/../lib/gcc/arm-none-eabi/5.3.1/armv7-m/libgcc.a(_aeabi_uldivmod.o)
 .ARM.attributes
                0x000000000000044c       0x2d /Applications/lpcxpresso_8.2.0_647/lpcxpresso/tools/bin/../lib/gcc/arm-none-eabi/5.3.1/armv7-m/libgcc.a(_udivmoddi4.o)
 .ARM.attributes
                0x0000000000000479       0x1d /Applications/lpcxpresso_8.2.0_647/lpcxpresso/tools/bin/../lib/gcc/arm-none-eabi/5.3.1/armv7-m/libgcc.a(_dvmd_tls.o)
 .ARM.attributes
                0x0000000000000496       0x2d /Applications/lpcxpresso_8.2.0_647/lpcxpresso/tools/bin/../lib/gcc/arm-none-eabi/5.3.1/../../../../arm-none-eabi/lib/armv7-m/libc.a(lib_a-impure.o)
 .ARM.attributes
                0x00000000000004c3       0x2d /Applications/lpcxpresso_8.2.0_647/lpcxpresso/tools/bin/../lib/gcc/arm-none-eabi/5.3.1/../../../../arm-none-eabi/lib/armv7-m/libc.a(lib_a-init.o)
 .ARM.attributes
                0x00000000000004f0       0x2d /Applications/lpcxpresso_8.2.0_647/lpcxpresso/tools/bin/../lib/gcc/arm-none-eabi/5.3.1/../../../../arm-none-eabi/lib/armv7-m/libc.a(lib_a-malloc.o)
 .ARM.attributes
                0x000000000000051d       0x2d /Applications/lpcxpresso_8.2.0_647/lpcxpresso/tools/bin/../lib/gcc/arm-none-eabi/5.3.1/../../../../arm-none-eabi/lib/armv7-m/libc.a(lib_a-mallocr.o)
 .ARM.attributes
                0x000000000000054a       0x1b /Applications/lpcxpresso_8.2.0_647/lpcxpresso/tools/bin/../lib/gcc/arm-none-eabi/5.3.1/../../../../arm-none-eabi/lib/armv7-m/libc.a(lib_a-memcpy.o)
 .ARM.attributes
                0x0000000000000565       0x2d /Applications/lpcxpresso_8.2.0_647/lpcxpresso/tools/bin/../lib/gcc/arm-none-eabi/5.3.1/../../../../arm-none-eabi/lib/armv7-m/libc.a(lib_a-memset.o)
 .ARM.attributes
                0x0000000000000592       0x2d /Applications/lpcxpresso_8.2.0_647/lpcxpresso/tools/bin/../lib/gcc/arm-none-eabi/5.3.1/../../../../arm-none-eabi/lib/armv7-m/libc.a(lib_a-mlock.o)
 .ARM.attributes
                0x00000000000005bf       0x2d /Applications/lpcxpresso_8.2.0_647/lpcxpresso/tools/bin/../lib/gcc/arm-none-eabi/5.3.1/../../../../arm-none-eabi/lib/armv7-m/libc.a(lib_a-reent.o)
 .ARM.attributes
                0x00000000000005ec       0x2d /Applications/lpcxpresso_8.2.0_647/lpcxpresso/tools/bin/../lib/gcc/arm-none-eabi/5.3.1/../../../../arm-none-eabi/lib/armv7-m/libc.a(lib_a-sbrkr.o)
 .ARM.attributes
                0x0000000000000619       0x2d /Applications/lpcxpresso_8.2.0_647/lpcxpresso/tools/bin/../lib/gcc/arm-none-eabi/5.3.1/../../../../arm-none-eabi/lib/armv7-m/libc.a(lib_a-freer.o)
 .ARM.attributes
                0x0000000000000646       0x33 /Applications/lpcxpresso_8.2.0_647/lpcxpresso/tools/bin/../lib/gcc/arm-none-eabi/5.3.1/../../../../arm-none-eabi/lib/armv7-m/libcr_newlib_nohost.a(_cr_sbrk.o)
 .ARM.attributes
                0x0000000000000679       0x33 /Applications/lpcxpresso_8.2.0_647/lpcxpresso/tools/bin/../lib/gcc/arm-none-eabi/5.3.1/../../../../arm-none-eabi/lib/armv7-m/libcr_newlib_nohost.a(_cr_check_heap.o)
 .ARM.attributes
                0x00000000000006ac       0x1d /Applications/lpcxpresso_8.2.0_647/lpcxpresso/tools/bin/../lib/gcc/arm-none-eabi/5.3.1/armv7-m/crti.o
 .ARM.attributes
                0x00000000000006c9       0x1d /Applications/lpcxpresso_8.2.0_647/lpcxpresso/tools/bin/../lib/gcc/arm-none-eabi/5.3.1/armv7-m/crtn.o
 .ARM.attributes
                0x00000000000006e6       0x2d /Applications/lpcxpresso_8.2.0_647/lpcxpresso/tools/bin/../lib/gcc/arm-none-eabi/5.3.1/armv7-m/crtbegin.o
 .ARM.attributes
                0x0000000000000713       0x2d /Applications/lpcxpresso_8.2.0_647/lpcxpresso/tools/bin/../lib/gcc/arm-none-eabi/5.3.1/../../../../arm-none-eabi/lib/armv7-m/libc.a(lib_a-errno.o)

.debug_frame    0x0000000000000000     0x298c
 .debug_frame   0x0000000000000000      0x18c ./src/DigitalIoPin.o
 .debug_frame   0x000000000000018c       0xe0 ./src/cr_cpp_config.o
 .debug_frame   0x000000000000026c      0x170 ./src/cr_startup_lpc15xx.o
 .debug_frame   0x00000000000003dc      0x180 ./src/lab2.o
 .debug_frame   0x000000000000055c       0x2c ./src/sysinit.o
 .debug_frame   0x0000000000000588       0xb0 ./freertos/src/FreeRTOSCommonHooks.o
 .debug_frame   0x0000000000000638       0x58 ./freertos/src/heap_3.o
 .debug_frame   0x0000000000000690       0xd8 ./freertos/src/list.o
 .debug_frame   0x0000000000000768      0x198 ./freertos/src/port.o